<html>
<body>
<pre>
<h1>µVision Build Log</h1>
<h2>Project:</h2>
C:\Keil\ValvanoWareTM4C123\EE-445L-Labs\Lab2-PMF\ADCSWTrigger.uvproj
Project File Date:  10/09/2016

<h2>Output:</h2>
Build target 'ADCSWTrigger'
assembling startup.s...
compiling ADCSWTrigger.c...
compiling PLL.c...
compiling fixed.c...
compiling ST7735.c...
compiling TestPmf.c...
TestPmf.c(183): warning:  #177-D: function "initAll" was declared but never referenced
  static void initAll() {
TestPmf.c: 1 warning, 0 errors
linking...
Program Size: Code=3608 RO-data=2052 RW-data=76 ZI-data=21516  
".\ADCSWTrigger.axf" - 0 Error(s), 1 Warning(s).
</pre>
</body>
</html>
