ARM Linker, 5.03 [Build 76] [MDK-ARM Lite]

==============================================================================

Section Cross References

    startup.o(RESET) refers to startup.o(STACK) for StackMem
    startup.o(RESET) refers to uart.o(i.UART0_Handler) for UART0_Handler
    startup.o(RESET) refers to esp8266.o(i.UART1_Handler) for UART1_Handler
    startup.o(RESET) refers to entry.o(.ARM.Collect$$$$00000000) for __main
    main.o(i.main) refers to startup.o(.text) for DisableInterrupts
    main.o(i.main) refers to pll.o(i.PLL_Init) for PLL_Init
    main.o(i.main) refers to led.o(i.LED_Init) for LED_Init
    main.o(i.main) refers to uart.o(i.Output_Init) for Output_Init
    main.o(i.main) refers to printf3.o(i.__0printf$3) for __2printf
    main.o(i.main) refers to st7735.o(i.ST7735_InitR) for ST7735_InitR
    main.o(i.main) refers to esp8266.o(i.Trevor_ESPTest) for Trevor_ESPTest
    main.o(i.main) refers to esp8266.o(i.ESP8266_Init) for ESP8266_Init
    main.o(i.main) refers to esp8266.o(i.ESP8266_GetVersionNumber) for ESP8266_GetVersionNumber
    main.o(i.main) refers to esp8266.o(i.ESP8266_GetStatus) for ESP8266_GetStatus
    main.o(i.main) refers to esp8266.o(i.ESP8266_MakeTCPConnection) for ESP8266_MakeTCPConnection
    main.o(i.main) refers to led.o(i.LED_GreenOn) for LED_GreenOn
    main.o(i.main) refers to esp8266.o(i.ESP8266_SendTCP) for ESP8266_SendTCP
    main.o(i.main) refers to esp8266.o(i.ESP8266_CloseTCPConnection) for ESP8266_CloseTCPConnection
    main.o(i.main) refers to led.o(i.Board_Input) for Board_Input
    main.o(i.main) refers to led.o(i.LED_GreenOff) for LED_GreenOff
    main.o(i.main) refers to led.o(i.LED_RedToggle) for LED_RedToggle
    main.o(i.main) refers to main.o(.data) for Fetch
    main.o(i.main2) refers to startup.o(.text) for DisableInterrupts
    main.o(i.main2) refers to pll.o(i.PLL_Init) for PLL_Init
    main.o(i.main2) refers to led.o(i.LED_Init) for LED_Init
    main.o(i.main2) refers to uart.o(i.Output_Init) for Output_Init
    main.o(i.main2) refers to printf3.o(i.__0printf$3) for __2printf
    main.o(i.main2) refers to esp8266.o(i.ESP8266_InitUART) for ESP8266_InitUART
    main.o(i.main2) refers to esp8266.o(i.ESP8266_EnableRXInterrupt) for ESP8266_EnableRXInterrupt
    main.o(i.main2) refers to esp8266.o(i.ESP8266SendCommand) for ESP8266SendCommand
    main.o(i.main2) refers to uart.o(i.UART_InChar) for UART_InChar
    main.o(i.main2) refers to uart.o(i.UART_InCharNonBlock) for UART_InCharNonBlock
    main.o(i.main2) refers to uart.o(i.UART_OutChar) for UART_OutChar
    esp8266.o(i.DelayMsSearching) refers to esp8266.o(.data) for SearchFound
    esp8266.o(i.ESP8266FIFOtoBuffer) refers to uart.o(i.UART_OutCharNonBlock) for UART_OutCharNonBlock
    esp8266.o(i.ESP8266FIFOtoBuffer) refers to esp8266.o(i.SearchCheck) for SearchCheck
    esp8266.o(i.ESP8266FIFOtoBuffer) refers to esp8266.o(i.ServerResponseSearchCheck) for ServerResponseSearchCheck
    esp8266.o(i.ESP8266FIFOtoBuffer) refers to esp8266.o(i.ESP8266ProcessInput) for ESP8266ProcessInput
    esp8266.o(i.ESP8266FIFOtoBuffer) refers to esp8266.o(.data) for ESP8266_EchoResponse
    esp8266.o(i.ESP8266FIFOtoBuffer) refers to esp8266.o(.bss) for RXBuffer
    esp8266.o(i.ESP8266ProcessInput) refers to st7735.o(i.ST7735_SetCursor) for ST7735_SetCursor
    esp8266.o(i.ESP8266ProcessInput) refers to st7735.o(i.ST7735_OutString) for ST7735_OutString
    esp8266.o(i.ESP8266SendCommand) refers to esp8266.o(i.ESP8266_PrintChar) for ESP8266_PrintChar
    esp8266.o(i.ESP8266_CloseTCPConnection) refers to esp8266.o(i.SearchStart) for SearchStart
    esp8266.o(i.ESP8266_CloseTCPConnection) refers to esp8266.o(i.ESP8266SendCommand) for ESP8266SendCommand
    esp8266.o(i.ESP8266_CloseTCPConnection) refers to esp8266.o(i.DelayMsSearching) for DelayMsSearching
    esp8266.o(i.ESP8266_CloseTCPConnection) refers to esp8266.o(.data) for SearchFound
    esp8266.o(i.ESP8266_ConfigureAccessPoint) refers to esp8266.o(i.SearchStart) for SearchStart
    esp8266.o(i.ESP8266_ConfigureAccessPoint) refers to printf3.o(i.__0sprintf$3) for __2sprintf
    esp8266.o(i.ESP8266_ConfigureAccessPoint) refers to esp8266.o(i.ESP8266SendCommand) for ESP8266SendCommand
    esp8266.o(i.ESP8266_ConfigureAccessPoint) refers to esp8266.o(i.DelayMsSearching) for DelayMsSearching
    esp8266.o(i.ESP8266_ConfigureAccessPoint) refers to esp8266.o(.bss) for TXBuffer
    esp8266.o(i.ESP8266_ConfigureAccessPoint) refers to esp8266.o(.data) for SearchFound
    esp8266.o(i.ESP8266_DisableServer) refers to esp8266.o(i.SearchStart) for SearchStart
    esp8266.o(i.ESP8266_DisableServer) refers to printf3.o(i.__0sprintf$3) for __2sprintf
    esp8266.o(i.ESP8266_DisableServer) refers to esp8266.o(i.ESP8266SendCommand) for ESP8266SendCommand
    esp8266.o(i.ESP8266_DisableServer) refers to esp8266.o(i.DelayMsSearching) for DelayMsSearching
[...]
    uart.o(i.RxFifo_Put) refers to uart.o(.bss) for RxFifo
    uart.o(i.RxFifo_Size) refers to uart.o(.data) for RxPutI
    uart.o(i.TxFifo_Get) refers to uart.o(.data) for TxPutI
    uart.o(i.TxFifo_Get) refers to uart.o(.bss) for TxFifo
    uart.o(i.TxFifo_Init) refers to startup.o(.text) for StartCritical
    uart.o(i.TxFifo_Init) refers to uart.o(.data) for TxGetI
    uart.o(i.TxFifo_Put) refers to uart.o(.data) for TxPutI
    uart.o(i.TxFifo_Put) refers to uart.o(.bss) for TxFifo
    uart.o(i.TxFifo_Size) refers to uart.o(.data) for TxPutI
    uart.o(i.UART0_Handler) refers to uart.o(i.copySoftwareToHardware) for copySoftwareToHardware
    uart.o(i.UART0_Handler) refers to uart.o(i.TxFifo_Size) for TxFifo_Size
    uart.o(i.UART0_Handler) refers to uart.o(i.copyHardwareToSoftware) for copyHardwareToSoftware
    uart.o(i.UART_InChar) refers to uart.o(i.RxFifo_Get) for RxFifo_Get
    uart.o(i.UART_InCharNonBlock) refers to uart.o(i.RxFifo_Get) for RxFifo_Get
    uart.o(i.UART_InString) refers to uart.o(i.UART_InChar) for UART_InChar
    uart.o(i.UART_InString) refers to uart.o(i.UART_OutChar) for UART_OutChar
    uart.o(i.UART_InUDec) refers to uart.o(i.UART_InChar) for UART_InChar
    uart.o(i.UART_InUDec) refers to uart.o(i.UART_OutChar) for UART_OutChar
    uart.o(i.UART_InUHex) refers to uart.o(i.UART_InChar) for UART_InChar
    uart.o(i.UART_InUHex) refers to uart.o(i.UART_OutChar) for UART_OutChar
    uart.o(i.UART_Init) refers to uart.o(i.RxFifo_Init) for RxFifo_Init
    uart.o(i.UART_Init) refers to uart.o(i.TxFifo_Init) for TxFifo_Init
    uart.o(i.UART_OutChar) refers to uart.o(i.TxFifo_Put) for TxFifo_Put
    uart.o(i.UART_OutChar) refers to uart.o(i.copySoftwareToHardware) for copySoftwareToHardware
    uart.o(i.UART_OutCharNonBlock) refers to uart.o(i.TxFifo_Put) for TxFifo_Put
    uart.o(i.UART_OutCharNonBlock) refers to uart.o(i.copySoftwareToHardware) for copySoftwareToHardware
    uart.o(i.UART_OutString) refers to uart.o(i.UART_OutChar) for UART_OutChar
    uart.o(i.UART_OutUDec) refers to uart.o(i.UART_OutChar) for UART_OutChar
    uart.o(i.UART_OutUHex) refers to uart.o(i.UART_OutChar) for UART_OutChar
    uart.o(i.copyHardwareToSoftware) refers to uart.o(i.RxFifo_Put) for RxFifo_Put
    uart.o(i.copyHardwareToSoftware) refers to uart.o(i.RxFifo_Size) for RxFifo_Size
    uart.o(i.copySoftwareToHardware) refers to uart.o(i.TxFifo_Get) for TxFifo_Get
    uart.o(i.copySoftwareToHardware) refers to uart.o(i.TxFifo_Size) for TxFifo_Size
    uart.o(i.fputc) refers to uart.o(i.UART_OutChar) for UART_OutChar
    st7735.o(i.Output_Clear) refers to st7735.o(i.ST7735_FillScreen) for ST7735_FillScreen
    st7735.o(i.Output_Color) refers to st7735.o(i.ST7735_SetTextColor) for ST7735_SetTextColor
    st7735.o(i.Output_Off) refers to st7735.o(i.Output_Clear) for Output_Clear
    st7735.o(i.Output_On) refers to st7735.o(i.ST7735_Output_Init) for ST7735_Output_Init
    st7735.o(i.ST7735_DrawBitmap) refers to st7735.o(i.setAddrWindow) for setAddrWindow
    st7735.o(i.ST7735_DrawBitmap) refers to st7735.o(i.writedata) for writedata
    st7735.o(i.ST7735_DrawBitmap) refers to st7735.o(.data) for _width
    st7735.o(i.ST7735_DrawChar) refers to st7735.o(i.setAddrWindow) for setAddrWindow
    st7735.o(i.ST7735_DrawChar) refers to st7735.o(i.pushColor) for pushColor
    st7735.o(i.ST7735_DrawChar) refers to st7735.o(.data) for _width
    st7735.o(i.ST7735_DrawChar) refers to st7735.o(.constdata) for Font
    st7735.o(i.ST7735_DrawCharS) refers to st7735.o(i.ST7735_DrawPixel) for ST7735_DrawPixel
    st7735.o(i.ST7735_DrawCharS) refers to st7735.o(i.ST7735_FillRect) for ST7735_FillRect
    st7735.o(i.ST7735_DrawCharS) refers to st7735.o(.data) for _width
    st7735.o(i.ST7735_DrawCharS) refers to st7735.o(.constdata) for Font
    st7735.o(i.ST7735_DrawFastHLine) refers to st7735.o(i.setAddrWindow) for setAddrWindow
    st7735.o(i.ST7735_DrawFastHLine) refers to st7735.o(i.writedata) for writedata
    st7735.o(i.ST7735_DrawFastHLine) refers to st7735.o(.data) for _width
    st7735.o(i.ST7735_DrawFastVLine) refers to st7735.o(i.setAddrWindow) for setAddrWindow
    st7735.o(i.ST7735_DrawFastVLine) refers to st7735.o(i.writedata) for writedata
    st7735.o(i.ST7735_DrawFastVLine) refers to st7735.o(.data) for _width
    st7735.o(i.ST7735_DrawPixel) refers to st7735.o(i.setAddrWindow) for setAddrWindow
    st7735.o(i.ST7735_DrawPixel) refers to st7735.o(i.pushColor) for pushColor
    st7735.o(i.ST7735_DrawPixel) refers to st7735.o(.data) for _width
    st7735.o(i.ST7735_DrawString) refers to st7735.o(i.ST7735_DrawCharS) for ST7735_DrawCharS
    st7735.o(i.ST7735_FillRect) refers to st7735.o(i.setAddrWindow) for setAddrWindow
    st7735.o(i.ST7735_FillRect) refers to st7735.o(i.writedata) for writedata
    st7735.o(i.ST7735_FillRect) refers to st7735.o(.data) for _width
    st7735.o(i.ST7735_FillScreen) refers to st7735.o(i.ST7735_FillRect) for ST7735_FillRect
    st7735.o(i.ST7735_FillScreen) refers to st7735.o(.data) for _height
    st7735.o(i.ST7735_InitB) refers to st7735.o(i.commonInit) for commonInit
    st7735.o(i.ST7735_InitB) refers to st7735.o(i.ST7735_SetCursor) for ST7735_SetCursor
    st7735.o(i.ST7735_InitB) refers to st7735.o(i.ST7735_FillScreen) for ST7735_FillScreen
    st7735.o(i.ST7735_InitB) refers to st7735.o(.constdata) for Bcmd
    st7735.o(i.ST7735_InitB) refers to st7735.o(.data) for StTextColor
    st7735.o(i.ST7735_InitR) refers to st7735.o(i.commonInit) for commonInit
    st7735.o(i.ST7735_InitR) refers to st7735.o(i.commandList) for commandList
    st7735.o(i.ST7735_InitR) refers to st7735.o(i.writecommand) for writecommand
    st7735.o(i.ST7735_InitR) refers to st7735.o(i.writedata) for writedata
    st7735.o(i.ST7735_InitR) refers to st7735.o(i.ST7735_SetCursor) for ST7735_SetCursor
    st7735.o(i.ST7735_InitR) refers to st7735.o(i.ST7735_FillScreen) for ST7735_FillScreen
    st7735.o(i.ST7735_InitR) refers to st7735.o(.constdata) for Rcmd1
    st7735.o(i.ST7735_InitR) refers to st7735.o(.data) for ColStart
    st7735.o(i.ST7735_InvertDisplay) refers to st7735.o(i.writecommand) for writecommand
    st7735.o(i.ST7735_OutChar) refers to st7735.o(i.ST7735_DrawString) for ST7735_DrawString
    st7735.o(i.ST7735_OutChar) refers to st7735.o(i.ST7735_DrawCharS) for ST7735_DrawCharS
    st7735.o(i.ST7735_OutChar) refers to st7735.o(.data) for StY
    st7735.o(i.ST7735_OutString) refers to st7735.o(i.ST7735_OutChar) for ST7735_OutChar
    st7735.o(i.ST7735_OutUDec) refers to st7735.o(i.fillmessage) for fillmessage
    st7735.o(i.ST7735_OutUDec) refers to st7735.o(i.ST7735_DrawString) for ST7735_DrawString
    st7735.o(i.ST7735_OutUDec) refers to st7735.o(i.ST7735_DrawCharS) for ST7735_DrawCharS
    st7735.o(i.ST7735_OutUDec) refers to st7735.o(.data) for Messageindex
    st7735.o(i.ST7735_OutUDec) refers to st7735.o(.bss) for Message
    st7735.o(i.ST7735_Output_Init) refers to st7735.o(i.ST7735_InitR) for ST7735_InitR
    st7735.o(i.ST7735_Output_Init) refers to st7735.o(i.ST7735_FillScreen) for ST7735_FillScreen
    st7735.o(i.ST7735_PlotBar) refers to st7735.o(i.ST7735_DrawFastVLine) for ST7735_DrawFastVLine
    st7735.o(i.ST7735_PlotBar) refers to st7735.o(.data) for Ymin
    st7735.o(i.ST7735_PlotClear) refers to st7735.o(i.ST7735_Color565) for ST7735_Color565
    st7735.o(i.ST7735_PlotClear) refers to st7735.o(i.ST7735_FillRect) for ST7735_FillRect
    st7735.o(i.ST7735_PlotClear) refers to st7735.o(.data) for Ymax
    st7735.o(i.ST7735_PlotLine) refers to st7735.o(i.ST7735_DrawPixel) for ST7735_DrawPixel
    st7735.o(i.ST7735_PlotLine) refers to st7735.o(.data) for Ymin
    st7735.o(i.ST7735_PlotNext) refers to st7735.o(.data) for X
    st7735.o(i.ST7735_PlotNextErase) refers to st7735.o(i.ST7735_Color565) for ST7735_Color565
    st7735.o(i.ST7735_PlotNextErase) refers to st7735.o(i.ST7735_DrawFastVLine) for ST7735_DrawFastVLine
    st7735.o(i.ST7735_PlotNextErase) refers to st7735.o(.data) for X
    st7735.o(i.ST7735_PlotPoint) refers to st7735.o(i.ST7735_DrawPixel) for ST7735_DrawPixel
    st7735.o(i.ST7735_PlotPoint) refers to st7735.o(.data) for Ymin
    st7735.o(i.ST7735_PlotPoints) refers to st7735.o(i.ST7735_DrawPixel) for ST7735_DrawPixel
    st7735.o(i.ST7735_PlotPoints) refers to st7735.o(.data) for Ymin
    st7735.o(i.ST7735_PlotdBfs) refers to st7735.o(i.ST7735_DrawFastVLine) for ST7735_DrawFastVLine
    st7735.o(i.ST7735_PlotdBfs) refers to st7735.o(.constdata) for dBfs
    st7735.o(i.ST7735_PlotdBfs) refers to st7735.o(.data) for X
    st7735.o(i.ST7735_SetCursor) refers to st7735.o(.data) for StX
    st7735.o(i.ST7735_SetRotation) refers to st7735.o(i.writecommand) for writecommand
    st7735.o(i.ST7735_SetRotation) refers to st7735.o(i.writedata) for writedata
    st7735.o(i.ST7735_SetRotation) refers to st7735.o(.data) for Rotation
    st7735.o(i.ST7735_SetTextColor) refers to st7735.o(.data) for StTextColor
    st7735.o(i.commandList) refers to st7735.o(i.writecommand) for writecommand
    st7735.o(i.commandList) refers to st7735.o(i.writedata) for writedata
    st7735.o(i.commandList) refers to st7735.o(i.Delay1ms) for Delay1ms
    st7735.o(i.commonInit) refers to st7735.o(i.Delay1ms) for Delay1ms
    st7735.o(i.commonInit) refers to st7735.o(i.commandList) for commandList
    st7735.o(i.commonInit) refers to st7735.o(.data) for RowStart
    st7735.o(i.fillmessage) refers to st7735.o(.bss) for Message
    st7735.o(i.fillmessage) refers to st7735.o(.data) for Messageindex
    st7735.o(i.pushColor) refers to st7735.o(i.writedata) for writedata
    st7735.o(i.setAddrWindow) refers to st7735.o(i.writecommand) for writecommand
    st7735.o(i.setAddrWindow) refers to st7735.o(i.writedata) for writedata
    st7735.o(i.setAddrWindow) refers to st7735.o(.data) for ColStart
    entry.o(.ARM.Collect$$$$00000000) refers (Special) to entry10a.o(.ARM.Collect$$$$0000000D) for __rt_final_cpp
    entry.o(.ARM.Collect$$$$00000000) refers (Special) to entry11a.o(.ARM.Collect$$$$0000000F) for __rt_final_exit
    entry.o(.ARM.Collect$$$$00000000) refers (Special) to entry7b.o(.ARM.Collect$$$$00000008) for _main_clock
    entry.o(.ARM.Collect$$$$00000000) refers (Special) to entry8b.o(.ARM.Collect$$$$0000000A) for _main_cpp_init
    entry.o(.ARM.Collect$$$$00000000) refers (Special) to entry9a.o(.ARM.Collect$$$$0000000B) for _main_init
    entry.o(.ARM.Collect$$$$00000000) refers (Special) to entry5.o(.ARM.Collect$$$$00000004) for _main_scatterload
    entry.o(.ARM.Collect$$$$00000000) refers (Special) to entry2.o(.ARM.Collect$$$$00000001) for _main_stk
    printfb.o(i.__0fprintf$bare) refers to printfb.o(i._printf_core) for _printf_core
    printfb.o(i.__0fprintf$bare) refers to uart.o(i.fputc) for fputc
    printfb.o(i.__0printf$bare) refers to printfb.o(i._printf_core) for _printf_core
    printfb.o(i.__0printf$bare) refers to uart.o(i.fputc) for fputc
    printfb.o(i.__0printf$bare) refers to stdout.o(.data) for __stdout
    printfb.o(i.__0snprintf$bare) refers to printfb.o(i._printf_core) for _printf_core
    printfb.o(i.__0snprintf$bare) refers to printfb.o(i._snputc) for _snputc
    printfb.o(i.__0sprintf$bare) refers to printfb.o(i._printf_core) for _printf_core
    printfb.o(i.__0sprintf$bare) refers to printfb.o(i._sputc) for _sputc
    printfb.o(i.__0vfprintf$bare) refers to printfb.o(i._printf_core) for _printf_core
    printfb.o(i.__0vfprintf$bare) refers to uart.o(i.fputc) for fputc
    printfb.o(i.__0vprintf$bare) refers to printfb.o(i._printf_core) for _printf_core
    printfb.o(i.__0vprintf$bare) refers to uart.o(i.fputc) for fputc
    printfb.o(i.__0vprintf$bare) refers to stdout.o(.data) for __stdout
    printfb.o(i.__0vsnprintf$bare) refers to printfb.o(i._printf_core) for _printf_core
    printfb.o(i.__0vsnprintf$bare) refers to printfb.o(i._snputc) for _snputc
    printfb.o(i.__0vsprintf$bare) refers to printfb.o(i._printf_core) for _printf_core
    printfb.o(i.__0vsprintf$bare) refers to printfb.o(i._sputc) for _sputc
    printf0.o(i.__0fprintf$0) refers to printf0.o(i._printf_core) for _printf_core
    printf0.o(i.__0fprintf$0) refers to uart.o(i.fputc) for fputc
    printf0.o(i.__0printf$0) refers to printf0.o(i._printf_core) for _printf_core
    printf0.o(i.__0printf$0) refers to uart.o(i.fputc) for fputc
    printf0.o(i.__0printf$0) refers to stdout.o(.data) for __stdout
    printf0.o(i.__0snprintf$0) refers to printf0.o(i._printf_core) for _printf_core
    printf0.o(i.__0snprintf$0) refers to printf0.o(i._snputc) for _snputc
    printf0.o(i.__0sprintf$0) refers to printf0.o(i._printf_core) for _printf_core
    printf0.o(i.__0sprintf$0) refers to printf0.o(i._sputc) for _sputc
    printf0.o(i.__0vfprintf$0) refers to printf0.o(i._printf_core) for _printf_core
    printf0.o(i.__0vfprintf$0) refers to uart.o(i.fputc) for fputc
    printf0.o(i.__0vprintf$0) refers to printf0.o(i._printf_core) for _printf_core
    printf0.o(i.__0vprintf$0) refers to uart.o(i.fputc) for fputc
    printf0.o(i.__0vprintf$0) refers to stdout.o(.data) for __stdout
    printf0.o(i.__0vsnprintf$0) refers to printf0.o(i._printf_core) for _printf_core
    printf0.o(i.__0vsnprintf$0) refers to printf0.o(i._snputc) for _snputc
    printf0.o(i.__0vsprintf$0) refers to printf0.o(i._printf_core) for _printf_core
    printf0.o(i.__0vsprintf$0) refers to printf0.o(i._sputc) for _sputc
    printf1.o(i.__0fprintf$1) refers to printf1.o(i._printf_core) for _printf_core
    printf1.o(i.__0fprintf$1) refers to uart.o(i.fputc) for fputc
    printf1.o(i.__0printf$1) refers to printf1.o(i._printf_core) for _printf_core
    printf1.o(i.__0printf$1) refers to uart.o(i.fputc) for fputc
    printf1.o(i.__0printf$1) refers to stdout.o(.data) for __stdout
    printf1.o(i.__0snprintf$1) refers to printf1.o(i._printf_core) for _printf_core
    printf1.o(i.__0snprintf$1) refers to printf1.o(i._snputc) for _snputc
    printf1.o(i.__0sprintf$1) refers to printf1.o(i._printf_core) for _printf_core
    printf1.o(i.__0sprintf$1) refers to printf1.o(i._sputc) for _sputc
    printf1.o(i.__0vfprintf$1) refers to printf1.o(i._printf_core) for _printf_core
    printf1.o(i.__0vfprintf$1) refers to uart.o(i.fputc) for fputc
    printf1.o(i.__0vprintf$1) refers to printf1.o(i._printf_core) for _printf_core
    printf1.o(i.__0vprintf$1) refers to uart.o(i.fputc) for fputc
    printf1.o(i.__0vprintf$1) refers to stdout.o(.data) for __stdout
    printf1.o(i.__0vsnprintf$1) refers to printf1.o(i._printf_core) for _printf_core
    printf1.o(i.__0vsnprintf$1) refers to printf1.o(i._snputc) for _snputc
    printf1.o(i.__0vsprintf$1) refers to printf1.o(i._printf_core) for _printf_core
    printf1.o(i.__0vsprintf$1) refers to printf1.o(i._sputc) for _sputc
    printf1.o(i._printf_core) refers to uidiv.o(.text) for __aeabi_uidivmod
    printf2.o(i.__0fprintf$2) refers to printf2.o(i._printf_core) for _printf_core
    printf2.o(i.__0fprintf$2) refers to uart.o(i.fputc) for fputc
    printf2.o(i.__0printf$2) refers to printf2.o(i._printf_core) for _printf_core
    printf2.o(i.__0printf$2) refers to uart.o(i.fputc) for fputc
    printf2.o(i.__0printf$2) refers to stdout.o(.data) for __stdout
    printf2.o(i.__0snprintf$2) refers to printf2.o(i._printf_core) for _printf_core
    printf2.o(i.__0snprintf$2) refers to printf2.o(i._snputc) for _snputc
    printf2.o(i.__0sprintf$2) refers to printf2.o(i._printf_core) for _printf_core
    printf2.o(i.__0sprintf$2) refers to printf2.o(i._sputc) for _sputc
    printf2.o(i.__0vfprintf$2) refers to printf2.o(i._printf_core) for _printf_core
    printf2.o(i.__0vfprintf$2) refers to uart.o(i.fputc) for fputc
    printf2.o(i.__0vprintf$2) refers to printf2.o(i._printf_core) for _printf_core
    printf2.o(i.__0vprintf$2) refers to uart.o(i.fputc) for fputc
    printf2.o(i.__0vprintf$2) refers to stdout.o(.data) for __stdout
    printf2.o(i.__0vsnprintf$2) refers to printf2.o(i._printf_core) for _printf_core
    printf2.o(i.__0vsnprintf$2) refers to printf2.o(i._snputc) for _snputc
    printf2.o(i.__0vsprintf$2) refers to printf2.o(i._printf_core) for _printf_core
    printf2.o(i.__0vsprintf$2) refers to printf2.o(i._sputc) for _sputc
    printf3.o(i.__0fprintf$3) refers to printf3.o(i._printf_core) for _printf_core
    printf3.o(i.__0fprintf$3) refers to uart.o(i.fputc) for fputc
    printf3.o(i.__0printf$3) refers to printf3.o(i._printf_core) for _printf_core
    printf3.o(i.__0printf$3) refers to uart.o(i.fputc) for fputc
    printf3.o(i.__0printf$3) refers to stdout.o(.data) for __stdout
    printf3.o(i.__0snprintf$3) refers to printf3.o(i._printf_core) for _printf_core
    printf3.o(i.__0snprintf$3) refers to printf3.o(i._snputc) for _snputc
    printf3.o(i.__0sprintf$3) refers to printf3.o(i._printf_core) for _printf_core
    printf3.o(i.__0sprintf$3) refers to printf3.o(i._sputc) for _sputc
    printf3.o(i.__0vfprintf$3) refers to printf3.o(i._printf_core) for _printf_core
    printf3.o(i.__0vfprintf$3) refers to uart.o(i.fputc) for fputc
    printf3.o(i.__0vprintf$3) refers to printf3.o(i._printf_core) for _printf_core
    printf3.o(i.__0vprintf$3) refers to uart.o(i.fputc) for fputc
    printf3.o(i.__0vprintf$3) refers to stdout.o(.data) for __stdout
    printf3.o(i.__0vsnprintf$3) refers to printf3.o(i._printf_core) for _printf_core
    printf3.o(i.__0vsnprintf$3) refers to printf3.o(i._snputc) for _snputc
    printf3.o(i.__0vsprintf$3) refers to printf3.o(i._printf_core) for _printf_core
    printf3.o(i.__0vsprintf$3) refers to printf3.o(i._sputc) for _sputc
    printf3.o(i._printf_core) refers to uidiv.o(.text) for __aeabi_uidivmod
    printf4.o(i.__0fprintf$4) refers to printf4.o(i._printf_core) for _printf_core
    printf4.o(i.__0fprintf$4) refers to uart.o(i.fputc) for fputc
    printf4.o(i.__0printf$4) refers to printf4.o(i._printf_core) for _printf_core
    printf4.o(i.__0printf$4) refers to uart.o(i.fputc) for fputc
    printf4.o(i.__0printf$4) refers to stdout.o(.data) for __stdout
    printf4.o(i.__0snprintf$4) refers to printf4.o(i._printf_core) for _printf_core
    printf4.o(i.__0snprintf$4) refers to printf4.o(i._snputc) for _snputc
    printf4.o(i.__0sprintf$4) refers to printf4.o(i._printf_core) for _printf_core
    printf4.o(i.__0sprintf$4) refers to printf4.o(i._sputc) for _sputc
    printf4.o(i.__0vfprintf$4) refers to printf4.o(i._printf_core) for _printf_core
    printf4.o(i.__0vfprintf$4) refers to uart.o(i.fputc) for fputc
    printf4.o(i.__0vprintf$4) refers to printf4.o(i._printf_core) for _printf_core
    printf4.o(i.__0vprintf$4) refers to uart.o(i.fputc) for fputc
    printf4.o(i.__0vprintf$4) refers to stdout.o(.data) for __stdout
    printf4.o(i.__0vsnprintf$4) refers to printf4.o(i._printf_core) for _printf_core
    printf4.o(i.__0vsnprintf$4) refers to printf4.o(i._snputc) for _snputc
    printf4.o(i.__0vsprintf$4) refers to printf4.o(i._printf_core) for _printf_core
    printf4.o(i.__0vsprintf$4) refers to printf4.o(i._sputc) for _sputc
    printf4.o(i._printf_core) refers to uldiv.o(.text) for __aeabi_uldivmod
    printf5.o(i.__0fprintf$5) refers to printf5.o(i._printf_core) for _printf_core
    printf5.o(i.__0fprintf$5) refers to uart.o(i.fputc) for fputc
    printf5.o(i.__0printf$5) refers to printf5.o(i._printf_core) for _printf_core
    printf5.o(i.__0printf$5) refers to uart.o(i.fputc) for fputc
    printf5.o(i.__0printf$5) refers to stdout.o(.data) for __stdout
    printf5.o(i.__0snprintf$5) refers to printf5.o(i._printf_core) for _printf_core
    printf5.o(i.__0snprintf$5) refers to printf5.o(i._snputc) for _snputc
    printf5.o(i.__0sprintf$5) refers to printf5.o(i._printf_core) for _printf_core
    printf5.o(i.__0sprintf$5) refers to printf5.o(i._sputc) for _sputc
    printf5.o(i.__0vfprintf$5) refers to printf5.o(i._printf_core) for _printf_core
    printf5.o(i.__0vfprintf$5) refers to uart.o(i.fputc) for fputc
    printf5.o(i.__0vprintf$5) refers to printf5.o(i._printf_core) for _printf_core
    printf5.o(i.__0vprintf$5) refers to uart.o(i.fputc) for fputc
    printf5.o(i.__0vprintf$5) refers to stdout.o(.data) for __stdout
    printf5.o(i.__0vsnprintf$5) refers to printf5.o(i._printf_core) for _printf_core
    printf5.o(i.__0vsnprintf$5) refers to printf5.o(i._snputc) for _snputc
    printf5.o(i.__0vsprintf$5) refers to printf5.o(i._printf_core) for _printf_core
    printf5.o(i.__0vsprintf$5) refers to printf5.o(i._sputc) for _sputc
    printf5.o(i._printf_core) refers to uldiv.o(.text) for __aeabi_uldivmod
    printf6.o(i.__0fprintf$6) refers to printf6.o(i._printf_core) for _printf_core
    printf6.o(i.__0fprintf$6) refers to uart.o(i.fputc) for fputc
    printf6.o(i.__0printf$6) refers to printf6.o(i._printf_core) for _printf_core
    printf6.o(i.__0printf$6) refers to uart.o(i.fputc) for fputc
    printf6.o(i.__0printf$6) refers to stdout.o(.data) for __stdout
    printf6.o(i.__0snprintf$6) refers to printf6.o(i._printf_core) for _printf_core
    printf6.o(i.__0snprintf$6) refers to printf6.o(i._snputc) for _snputc
    printf6.o(i.__0sprintf$6) refers to printf6.o(i._printf_core) for _printf_core
    printf6.o(i.__0sprintf$6) refers to printf6.o(i._sputc) for _sputc
    printf6.o(i.__0vfprintf$6) refers to printf6.o(i._printf_core) for _printf_core
    printf6.o(i.__0vfprintf$6) refers to uart.o(i.fputc) for fputc
    printf6.o(i.__0vprintf$6) refers to printf6.o(i._printf_core) for _printf_core
    printf6.o(i.__0vprintf$6) refers to uart.o(i.fputc) for fputc
    printf6.o(i.__0vprintf$6) refers to stdout.o(.data) for __stdout
    printf6.o(i.__0vsnprintf$6) refers to printf6.o(i._printf_core) for _printf_core
    printf6.o(i.__0vsnprintf$6) refers to printf6.o(i._snputc) for _snputc
    printf6.o(i.__0vsprintf$6) refers to printf6.o(i._printf_core) for _printf_core
    printf6.o(i.__0vsprintf$6) refers to printf6.o(i._sputc) for _sputc
    printf6.o(i._printf_core) refers to printf6.o(i._printf_pre_padding) for _printf_pre_padding
    printf6.o(i._printf_core) refers to uidiv.o(.text) for __aeabi_uidivmod
    printf6.o(i._printf_core) refers to printf6.o(i._printf_post_padding) for _printf_post_padding
    printf7.o(i.__0fprintf$7) refers to printf7.o(i._printf_core) for _printf_core
    printf7.o(i.__0fprintf$7) refers to uart.o(i.fputc) for fputc
    printf7.o(i.__0printf$7) refers to printf7.o(i._printf_core) for _printf_core
    printf7.o(i.__0printf$7) refers to uart.o(i.fputc) for fputc
    printf7.o(i.__0printf$7) refers to stdout.o(.data) for __stdout
    printf7.o(i.__0snprintf$7) refers to printf7.o(i._printf_core) for _printf_core
    printf7.o(i.__0snprintf$7) refers to printf7.o(i._snputc) for _snputc
    printf7.o(i.__0sprintf$7) refers to printf7.o(i._printf_core) for _printf_core
    printf7.o(i.__0sprintf$7) refers to printf7.o(i._sputc) for _sputc
    printf7.o(i.__0vfprintf$7) refers to printf7.o(i._printf_core) for _printf_core
    printf7.o(i.__0vfprintf$7) refers to uart.o(i.fputc) for fputc
    printf7.o(i.__0vprintf$7) refers to printf7.o(i._printf_core) for _printf_core
    printf7.o(i.__0vprintf$7) refers to uart.o(i.fputc) for fputc
    printf7.o(i.__0vprintf$7) refers to stdout.o(.data) for __stdout
    printf7.o(i.__0vsnprintf$7) refers to printf7.o(i._printf_core) for _printf_core
    printf7.o(i.__0vsnprintf$7) refers to printf7.o(i._snputc) for _snputc
    printf7.o(i.__0vsprintf$7) refers to printf7.o(i._printf_core) for _printf_core
    printf7.o(i.__0vsprintf$7) refers to printf7.o(i._sputc) for _sputc
    printf7.o(i._printf_core) refers to printf7.o(i._printf_pre_padding) for _printf_pre_padding
    printf7.o(i._printf_core) refers to uldiv.o(.text) for __aeabi_uldivmod
    printf7.o(i._printf_core) refers to printf7.o(i._printf_post_padding) for _printf_post_padding
    printf8.o(i.__0fprintf$8) refers to printf8.o(i._printf_core) for _printf_core
    printf8.o(i.__0fprintf$8) refers to uart.o(i.fputc) for fputc
    printf8.o(i.__0printf$8) refers to printf8.o(i._printf_core) for _printf_core
    printf8.o(i.__0printf$8) refers to uart.o(i.fputc) for fputc
    printf8.o(i.__0printf$8) refers to stdout.o(.data) for __stdout
    printf8.o(i.__0snprintf$8) refers to printf8.o(i._printf_core) for _printf_core
    printf8.o(i.__0snprintf$8) refers to printf8.o(i._snputc) for _snputc
    printf8.o(i.__0sprintf$8) refers to printf8.o(i._printf_core) for _printf_core
    printf8.o(i.__0sprintf$8) refers to printf8.o(i._sputc) for _sputc
    printf8.o(i.__0vfprintf$8) refers to printf8.o(i._printf_core) for _printf_core
    printf8.o(i.__0vfprintf$8) refers to uart.o(i.fputc) for fputc
    printf8.o(i.__0vprintf$8) refers to printf8.o(i._printf_core) for _printf_core
    printf8.o(i.__0vprintf$8) refers to uart.o(i.fputc) for fputc
    printf8.o(i.__0vprintf$8) refers to stdout.o(.data) for __stdout
    printf8.o(i.__0vsnprintf$8) refers to printf8.o(i._printf_core) for _printf_core
    printf8.o(i.__0vsnprintf$8) refers to printf8.o(i._snputc) for _snputc
    printf8.o(i.__0vsprintf$8) refers to printf8.o(i._printf_core) for _printf_core
    printf8.o(i.__0vsprintf$8) refers to printf8.o(i._sputc) for _sputc
    printf8.o(i._printf_core) refers to printf8.o(i._printf_pre_padding) for _printf_pre_padding
    printf8.o(i._printf_core) refers to uldiv.o(.text) for __aeabi_uldivmod
    printf8.o(i._printf_core) refers to printf8.o(i._printf_post_padding) for _printf_post_padding
    printfa.o(i.__0fprintf) refers (Special) to iusefp.o(.text) for __I$use$fp
    printfa.o(i.__0fprintf) refers to printfa.o(i._printf_core) for _printf_core
    printfa.o(i.__0fprintf) refers to uart.o(i.fputc) for fputc
    printfa.o(i.__0printf) refers (Special) to iusefp.o(.text) for __I$use$fp
    printfa.o(i.__0printf) refers to printfa.o(i._printf_core) for _printf_core
    printfa.o(i.__0printf) refers to uart.o(i.fputc) for fputc
    printfa.o(i.__0printf) refers to stdout.o(.data) for __stdout
    printfa.o(i.__0snprintf) refers (Special) to iusefp.o(.text) for __I$use$fp
    printfa.o(i.__0snprintf) refers to printfa.o(i._printf_core) for _printf_core
    printfa.o(i.__0snprintf) refers to printfa.o(i._snputc) for _snputc
    printfa.o(i.__0sprintf) refers (Special) to iusefp.o(.text) for __I$use$fp
    printfa.o(i.__0sprintf) refers to printfa.o(i._printf_core) for _printf_core
    printfa.o(i.__0sprintf) refers to printfa.o(i._sputc) for _sputc
    printfa.o(i.__0vfprintf) refers (Special) to iusefp.o(.text) for __I$use$fp
    printfa.o(i.__0vfprintf) refers to printfa.o(i._printf_core) for _printf_core
    printfa.o(i.__0vfprintf) refers to uart.o(i.fputc) for fputc
    printfa.o(i.__0vprintf) refers (Special) to iusefp.o(.text) for __I$use$fp
    printfa.o(i.__0vprintf) refers to printfa.o(i._printf_core) for _printf_core
    printfa.o(i.__0vprintf) refers to uart.o(i.fputc) for fputc
    printfa.o(i.__0vprintf) refers to stdout.o(.data) for __stdout
    printfa.o(i.__0vsnprintf) refers (Special) to iusefp.o(.text) for __I$use$fp
    printfa.o(i.__0vsnprintf) refers to printfa.o(i._printf_core) for _printf_core
    printfa.o(i.__0vsnprintf) refers to printfa.o(i._snputc) for _snputc
    printfa.o(i.__0vsprintf) refers (Special) to iusefp.o(.text) for __I$use$fp
    printfa.o(i.__0vsprintf) refers to printfa.o(i._printf_core) for _printf_core
    printfa.o(i.__0vsprintf) refers to printfa.o(i._sputc) for _sputc
    printfa.o(i._fp_digits) refers (Special) to iusefp.o(.text) for __I$use$fp
    printfa.o(i._fp_digits) refers to dmul.o(.text) for __aeabi_dmul
    printfa.o(i._fp_digits) refers to ddiv.o(.text) for __aeabi_ddiv
    printfa.o(i._fp_digits) refers to cdrcmple.o(.text) for __aeabi_cdrcmple
    printfa.o(i._fp_digits) refers to dadd.o(.text) for __aeabi_dadd
    printfa.o(i._fp_digits) refers to dfixul.o(.text) for __aeabi_d2ulz
    printfa.o(i._fp_digits) refers to uldiv.o(.text) for __aeabi_uldivmod
    printfa.o(i._printf_core) refers (Special) to iusefp.o(.text) for __I$use$fp
    printfa.o(i._printf_core) refers to printfa.o(i._printf_pre_padding) for _printf_pre_padding
    printfa.o(i._printf_core) refers to uldiv.o(.text) for __aeabi_uldivmod
    printfa.o(i._printf_core) refers to printfa.o(i._printf_post_padding) for _printf_post_padding
    printfa.o(i._printf_core) refers to printfa.o(i._fp_digits) for _fp_digits
    printfa.o(i._printf_core) refers to uidiv.o(.text) for __aeabi_uidivmod
    printfa.o(i._printf_post_padding) refers (Special) to iusefp.o(.text) for __I$use$fp
    printfa.o(i._printf_pre_padding) refers (Special) to iusefp.o(.text) for __I$use$fp
    printfa.o(i._snputc) refers (Special) to iusefp.o(.text) for __I$use$fp
    printfa.o(i._sputc) refers (Special) to iusefp.o(.text) for __I$use$fp
    entry2.o(.ARM.Collect$$$$00000001) refers to entry2.o(.ARM.Collect$$$$00002712) for __lit__00000000
    entry2.o(.ARM.Collect$$$$00002712) refers to startup.o(STACK) for __initial_sp
    entry2.o(__vectab_stack_and_reset_area) refers to startup.o(STACK) for __initial_sp
    entry2.o(__vectab_stack_and_reset_area) refers to entry.o(.ARM.Collect$$$$00000000) for __main
    entry5.o(.ARM.Collect$$$$00000004) refers to init.o(.text) for __scatterload
    entry9a.o(.ARM.Collect$$$$0000000B) refers to main.o(i.main) for main
    entry9b.o(.ARM.Collect$$$$0000000C) refers to main.o(i.main) for main
    uldiv.o(.text) refers to llushr.o(.text) for __aeabi_llsr
    uldiv.o(.text) refers to llshl.o(.text) for __aeabi_llsl
    dadd.o(.text) refers to llshl.o(.text) for __aeabi_llsl
    dadd.o(.text) refers to llsshr.o(.text) for __aeabi_lasr
    dadd.o(.text) refers to depilogue.o(.text) for _double_epilogue
    dmul.o(.text) refers to depilogue.o(.text) for _double_epilogue
    ddiv.o(.text) refers to depilogue.o(.text) for _double_round
    dfixul.o(.text) refers to llushr.o(.text) for __aeabi_llsr
    dfixul.o(.text) refers to llshl.o(.text) for __aeabi_llsl
    init.o(.text) refers to entry5.o(.ARM.Collect$$$$00000004) for __main_after_scatterload
    depilogue.o(.text) refers to llshl.o(.text) for __aeabi_llsl
    depilogue.o(.text) refers to llushr.o(.text) for __aeabi_llsr


==============================================================================

Removing Unused input sections from the image.

    Removing startup.o(HEAP), (0 bytes).
    Removing main.o(i.main2), (136 bytes).
    Removing esp8266.o(i.ESP8266_DisableRXInterrupt), (12 bytes).
    Removing esp8266.o(i.ESP8266_DisableServer), (96 bytes).
    Removing esp8266.o(i.ESP8266_EnableServer), (52 bytes).
    Removing esp8266.o(i.ESP8266_GetConnectedIPAddress), (68 bytes).
    Removing esp8266.o(i.ESP8266_MakeUDPConnection), (100 bytes).
    Removing esp8266.o(i.ESP8266_QuitAccessPoint), (68 bytes).
    Removing esp8266.o(i.ESP8266_SetServerTimeout), (52 bytes).
    Removing esp8266.o(i.HTTP_ServePage), (140 bytes).
    Removing esp8266.o(.constdata), (318 bytes).
    Removing uart.o(i.RxFifo_Get), (60 bytes).
    Removing uart.o(i.UART_InChar), (20 bytes).
    Removing uart.o(i.UART_InCharNonBlock), (20 bytes).
    Removing uart.o(i.UART_InString), (70 bytes).
    Removing uart.o(i.UART_InUDec), (76 bytes).
    Removing uart.o(i.UART_InUHex), (108 bytes).
    Removing uart.o(i.UART_OutString), (22 bytes).
    Removing uart.o(i.UART_OutUDec), (42 bytes).
    Removing uart.o(i.UART_OutUHex), (52 bytes).
    Removing led.o(i.LED_BlueToggle), (20 bytes).
    Removing led.o(i.LED_GreenToggle), (20 bytes).
    Removing led.o(i.LED_RedOff), (12 bytes).
    Removing led.o(i.LED_RedOn), (12 bytes).
    Removing st7735.o(i.Output_Clear), (10 bytes).
    Removing st7735.o(i.Output_Color), (12 bytes).
    Removing st7735.o(i.Output_Off), (8 bytes).
    Removing st7735.o(i.Output_On), (8 bytes).
    Removing st7735.o(i.ST7735_Color565), (24 bytes).
    Removing st7735.o(i.ST7735_DrawBitmap), (288 bytes).
    Removing st7735.o(i.ST7735_DrawChar), (268 bytes).
    Removing st7735.o(i.ST7735_DrawFastHLine), (124 bytes).
    Removing st7735.o(i.ST7735_DrawFastVLine), (124 bytes).
    Removing st7735.o(i.ST7735_InitB), (40 bytes).
    Removing st7735.o(i.ST7735_InvertDisplay), (22 bytes).
    Removing st7735.o(i.ST7735_OutUDec), (140 bytes).
    Removing st7735.o(i.ST7735_Output_Init), (16 bytes).
    Removing st7735.o(i.ST7735_PlotBar), (88 bytes).
    Removing st7735.o(i.ST7735_PlotClear), (92 bytes).
    Removing st7735.o(i.ST7735_PlotLine), (264 bytes).
    Removing st7735.o(i.ST7735_PlotNext), (32 bytes).
    Removing st7735.o(i.ST7735_PlotNextErase), (64 bytes).
    Removing st7735.o(i.ST7735_PlotPoint), (152 bytes).
    Removing st7735.o(i.ST7735_PlotPoints), (172 bytes).
    Removing st7735.o(i.ST7735_PlotdBfs), (60 bytes).
    Removing st7735.o(i.ST7735_SetRotation), (212 bytes).
    Removing st7735.o(i.ST7735_SetTextColor), (12 bytes).
    Removing st7735.o(i.ST7735_SwapColor), (18 bytes).
    Removing st7735.o(i.ferror), (8 bytes).
    Removing st7735.o(i.fgetc), (6 bytes).
    Removing st7735.o(i.fillmessage), (72 bytes).
    Removing st7735.o(.bss), (12 bytes).
    Removing dadd.o(.text), (334 bytes).
    Removing dmul.o(.text), (228 bytes).
    Removing ddiv.o(.text), (222 bytes).
    Removing dfixul.o(.text), (48 bytes).
    Removing cdrcmple.o(.text), (40 bytes).
    Removing depilogue.o(.text), (190 bytes).

58 unused section(s) (total 4986 bytes) removed from the image.

==============================================================================

Image Symbol Table

    Local Symbols

    Symbol Name                              Value     Ov Type        Size  Object(Section)

    RESET                                    0x00000000   Section      644  startup.o(RESET)
    ../clib/microlib/division.c              0x00000000   Number         0  uidiv.o ABSOLUTE
    ../clib/microlib/division.c              0x00000000   Number         0  uldiv.o ABSOLUTE
    ../clib/microlib/init/entry.s            0x00000000   Number         0  entry9a.o ABSOLUTE
    ../clib/microlib/init/entry.s            0x00000000   Number         0  entry10a.o ABSOLUTE
    ../clib/microlib/init/entry.s            0x00000000   Number         0  entry9b.o ABSOLUTE
    ../clib/microlib/init/entry.s            0x00000000   Number         0  entry2.o ABSOLUTE
    ../clib/microlib/init/entry.s            0x00000000   Number         0  entry8b.o ABSOLUTE
    ../clib/microlib/init/entry.s            0x00000000   Number         0  entry10b.o ABSOLUTE
    ../clib/microlib/init/entry.s            0x00000000   Number         0  entry5.o ABSOLUTE
    ../clib/microlib/init/entry.s            0x00000000   Number         0  entry7a.o ABSOLUTE
    ../clib/microlib/init/entry.s            0x00000000   Number         0  entry7b.o ABSOLUTE
    ../clib/microlib/init/entry.s            0x00000000   Number         0  entry8a.o ABSOLUTE
    ../clib/microlib/init/entry.s            0x00000000   Number         0  entry.o ABSOLUTE
    ../clib/microlib/init/entry.s            0x00000000   Number         0  entry11a.o ABSOLUTE
    ../clib/microlib/init/entry.s            0x00000000   Number         0  entry11b.o ABSOLUTE
    ../clib/microlib/longlong.c              0x00000000   Number         0  llsshr.o ABSOLUTE
    ../clib/microlib/longlong.c              0x00000000   Number         0  llushr.o ABSOLUTE
    ../clib/microlib/longlong.c              0x00000000   Number         0  llshl.o ABSOLUTE
    ../clib/microlib/printf/printf.c         0x00000000   Number         0  printf5.o ABSOLUTE
    ../clib/microlib/printf/printf.c         0x00000000   Number         0  printfa.o ABSOLUTE
    ../clib/microlib/printf/printf.c         0x00000000   Number         0  printfb.o ABSOLUTE
    ../clib/microlib/printf/printf.c         0x00000000   Number         0  printf3.o ABSOLUTE
    ../clib/microlib/printf/printf.c         0x00000000   Number         0  printf4.o ABSOLUTE
    ../clib/microlib/printf/printf.c         0x00000000   Number         0  printf2.o ABSOLUTE
    ../clib/microlib/printf/printf.c         0x00000000   Number         0  printf6.o ABSOLUTE
    ../clib/microlib/printf/printf.c         0x00000000   Number         0  printf7.o ABSOLUTE
    ../clib/microlib/printf/printf.c         0x00000000   Number         0  printf8.o ABSOLUTE
    ../clib/microlib/printf/printf.c         0x00000000   Number         0  printf1.o ABSOLUTE
    ../clib/microlib/printf/printf.c         0x00000000   Number         0  printf0.o ABSOLUTE
    ../clib/microlib/printf/stubs.s          0x00000000   Number         0  stubs.o ABSOLUTE
    ../clib/microlib/stdio/streams.c         0x00000000   Number         0  stdout.o ABSOLUTE
    ../clib/microlib/string/memcpy.c         0x00000000   Number         0  memcpya.o ABSOLUTE
    ../clib/microlib/string/memcpy.c         0x00000000   Number         0  memcpyb.o ABSOLUTE
    ../clib/microlib/string/strcpy.c         0x00000000   Number         0  strcpy.o ABSOLUTE
    ../clib/microlib/string/strlen.c         0x00000000   Number         0  strlen.o ABSOLUTE
    ../clib/microlib/stubs.s                 0x00000000   Number         0  iusefp.o ABSOLUTE
    ../fplib/microlib/fpadd.c                0x00000000   Number         0  dadd.o ABSOLUTE
    ../fplib/microlib/fpdiv.c                0x00000000   Number         0  ddiv.o ABSOLUTE
    ../fplib/microlib/fpepilogue.c           0x00000000   Number         0  depilogue.o ABSOLUTE
    ../fplib/microlib/fpfix.c                0x00000000   Number         0  dfixul.o ABSOLUTE
    ../fplib/microlib/fpmul.c                0x00000000   Number         0  dmul.o ABSOLUTE
    LED.c                                    0x00000000   Number         0  led.o ABSOLUTE
    ST7735.c                                 0x00000000   Number         0  st7735.o ABSOLUTE
    UART.c                                   0x00000000   Number         0  uart.o ABSOLUTE
    cdrcmple.s                               0x00000000   Number         0  cdrcmple.o ABSOLUTE
    dc.s                                     0x00000000   Number         0  dc.o ABSOLUTE
    esp8266.c                                0x00000000   Number         0  esp8266.o ABSOLUTE
    handlers.s                               0x00000000   Number         0  handlers.o ABSOLUTE
    init.s                                   0x00000000   Number         0  init.o ABSOLUTE
    main.c                                   0x00000000   Number         0  main.o ABSOLUTE
    pll.c                                    0x00000000   Number         0  pll.o ABSOLUTE
    startup.s                                0x00000000   Number         0  startup.o ABSOLUTE
    .ARM.Collect$$$$00000000                 0x00000284   Section        0  entry.o(.ARM.Collect$$$$00000000)
    .ARM.Collect$$$$00000001                 0x00000284   Section        4  entry2.o(.ARM.Collect$$$$00000001)
    .ARM.Collect$$$$00000004                 0x00000288   Section        4  entry5.o(.ARM.Collect$$$$00000004)
    .ARM.Collect$$$$00000008                 0x0000028c   Section        0  entry7b.o(.ARM.Collect$$$$00000008)
    .ARM.Collect$$$$0000000A                 0x0000028c   Section        0  entry8b.o(.ARM.Collect$$$$0000000A)
    .ARM.Collect$$$$0000000B                 0x0000028c   Section        8  entry9a.o(.ARM.Collect$$$$0000000B)
    .ARM.Collect$$$$0000000D                 0x00000294   Section        0  entry10a.o(.ARM.Collect$$$$0000000D)
    .ARM.Collect$$$$0000000F                 0x00000294   Section        0  entry11a.o(.ARM.Collect$$$$0000000F)
    .ARM.Collect$$$$00002712                 0x00000294   Section        4  entry2.o(.ARM.Collect$$$$00002712)
    __lit__00000000                          0x00000294   Data           4  entry2.o(.ARM.Collect$$$$00002712)
    .text                                    0x00000298   Section       28  startup.o(.text)
    .text                                    0x000002b4   Section        0  strlen.o(.text)
    .text                                    0x000002c2   Section        0  strcpy.o(.text)
    .text                                    0x000002d4   Section        0  uidiv.o(.text)
    .text                                    0x00000300   Section       36  init.o(.text)
    i.Board_Input                            0x00000324   Section        0  led.o(i.Board_Input)
    i.Delay1ms                               0x0000033c   Section        0  st7735.o(i.Delay1ms)
    i.DelayMs                                0x0000035c   Section        0  esp8266.o(i.DelayMs)
    i.DelayMsSearching                       0x0000037c   Section        0  esp8266.o(i.DelayMsSearching)
    i.ESP8266FIFOtoBuffer                    0x000003ac   Section        0  esp8266.o(i.ESP8266FIFOtoBuffer)
    i.ESP8266ProcessInput                    0x00000434   Section        0  esp8266.o(i.ESP8266ProcessInput)
    i.ESP8266SendCommand                     0x00000474   Section        0  esp8266.o(i.ESP8266SendCommand)
    i.ESP8266_CloseTCPConnection             0x00000490   Section        0  esp8266.o(i.ESP8266_CloseTCPConnection)
    i.ESP8266_ConfigureAccessPoint           0x000004d8   Section        0  esp8266.o(i.ESP8266_ConfigureAccessPoint)
    i.ESP8266_EnableRXInterrupt              0x00000550   Section        0  esp8266.o(i.ESP8266_EnableRXInterrupt)
    i.ESP8266_GetIPAddress                   0x0000055c   Section        0  esp8266.o(i.ESP8266_GetIPAddress)
    i.ESP8266_GetStatus                      0x000005a0   Section        0  esp8266.o(i.ESP8266_GetStatus)
    i.ESP8266_GetVersionNumber               0x000005e8   Section        0  esp8266.o(i.ESP8266_GetVersionNumber)
    i.ESP8266_Init                           0x0000062c   Section        0  esp8266.o(i.ESP8266_Init)
    i.ESP8266_InitUART                       0x00000830   Section        0  esp8266.o(i.ESP8266_InitUART)
    i.ESP8266_JoinAccessPoint                0x0000093c   Section        0  esp8266.o(i.ESP8266_JoinAccessPoint)
    i.ESP8266_ListAccessPoints               0x000009a0   Section        0  esp8266.o(i.ESP8266_ListAccessPoints)
    i.ESP8266_MakeTCPConnection              0x000009e4   Section        0  esp8266.o(i.ESP8266_MakeTCPConnection)
    i.ESP8266_PrintChar                      0x00000a4c   Section        0  esp8266.o(i.ESP8266_PrintChar)
    i.ESP8266_Reset                          0x00000a64   Section        0  esp8266.o(i.ESP8266_Reset)
    i.ESP8266_SendTCP                        0x00000ad8   Section        0  esp8266.o(i.ESP8266_SendTCP)
    i.ESP8266_SetConnectionMux               0x00000b58   Section        0  esp8266.o(i.ESP8266_SetConnectionMux)
    i.ESP8266_SetDataTransmissionMode        0x00000bb0   Section        0  esp8266.o(i.ESP8266_SetDataTransmissionMode)
    i.ESP8266_SetWifiMode                    0x00000c08   Section        0  esp8266.o(i.ESP8266_SetWifiMode)
    i.LED_GreenOff                           0x00000c70   Section        0  led.o(i.LED_GreenOff)
    i.LED_GreenOn                            0x00000c7c   Section        0  led.o(i.LED_GreenOn)
    i.LED_Init                               0x00000c88   Section        0  led.o(i.LED_Init)
    i.LED_RedToggle                          0x00000cf4   Section        0  led.o(i.LED_RedToggle)
    i.Output_Init                            0x00000d08   Section        0  uart.o(i.Output_Init)
    i.PLL_Init                               0x00000d10   Section        0  pll.o(i.PLL_Init)
    i.RxFifo_Init                            0x00000d8c   Section        0  uart.o(i.RxFifo_Init)
    i.RxFifo_Put                             0x00000db0   Section        0  uart.o(i.RxFifo_Put)
    i.RxFifo_Size                            0x00000dec   Section        0  uart.o(i.RxFifo_Size)
    i.ST7735_DrawCharS                       0x00000e04   Section        0  st7735.o(i.ST7735_DrawCharS)
    i.ST7735_DrawPixel                       0x00000ef8   Section        0  st7735.o(i.ST7735_DrawPixel)
    i.ST7735_DrawString                      0x00000f40   Section        0  st7735.o(i.ST7735_DrawString)
    i.ST7735_FillRect                        0x00000f94   Section        0  st7735.o(i.ST7735_FillRect)
    i.ST7735_FillScreen                      0x00001040   Section        0  st7735.o(i.ST7735_FillScreen)
    i.ST7735_InitR                           0x00001064   Section        0  st7735.o(i.ST7735_InitR)
    i.ST7735_OutChar                         0x000010e0   Section        0  st7735.o(i.ST7735_OutChar)
    i.ST7735_OutString                       0x000011b4   Section        0  st7735.o(i.ST7735_OutString)
    i.ST7735_SetCursor                       0x000011cc   Section        0  st7735.o(i.ST7735_SetCursor)
    i.SearchCheck                            0x000011ec   Section        0  esp8266.o(i.SearchCheck)
    i.SearchStart                            0x00001240   Section        0  esp8266.o(i.SearchStart)
    i.ServerResponseSearchCheck              0x00001270   Section        0  esp8266.o(i.ServerResponseSearchCheck)
    i.ServerResponseSearchStart              0x00001344   Section        0  esp8266.o(i.ServerResponseSearchStart)
    i.Trevor_ESPTest                         0x00001384   Section        0  esp8266.o(i.Trevor_ESPTest)
    i.TxFifo_Get                             0x000015c0   Section        0  uart.o(i.TxFifo_Get)
    i.TxFifo_Init                            0x000015fc   Section        0  uart.o(i.TxFifo_Init)
    i.TxFifo_Put                             0x00001620   Section        0  uart.o(i.TxFifo_Put)
    i.TxFifo_Size                            0x0000165c   Section        0  uart.o(i.TxFifo_Size)
    i.UART0_Handler                          0x00001674   Section        0  uart.o(i.UART0_Handler)
    i.UART1_Handler                          0x000016cc   Section        0  esp8266.o(i.UART1_Handler)
    i.UART_Init                              0x000016fc   Section        0  uart.o(i.UART_Init)
    i.UART_OutChar                           0x000017c4   Section        0  uart.o(i.UART_OutChar)
    i.UART_OutCharNonBlock                   0x000017f8   Section        0  uart.o(i.UART_OutCharNonBlock)
    i.__0printf$3                            0x0000182c   Section        0  printf3.o(i.__0printf$3)
    i.__0sprintf$3                           0x0000184c   Section        0  printf3.o(i.__0sprintf$3)
    i.__scatterload_copy                     0x00001874   Section       14  handlers.o(i.__scatterload_copy)
    i.__scatterload_null                     0x00001882   Section        2  handlers.o(i.__scatterload_null)
    i.__scatterload_zeroinit                 0x00001884   Section       14  handlers.o(i.__scatterload_zeroinit)
    i._printf_core                           0x00001894   Section        0  printf3.o(i._printf_core)
    _printf_core                             0x00001895   Thumb Code   436  printf3.o(i._printf_core)
    i._sputc                                 0x00001a4c   Section        0  printf3.o(i._sputc)
    _sputc                                   0x00001a4d   Thumb Code    10  printf3.o(i._sputc)
    i.commandList                            0x00001a56   Section        0  st7735.o(i.commandList)
    commandList                              0x00001a57   Thumb Code    86  st7735.o(i.commandList)
    i.commonInit                             0x00001aac   Section        0  st7735.o(i.commonInit)
    commonInit                               0x00001aad   Thumb Code   340  st7735.o(i.commonInit)
    i.copyHardwareToSoftware                 0x00001c30   Section        0  uart.o(i.copyHardwareToSoftware)
    copyHardwareToSoftware                   0x00001c31   Thumb Code    40  uart.o(i.copyHardwareToSoftware)
    i.copySoftwareToHardware                 0x00001c5c   Section        0  uart.o(i.copySoftwareToHardware)
    copySoftwareToHardware                   0x00001c5d   Thumb Code    38  uart.o(i.copySoftwareToHardware)
    i.fputc                                  0x00001c88   Section        0  uart.o(i.fputc)
    i.lc                                     0x00001c98   Section        0  esp8266.o(i.lc)
    i.main                                   0x00001ca8   Section        0  main.o(i.main)
    i.pushColor                              0x00001d44   Section        0  st7735.o(i.pushColor)
    pushColor                                0x00001d45   Thumb Code    18  st7735.o(i.pushColor)
    i.setAddrWindow                          0x00001d58   Section        0  st7735.o(i.setAddrWindow)
    setAddrWindow                            0x00001d59   Thumb Code   106  st7735.o(i.setAddrWindow)
    i.writecommand                           0x00001dcc   Section        0  st7735.o(i.writecommand)
    writecommand                             0x00001dcd   Thumb Code    40  st7735.o(i.writecommand)
    i.writedata                              0x00001dfc   Section        0  st7735.o(i.writedata)
    writedata                                0x00001dfd   Thumb Code    24  st7735.o(i.writedata)
    .constdata                               0x00001e1c   Section     2018  st7735.o(.constdata)
    Font                                     0x00001e1c   Data        1275  st7735.o(.constdata)
    Bcmd                                     0x00002317   Data         103  st7735.o(.constdata)
    Rcmd1                                    0x0000237e   Data          59  st7735.o(.constdata)
    Rcmd2green                               0x000023b9   Data          13  st7735.o(.constdata)
    Rcmd2red                                 0x000023c6   Data          13  st7735.o(.constdata)
    Rcmd3                                    0x000023d3   Data          43  st7735.o(.constdata)
    .data                                    0x20000000   Section      120  main.o(.data)
    .data                                    0x20000078   Section       64  esp8266.o(.data)
    .data                                    0x200000b8   Section       16  uart.o(.data)
    .data                                    0x200000c8   Section       44  st7735.o(.data)
    _width                                   0x200000d2   Data           2  st7735.o(.data)
    _height                                  0x200000d4   Data           2  st7735.o(.data)
    ColStart                                 0x200000dc   Data           1  st7735.o(.data)
    RowStart                                 0x200000dd   Data           1  st7735.o(.data)
    Rotation                                 0x200000de   Data           1  st7735.o(.data)
    TabColor                                 0x200000df   Data           1  st7735.o(.data)
    .data                                    0x200000f4   Section        4  stdout.o(.data)
    .bss                                     0x200000f8   Section     3104  esp8266.o(.bss)
    .bss                                     0x20000d18   Section     2048  uart.o(.bss)
    RxFifo                                   0x20000d18   Data        1024  uart.o(.bss)
    TxFifo                                   0x20001118   Data        1024  uart.o(.bss)
    STACK                                    0x20001518   Section     1024  startup.o(STACK)
    StackMem                                 0x20001518   Data           0  startup.o(STACK)

    Global Symbols

    Symbol Name                              Value     Ov Type        Size  Object(Section)

    BuildAttributes$$THM_ISAv4$E$P$D$K$B$S$7EM$PE$A:L22UL41UL21$X:L11$S22US41US21$IEEE1$IW$USESV6$~STKCKD$USESV7$~SHL$OSPACE$ROPI$EBA8$MICROLIB$REQ8$PRES8$EABIv2 0x00000000   Number         0  anon$$obj.o ABSOLUTE
    __ARM_use_no_argv                        0x00000000   Number         0  main.o ABSOLUTE
    __Vectors                                0x00000000   Data           0  startup.o(RESET)
    _printf_a                                0x00000000   Number         0  stubs.o ABSOLUTE
    _printf_c                                0x00000000   Number         0  stubs.o ABSOLUTE
    _printf_charcount                        0x00000000   Number         0  stubs.o ABSOLUTE
    _printf_d                                0x00000000   Number         0  stubs.o ABSOLUTE
    _printf_e                                0x00000000   Number         0  stubs.o ABSOLUTE
    _printf_f                                0x00000000   Number         0  stubs.o ABSOLUTE
    _printf_flags                            0x00000000   Number         0  stubs.o ABSOLUTE
    _printf_fp_dec                           0x00000000   Number         0  stubs.o ABSOLUTE
    _printf_fp_hex                           0x00000000   Number         0  stubs.o ABSOLUTE
    _printf_g                                0x00000000   Number         0  stubs.o ABSOLUTE
    _printf_i                                0x00000000   Number         0  stubs.o ABSOLUTE
    _printf_int_dec                          0x00000000   Number         0  stubs.o ABSOLUTE
    _printf_l                                0x00000000   Number         0  stubs.o ABSOLUTE
    _printf_lc                               0x00000000   Number         0  stubs.o ABSOLUTE
    _printf_ll                               0x00000000   Number         0  stubs.o ABSOLUTE
    _printf_lld                              0x00000000   Number         0  stubs.o ABSOLUTE
    _printf_lli                              0x00000000   Number         0  stubs.o ABSOLUTE
    _printf_llo                              0x00000000   Number         0  stubs.o ABSOLUTE
    _printf_llu                              0x00000000   Number         0  stubs.o ABSOLUTE
    _printf_llx                              0x00000000   Number         0  stubs.o ABSOLUTE
    _printf_longlong_dec                     0x00000000   Number         0  stubs.o ABSOLUTE
    _printf_longlong_hex                     0x00000000   Number         0  stubs.o ABSOLUTE
    _printf_longlong_oct                     0x00000000   Number         0  stubs.o ABSOLUTE
    _printf_ls                               0x00000000   Number         0  stubs.o ABSOLUTE
    _printf_mbtowc                           0x00000000   Number         0  stubs.o ABSOLUTE
    _printf_n                                0x00000000   Number         0  stubs.o ABSOLUTE
    _printf_o                                0x00000000   Number         0  stubs.o ABSOLUTE
    _printf_p                                0x00000000   Number         0  stubs.o ABSOLUTE
    _printf_percent                          0x00000000   Number         0  stubs.o ABSOLUTE
    _printf_pre_padding                      0x00000000   Number         0  stubs.o ABSOLUTE
    _printf_return_value                     0x00000000   Number         0  stubs.o ABSOLUTE
    _printf_s                                0x00000000   Number         0  stubs.o ABSOLUTE
    _printf_sizespec                         0x00000000   Number         0  stubs.o ABSOLUTE
    _printf_str                              0x00000000   Number         0  stubs.o ABSOLUTE
    _printf_truncate_signed                  0x00000000   Number         0  stubs.o ABSOLUTE
    _printf_truncate_unsigned                0x00000000   Number         0  stubs.o ABSOLUTE
    _printf_u                                0x00000000   Number         0  stubs.o ABSOLUTE
    _printf_wc                               0x00000000   Number         0  stubs.o ABSOLUTE
    _printf_wctomb                           0x00000000   Number         0  stubs.o ABSOLUTE
    _printf_widthprec                        0x00000000   Number         0  stubs.o ABSOLUTE
    _printf_x                                0x00000000   Number         0  stubs.o ABSOLUTE
    __cpp_initialize__aeabi_                  - Undefined Weak Reference
    __cxa_finalize                            - Undefined Weak Reference
    __decompress                              - Undefined Weak Reference
    _clock_init                               - Undefined Weak Reference
    _microlib_exit                            - Undefined Weak Reference
    Reset_Handler                            0x0000026d   Thumb Code     0  startup.o(RESET)
    NMI_Handler                              0x00000271   Thumb Code     2  startup.o(RESET)
    HardFault_Handler                        0x00000273   Thumb Code     2  startup.o(RESET)
    MemManage_Handler                        0x00000275   Thumb Code     2  startup.o(RESET)
    BusFault_Handler                         0x00000277   Thumb Code     2  startup.o(RESET)
    UsageFault_Handler                       0x00000279   Thumb Code     2  startup.o(RESET)
    SVC_Handler                              0x0000027b   Thumb Code     2  startup.o(RESET)
    DebugMon_Handler                         0x0000027d   Thumb Code     2  startup.o(RESET)
    PendSV_Handler                           0x0000027f   Thumb Code     2  startup.o(RESET)
    SysTick_Handler                          0x00000281   Thumb Code     2  startup.o(RESET)
    ADC0Seq0_Handler                         0x00000283   Thumb Code     0  startup.o(RESET)
    ADC0Seq1_Handler                         0x00000283   Thumb Code     0  startup.o(RESET)
    ADC0Seq2_Handler                         0x00000283   Thumb Code     0  startup.o(RESET)
    ADC0Seq3_Handler                         0x00000283   Thumb Code     0  startup.o(RESET)
    ADC1Seq0_Handler                         0x00000283   Thumb Code     0  startup.o(RESET)
    ADC1Seq1_Handler                         0x00000283   Thumb Code     0  startup.o(RESET)
    ADC1Seq2_Handler                         0x00000283   Thumb Code     0  startup.o(RESET)
    ADC1Seq3_Handler                         0x00000283   Thumb Code     0  startup.o(RESET)
    CAN0_Handler                             0x00000283   Thumb Code     0  startup.o(RESET)
    CAN1_Handler                             0x00000283   Thumb Code     0  startup.o(RESET)
    CAN2_Handler                             0x00000283   Thumb Code     0  startup.o(RESET)
    Comp0_Handler                            0x00000283   Thumb Code     0  startup.o(RESET)
    Comp1_Handler                            0x00000283   Thumb Code     0  startup.o(RESET)
    Comp2_Handler                            0x00000283   Thumb Code     0  startup.o(RESET)
    Ethernet_Handler                         0x00000283   Thumb Code     0  startup.o(RESET)
    ExtBus_Handler                           0x00000283   Thumb Code     0  startup.o(RESET)
    FPU_Handler                              0x00000283   Thumb Code     0  startup.o(RESET)
    Fan0_Handler                             0x00000283   Thumb Code     0  startup.o(RESET)
    FlashCtl_Handler                         0x00000283   Thumb Code     0  startup.o(RESET)
    GPIOPortA_Handler                        0x00000283   Thumb Code     0  startup.o(RESET)
    GPIOPortB_Handler                        0x00000283   Thumb Code     0  startup.o(RESET)
    GPIOPortC_Handler                        0x00000283   Thumb Code     0  startup.o(RESET)
    GPIOPortD_Handler                        0x00000283   Thumb Code     0  startup.o(RESET)
    GPIOPortE_Handler                        0x00000283   Thumb Code     0  startup.o(RESET)
    GPIOPortF_Handler                        0x00000283   Thumb Code     0  startup.o(RESET)
    GPIOPortG_Handler                        0x00000283   Thumb Code     0  startup.o(RESET)
    GPIOPortH_Handler                        0x00000283   Thumb Code     0  startup.o(RESET)
    GPIOPortJ_Handler                        0x00000283   Thumb Code     0  startup.o(RESET)
    GPIOPortK_Handler                        0x00000283   Thumb Code     0  startup.o(RESET)
    GPIOPortL_Handler                        0x00000283   Thumb Code     0  startup.o(RESET)
    GPIOPortM_Handler                        0x00000283   Thumb Code     0  startup.o(RESET)
    GPIOPortN_Handler                        0x00000283   Thumb Code     0  startup.o(RESET)
    GPIOPortP1_Handler                       0x00000283   Thumb Code     0  startup.o(RESET)
    GPIOPortP2_Handler                       0x00000283   Thumb Code     0  startup.o(RESET)
    GPIOPortP3_Handler                       0x00000283   Thumb Code     0  startup.o(RESET)
    GPIOPortP4_Handler                       0x00000283   Thumb Code     0  startup.o(RESET)
    GPIOPortP5_Handler                       0x00000283   Thumb Code     0  startup.o(RESET)
    GPIOPortP6_Handler                       0x00000283   Thumb Code     0  startup.o(RESET)
    GPIOPortP7_Handler                       0x00000283   Thumb Code     0  startup.o(RESET)
    GPIOPortP_Handler                        0x00000283   Thumb Code     0  startup.o(RESET)
    GPIOPortQ1_Handler                       0x00000283   Thumb Code     0  startup.o(RESET)
    GPIOPortQ2_Handler                       0x00000283   Thumb Code     0  startup.o(RESET)
    GPIOPortQ3_Handler                       0x00000283   Thumb Code     0  startup.o(RESET)
    GPIOPortQ4_Handler                       0x00000283   Thumb Code     0  startup.o(RESET)
    GPIOPortQ5_Handler                       0x00000283   Thumb Code     0  startup.o(RESET)
    GPIOPortQ6_Handler                       0x00000283   Thumb Code     0  startup.o(RESET)
    GPIOPortQ7_Handler                       0x00000283   Thumb Code     0  startup.o(RESET)
    GPIOPortQ_Handler                        0x00000283   Thumb Code     0  startup.o(RESET)
    GPIOPortR_Handler                        0x00000283   Thumb Code     0  startup.o(RESET)
    GPIOPortS_Handler                        0x00000283   Thumb Code     0  startup.o(RESET)
    Hibernate_Handler                        0x00000283   Thumb Code     0  startup.o(RESET)
    I2C0_Handler                             0x00000283   Thumb Code     0  startup.o(RESET)
    I2C1_Handler                             0x00000283   Thumb Code     0  startup.o(RESET)
    I2C2_Handler                             0x00000283   Thumb Code     0  startup.o(RESET)
    I2C3_Handler                             0x00000283   Thumb Code     0  startup.o(RESET)
    I2C4_Handler                             0x00000283   Thumb Code     0  startup.o(RESET)
    I2C5_Handler                             0x00000283   Thumb Code     0  startup.o(RESET)
    I2S0_Handler                             0x00000283   Thumb Code     0  startup.o(RESET)
    LPC0_Handler                             0x00000283   Thumb Code     0  startup.o(RESET)
    PECI0_Handler                            0x00000283   Thumb Code     0  startup.o(RESET)
    PWM0Fault_Handler                        0x00000283   Thumb Code     0  startup.o(RESET)
    PWM0Generator0_Handler                   0x00000283   Thumb Code     0  startup.o(RESET)
    PWM0Generator1_Handler                   0x00000283   Thumb Code     0  startup.o(RESET)
    PWM0Generator2_Handler                   0x00000283   Thumb Code     0  startup.o(RESET)
    PWM0Generator3_Handler                   0x00000283   Thumb Code     0  startup.o(RESET)
    PWM1Fault_Handler                        0x00000283   Thumb Code     0  startup.o(RESET)
    PWM1Generator0_Handler                   0x00000283   Thumb Code     0  startup.o(RESET)
    PWM1Generator1_Handler                   0x00000283   Thumb Code     0  startup.o(RESET)
    PWM1Generator2_Handler                   0x00000283   Thumb Code     0  startup.o(RESET)
    PWM1Generator3_Handler                   0x00000283   Thumb Code     0  startup.o(RESET)
    Quadrature0_Handler                      0x00000283   Thumb Code     0  startup.o(RESET)
    Quadrature1_Handler                      0x00000283   Thumb Code     0  startup.o(RESET)
    Quadrature2_Handler                      0x00000283   Thumb Code     0  startup.o(RESET)
    SSI0_Handler                             0x00000283   Thumb Code     0  startup.o(RESET)
    SSI1_Handler                             0x00000283   Thumb Code     0  startup.o(RESET)
    SSI2_Handler                             0x00000283   Thumb Code     0  startup.o(RESET)
    SSI3_Handler                             0x00000283   Thumb Code     0  startup.o(RESET)
    SysCtl_Handler                           0x00000283   Thumb Code     0  startup.o(RESET)
    Timer0A_Handler                          0x00000283   Thumb Code     0  startup.o(RESET)
    Timer0B_Handler                          0x00000283   Thumb Code     0  startup.o(RESET)
    Timer1A_Handler                          0x00000283   Thumb Code     0  startup.o(RESET)
    Timer1B_Handler                          0x00000283   Thumb Code     0  startup.o(RESET)
    Timer2A_Handler                          0x00000283   Thumb Code     0  startup.o(RESET)
    Timer2B_Handler                          0x00000283   Thumb Code     0  startup.o(RESET)
    Timer3A_Handler                          0x00000283   Thumb Code     0  startup.o(RESET)
    Timer3B_Handler                          0x00000283   Thumb Code     0  startup.o(RESET)
    Timer4A_Handler                          0x00000283   Thumb Code     0  startup.o(RESET)
    Timer4B_Handler                          0x00000283   Thumb Code     0  startup.o(RESET)
    Timer5A_Handler                          0x00000283   Thumb Code     0  startup.o(RESET)
    Timer5B_Handler                          0x00000283   Thumb Code     0  startup.o(RESET)
    UART2_Handler                            0x00000283   Thumb Code     0  startup.o(RESET)
    UART3_Handler                            0x00000283   Thumb Code     0  startup.o(RESET)
    UART4_Handler                            0x00000283   Thumb Code     0  startup.o(RESET)
    UART5_Handler                            0x00000283   Thumb Code     0  startup.o(RESET)
    UART6_Handler                            0x00000283   Thumb Code     0  startup.o(RESET)
    UART7_Handler                            0x00000283   Thumb Code     0  startup.o(RESET)
    USB0_Handler                             0x00000283   Thumb Code     0  startup.o(RESET)
    WDT_Handler                              0x00000283   Thumb Code     0  startup.o(RESET)
    WideTimer0A_Handler                      0x00000283   Thumb Code     0  startup.o(RESET)
    WideTimer0B_Handler                      0x00000283   Thumb Code     0  startup.o(RESET)
    WideTimer1A_Handler                      0x00000283   Thumb Code     0  startup.o(RESET)
    WideTimer1B_Handler                      0x00000283   Thumb Code     0  startup.o(RESET)
    WideTimer2A_Handler                      0x00000283   Thumb Code     0  startup.o(RESET)
    WideTimer2B_Handler                      0x00000283   Thumb Code     0  startup.o(RESET)
    WideTimer3A_Handler                      0x00000283   Thumb Code     0  startup.o(RESET)
    WideTimer3B_Handler                      0x00000283   Thumb Code     0  startup.o(RESET)
    WideTimer4A_Handler                      0x00000283   Thumb Code     0  startup.o(RESET)
    WideTimer4B_Handler                      0x00000283   Thumb Code     0  startup.o(RESET)
    WideTimer5A_Handler                      0x00000283   Thumb Code     0  startup.o(RESET)
    WideTimer5B_Handler                      0x00000283   Thumb Code     0  startup.o(RESET)
    uDMA_Error                               0x00000283   Thumb Code     0  startup.o(RESET)
    uDMA_Handler                             0x00000283   Thumb Code     0  startup.o(RESET)
    __main                                   0x00000285   Thumb Code     0  entry.o(.ARM.Collect$$$$00000000)
    _main_stk                                0x00000285   Thumb Code     0  entry2.o(.ARM.Collect$$$$00000001)
    _main_scatterload                        0x00000289   Thumb Code     0  entry5.o(.ARM.Collect$$$$00000004)
    __main_after_scatterload                 0x0000028d   Thumb Code     0  entry5.o(.ARM.Collect$$$$00000004)
    _main_clock                              0x0000028d   Thumb Code     0  entry7b.o(.ARM.Collect$$$$00000008)
    _main_cpp_init                           0x0000028d   Thumb Code     0  entry8b.o(.ARM.Collect$$$$0000000A)
    _main_init                               0x0000028d   Thumb Code     0  entry9a.o(.ARM.Collect$$$$0000000B)
    __rt_final_cpp                           0x00000295   Thumb Code     0  entry10a.o(.ARM.Collect$$$$0000000D)
    __rt_final_exit                          0x00000295   Thumb Code     0  entry11a.o(.ARM.Collect$$$$0000000F)
    DisableInterrupts                        0x00000299   Thumb Code     0  startup.o(.text)
    EnableInterrupts                         0x0000029d   Thumb Code     0  startup.o(.text)
    StartCritical                            0x000002a1   Thumb Code     0  startup.o(.text)
    EndCritical                              0x000002a9   Thumb Code     0  startup.o(.text)
    WaitForInterrupt                         0x000002af   Thumb Code     0  startup.o(.text)
    strlen                                   0x000002b5   Thumb Code    14  strlen.o(.text)
    strcpy                                   0x000002c3   Thumb Code    18  strcpy.o(.text)
    __aeabi_uidiv                            0x000002d5   Thumb Code     0  uidiv.o(.text)
    __aeabi_uidivmod                         0x000002d5   Thumb Code    44  uidiv.o(.text)
    __scatterload                            0x00000301   Thumb Code    28  init.o(.text)
    __scatterload_rt2                        0x00000301   Thumb Code     0  init.o(.text)
    Board_Input                              0x00000325   Thumb Code    18  led.o(i.Board_Input)
    Delay1ms                                 0x0000033d   Thumb Code    32  st7735.o(i.Delay1ms)
    DelayMs                                  0x0000035d   Thumb Code    32  esp8266.o(i.DelayMs)
    DelayMsSearching                         0x0000037d   Thumb Code    42  esp8266.o(i.DelayMsSearching)
    ESP8266FIFOtoBuffer                      0x000003ad   Thumb Code   112  esp8266.o(i.ESP8266FIFOtoBuffer)
    ESP8266ProcessInput                      0x00000435   Thumb Code    64  esp8266.o(i.ESP8266ProcessInput)
    ESP8266SendCommand                       0x00000475   Thumb Code    26  esp8266.o(i.ESP8266SendCommand)
    ESP8266_CloseTCPConnection               0x00000491   Thumb Code    46  esp8266.o(i.ESP8266_CloseTCPConnection)
    ESP8266_ConfigureAccessPoint             0x000004d9   Thumb Code    80  esp8266.o(i.ESP8266_ConfigureAccessPoint)
    ESP8266_EnableRXInterrupt                0x00000551   Thumb Code     8  esp8266.o(i.ESP8266_EnableRXInterrupt)
    ESP8266_GetIPAddress                     0x0000055d   Thumb Code    46  esp8266.o(i.ESP8266_GetIPAddress)
    ESP8266_GetStatus                        0x000005a1   Thumb Code    46  esp8266.o(i.ESP8266_GetStatus)
    ESP8266_GetVersionNumber                 0x000005e9   Thumb Code    46  esp8266.o(i.ESP8266_GetVersionNumber)
    ESP8266_Init                             0x0000062d   Thumb Code   162  esp8266.o(i.ESP8266_Init)
    ESP8266_InitUART                         0x00000831   Thumb Code   230  esp8266.o(i.ESP8266_InitUART)
    ESP8266_JoinAccessPoint                  0x0000093d   Thumb Code    62  esp8266.o(i.ESP8266_JoinAccessPoint)
    ESP8266_ListAccessPoints                 0x000009a1   Thumb Code    46  esp8266.o(i.ESP8266_ListAccessPoints)
    ESP8266_MakeTCPConnection                0x000009e5   Thumb Code    58  esp8266.o(i.ESP8266_MakeTCPConnection)
    ESP8266_PrintChar                        0x00000a4d   Thumb Code    18  esp8266.o(i.ESP8266_PrintChar)
    ESP8266_Reset                            0x00000a65   Thumb Code    84  esp8266.o(i.ESP8266_Reset)
    ESP8266_SendTCP                          0x00000ad9   Thumb Code   104  esp8266.o(i.ESP8266_SendTCP)
    ESP8266_SetConnectionMux                 0x00000b59   Thumb Code    58  esp8266.o(i.ESP8266_SetConnectionMux)
    ESP8266_SetDataTransmissionMode          0x00000bb1   Thumb Code    58  esp8266.o(i.ESP8266_SetDataTransmissionMode)
    ESP8266_SetWifiMode                      0x00000c09   Thumb Code    66  esp8266.o(i.ESP8266_SetWifiMode)
    LED_GreenOff                             0x00000c71   Thumb Code     8  led.o(i.LED_GreenOff)
    LED_GreenOn                              0x00000c7d   Thumb Code     8  led.o(i.LED_GreenOn)
    LED_Init                                 0x00000c89   Thumb Code    88  led.o(i.LED_Init)
    LED_RedToggle                            0x00000cf5   Thumb Code    14  led.o(i.LED_RedToggle)
    Output_Init                              0x00000d09   Thumb Code     8  uart.o(i.Output_Init)
    PLL_Init                                 0x00000d11   Thumb Code   118  pll.o(i.PLL_Init)
    RxFifo_Init                              0x00000d8d   Thumb Code    26  uart.o(i.RxFifo_Init)
    RxFifo_Put                               0x00000db1   Thumb Code    48  uart.o(i.RxFifo_Put)
    RxFifo_Size                              0x00000ded   Thumb Code    14  uart.o(i.RxFifo_Size)
    ST7735_DrawCharS                         0x00000e05   Thumb Code   232  st7735.o(i.ST7735_DrawCharS)
    ST7735_DrawPixel                         0x00000ef9   Thumb Code    64  st7735.o(i.ST7735_DrawPixel)
    ST7735_DrawString                        0x00000f41   Thumb Code    84  st7735.o(i.ST7735_DrawString)
    ST7735_FillRect                          0x00000f95   Thumb Code   164  st7735.o(i.ST7735_FillRect)
    ST7735_FillScreen                        0x00001041   Thumb Code    28  st7735.o(i.ST7735_FillScreen)
    ST7735_InitR                             0x00001065   Thumb Code    90  st7735.o(i.ST7735_InitR)
    ST7735_OutChar                           0x000010e1   Thumb Code   176  st7735.o(i.ST7735_OutChar)
    ST7735_OutString                         0x000011b5   Thumb Code    22  st7735.o(i.ST7735_OutString)
    ST7735_SetCursor                         0x000011cd   Thumb Code    22  st7735.o(i.ST7735_SetCursor)
    SearchCheck                              0x000011ed   Thumb Code    68  esp8266.o(i.SearchCheck)
    SearchStart                              0x00001241   Thumb Code    30  esp8266.o(i.SearchStart)
    ServerResponseSearchCheck                0x00001271   Thumb Code   180  esp8266.o(i.ServerResponseSearchCheck)
    ServerResponseSearchStart                0x00001345   Thumb Code    34  esp8266.o(i.ServerResponseSearchStart)
    Trevor_ESPTest                           0x00001385   Thumb Code   218  esp8266.o(i.Trevor_ESPTest)
    TxFifo_Get                               0x000015c1   Thumb Code    46  uart.o(i.TxFifo_Get)
    TxFifo_Init                              0x000015fd   Thumb Code    26  uart.o(i.TxFifo_Init)
    TxFifo_Put                               0x00001621   Thumb Code    48  uart.o(i.TxFifo_Put)
    TxFifo_Size                              0x0000165d   Thumb Code    14  uart.o(i.TxFifo_Size)
    UART0_Handler                            0x00001675   Thumb Code    82  uart.o(i.UART0_Handler)
    UART1_Handler                            0x000016cd   Thumb Code    44  esp8266.o(i.UART1_Handler)
    UART_Init                                0x000016fd   Thumb Code   174  uart.o(i.UART_Init)
    UART_OutChar                             0x000017c5   Thumb Code    46  uart.o(i.UART_OutChar)
    UART_OutCharNonBlock                     0x000017f9   Thumb Code    46  uart.o(i.UART_OutCharNonBlock)
    __0printf$3                              0x0000182d   Thumb Code    22  printf3.o(i.__0printf$3)
    __1printf$3                              0x0000182d   Thumb Code     0  printf3.o(i.__0printf$3)
    __2printf                                0x0000182d   Thumb Code     0  printf3.o(i.__0printf$3)
    __0sprintf$3                             0x0000184d   Thumb Code    34  printf3.o(i.__0sprintf$3)
    __1sprintf$3                             0x0000184d   Thumb Code     0  printf3.o(i.__0sprintf$3)
    __2sprintf                               0x0000184d   Thumb Code     0  printf3.o(i.__0sprintf$3)
    __scatterload_copy                       0x00001875   Thumb Code    14  handlers.o(i.__scatterload_copy)
    __scatterload_null                       0x00001883   Thumb Code     2  handlers.o(i.__scatterload_null)
    __scatterload_zeroinit                   0x00001885   Thumb Code    14  handlers.o(i.__scatterload_zeroinit)
    fputc                                    0x00001c89   Thumb Code    16  uart.o(i.fputc)
    lc                                       0x00001c99   Thumb Code    14  esp8266.o(i.lc)
    main                                     0x00001ca9   Thumb Code    94  main.o(i.main)
    dBfs                                     0x000023fe   Data         512  st7735.o(.constdata)
    Region$$Table$$Base                      0x00002600   Number         0  anon$$obj.o(Region$$Table)
    Region$$Table$$Limit                     0x00002620   Number         0  anon$$obj.o(Region$$Table)
    Fetch                                    0x20000000   Data         120  main.o(.data)
    RXBufferIndex                            0x20000078   Data           4  esp8266.o(.data)
    LastReturnIndex                          0x2000007c   Data           4  esp8266.o(.data)
    CurrentReturnIndex                       0x20000080   Data           4  esp8266.o(.data)
    ServerResponseIndex                      0x20000084   Data           4  esp8266.o(.data)
    ESP8266_ProcessBuffer                    0x20000088   Data           1  esp8266.o(.data)
    ESP8266_EchoResponse                     0x20000089   Data           1  esp8266.o(.data)
    ESP8266_ResponseComplete                 0x2000008a   Data           1  esp8266.o(.data)
    ESP8266_APEnabled                        0x2000008b   Data           1  esp8266.o(.data)
    ESP8266_ClientEnabled                    0x2000008c   Data           1  esp8266.o(.data)
    ESP8266_ServerEnabled                    0x2000008d   Data           1  esp8266.o(.data)
    ESP8266_InputProcessingEnabled           0x2000008e   Data           1  esp8266.o(.data)
    ESP8266_PageRequested                    0x2000008f   Data           1  esp8266.o(.data)
    SearchLooking                            0x20000090   Data           1  esp8266.o(.data)
    SearchFound                              0x20000091   Data           1  esp8266.o(.data)
    SearchIndex                              0x20000094   Data           4  esp8266.o(.data)
    ServerResponseSearchString               0x20000098   Data          16  esp8266.o(.data)
    ServerResponseSearchFinished             0x200000a8   Data           4  esp8266.o(.data)
    ServerResponseSearchIndex                0x200000ac   Data           4  esp8266.o(.data)
    ServerResponseSearchLooking              0x200000b0   Data           4  esp8266.o(.data)
    ESP8266_ServerPort                       0x200000b4   Data           2  esp8266.o(.data)
    ESP8266_ServerTimeout                    0x200000b6   Data           2  esp8266.o(.data)
    RxPutI                                   0x200000b8   Data           4  uart.o(.data)
    RxGetI                                   0x200000bc   Data           4  uart.o(.data)
    TxPutI                                   0x200000c0   Data           4  uart.o(.data)
    TxGetI                                   0x200000c4   Data           4  uart.o(.data)
    StX                                      0x200000c8   Data           4  st7735.o(.data)
    StY                                      0x200000cc   Data           4  st7735.o(.data)
    StTextColor                              0x200000d0   Data           2  st7735.o(.data)
    lastj                                    0x200000d8   Data           4  st7735.o(.data)
    Messageindex                             0x200000e0   Data           4  st7735.o(.data)
    Ymax                                     0x200000e4   Data           4  st7735.o(.data)
    Ymin                                     0x200000e8   Data           4  st7735.o(.data)
    X                                        0x200000ec   Data           4  st7735.o(.data)
    Yrange                                   0x200000f0   Data           4  st7735.o(.data)
    __stdout                                 0x200000f4   Data           4  stdout.o(.data)
    RXBuffer                                 0x200000f8   Data        1024  esp8266.o(.bss)
    TXBuffer                                 0x200004f8   Data        1024  esp8266.o(.bss)
    ServerResponseBuffer                     0x200008f8   Data        1024  esp8266.o(.bss)
    SearchString                             0x20000cf8   Data          32  esp8266.o(.bss)
    __initial_sp                             0x20001918   Data           0  startup.o(STACK)



==============================================================================

Memory Map of the image

  Image Entry point : 0x0000026d

  Load Region LR_1 (Base: 0x00000000, Size: 0x00002718, Max: 0xffffffff, ABSOLUTE)

    Execution Region ER_RO (Base: 0x00000000, Size: 0x00002620, Max: 0xffffffff, ABSOLUTE)

    Base Addr    Size         Type   Attr      Idx    E Section Name        Object

    0x00000000   0x00000284   Code   RO            3  * RESET               startup.o
    0x00000284   0x00000000   Code   RO          788  * .ARM.Collect$$$$00000000  mc_w.l(entry.o)
    0x00000284   0x00000004   Code   RO         1060    .ARM.Collect$$$$00000001  mc_w.l(entry2.o)
    0x00000288   0x00000004   Code   RO         1063    .ARM.Collect$$$$00000004  mc_w.l(entry5.o)
    0x0000028c   0x00000000   Code   RO         1065    .ARM.Collect$$$$00000008  mc_w.l(entry7b.o)
    0x0000028c   0x00000000   Code   RO         1067    .ARM.Collect$$$$0000000A  mc_w.l(entry8b.o)
    0x0000028c   0x00000008   Code   RO         1068    .ARM.Collect$$$$0000000B  mc_w.l(entry9a.o)
    0x00000294   0x00000000   Code   RO         1070    .ARM.Collect$$$$0000000D  mc_w.l(entry10a.o)
    0x00000294   0x00000000   Code   RO         1072    .ARM.Collect$$$$0000000F  mc_w.l(entry11a.o)
    0x00000294   0x00000004   Code   RO         1061    .ARM.Collect$$$$00002712  mc_w.l(entry2.o)
    0x00000298   0x0000001c   Code   RO            4    .text               startup.o
    0x000002b4   0x0000000e   Code   RO          793    .text               mc_w.l(strlen.o)
    0x000002c2   0x00000012   Code   RO          795    .text               mc_w.l(strcpy.o)
    0x000002d4   0x0000002c   Code   RO         1075    .text               mc_w.l(uidiv.o)
    0x00000300   0x00000024   Code   RO         1090    .text               mc_w.l(init.o)
    0x00000324   0x00000018   Code   RO          465    i.Board_Input       led.o
    0x0000033c   0x00000020   Code   RO          525    i.Delay1ms          st7735.o
    0x0000035c   0x00000020   Code   RO           77    i.DelayMs           esp8266.o
    0x0000037c   0x00000030   Code   RO           78    i.DelayMsSearching  esp8266.o
    0x000003ac   0x00000088   Code   RO           79    i.ESP8266FIFOtoBuffer  esp8266.o
    0x00000434   0x00000040   Code   RO           80    i.ESP8266ProcessInput  esp8266.o
    0x00000474   0x0000001a   Code   RO           81    i.ESP8266SendCommand  esp8266.o
    0x0000048e   0x00000002   PAD
    0x00000490   0x00000048   Code   RO           82    i.ESP8266_CloseTCPConnection  esp8266.o
    0x000004d8   0x00000078   Code   RO           83    i.ESP8266_ConfigureAccessPoint  esp8266.o
    0x00000550   0x0000000c   Code   RO           86    i.ESP8266_EnableRXInterrupt  esp8266.o
    0x0000055c   0x00000044   Code   RO           89    i.ESP8266_GetIPAddress  esp8266.o
    0x000005a0   0x00000048   Code   RO           90    i.ESP8266_GetStatus  esp8266.o
    0x000005e8   0x00000044   Code   RO           91    i.ESP8266_GetVersionNumber  esp8266.o
    0x0000062c   0x00000204   Code   RO           92    i.ESP8266_Init      esp8266.o
    0x00000830   0x0000010c   Code   RO           93    i.ESP8266_InitUART  esp8266.o
    0x0000093c   0x00000064   Code   RO           94    i.ESP8266_JoinAccessPoint  esp8266.o
    0x000009a0   0x00000044   Code   RO           95    i.ESP8266_ListAccessPoints  esp8266.o
    0x000009e4   0x00000068   Code   RO           96    i.ESP8266_MakeTCPConnection  esp8266.o
    0x00000a4c   0x00000018   Code   RO           98    i.ESP8266_PrintChar  esp8266.o
    0x00000a64   0x00000074   Code   RO          100    i.ESP8266_Reset     esp8266.o
    0x00000ad8   0x00000080   Code   RO          101    i.ESP8266_SendTCP   esp8266.o
    0x00000b58   0x00000058   Code   RO          102    i.ESP8266_SetConnectionMux  esp8266.o
    0x00000bb0   0x00000058   Code   RO          103    i.ESP8266_SetDataTransmissionMode  esp8266.o
    0x00000c08   0x00000068   Code   RO          105    i.ESP8266_SetWifiMode  esp8266.o
    0x00000c70   0x0000000c   Code   RO          467    i.LED_GreenOff      led.o
    0x00000c7c   0x0000000c   Code   RO          468    i.LED_GreenOn       led.o
    0x00000c88   0x0000006c   Code   RO          470    i.LED_Init          led.o
    0x00000cf4   0x00000014   Code   RO          473    i.LED_RedToggle     led.o
    0x00000d08   0x00000008   Code   RO          310    i.Output_Init       uart.o
    0x00000d10   0x0000007c   Code   RO           65    i.PLL_Init          pll.o
    0x00000d8c   0x00000024   Code   RO          312    i.RxFifo_Init       uart.o
    0x00000db0   0x0000003c   Code   RO          313    i.RxFifo_Put        uart.o
    0x00000dec   0x00000018   Code   RO          314    i.RxFifo_Size       uart.o
    0x00000e04   0x000000f4   Code   RO          533    i.ST7735_DrawCharS  st7735.o
    0x00000ef8   0x00000048   Code   RO          536    i.ST7735_DrawPixel  st7735.o
    0x00000f40   0x00000054   Code   RO          537    i.ST7735_DrawString  st7735.o
    0x00000f94   0x000000ac   Code   RO          538    i.ST7735_FillRect   st7735.o
    0x00001040   0x00000024   Code   RO          539    i.ST7735_FillScreen  st7735.o
    0x00001064   0x0000007c   Code   RO          541    i.ST7735_InitR      st7735.o
    0x000010e0   0x000000d4   Code   RO          543    i.ST7735_OutChar    st7735.o
    0x000011b4   0x00000016   Code   RO          544    i.ST7735_OutString  st7735.o
    0x000011ca   0x00000002   PAD
    0x000011cc   0x00000020   Code   RO          555    i.ST7735_SetCursor  st7735.o
    0x000011ec   0x00000054   Code   RO          107    i.SearchCheck       esp8266.o
    0x00001240   0x00000030   Code   RO          108    i.SearchStart       esp8266.o
    0x00001270   0x000000d4   Code   RO          109    i.ServerResponseSearchCheck  esp8266.o
    0x00001344   0x00000040   Code   RO          110    i.ServerResponseSearchStart  esp8266.o
    0x00001384   0x0000023c   Code   RO          111    i.Trevor_ESPTest    esp8266.o
    0x000015c0   0x0000003c   Code   RO          315    i.TxFifo_Get        uart.o
    0x000015fc   0x00000024   Code   RO          316    i.TxFifo_Init       uart.o
    0x00001620   0x0000003c   Code   RO          317    i.TxFifo_Put        uart.o
    0x0000165c   0x00000018   Code   RO          318    i.TxFifo_Size       uart.o
    0x00001674   0x00000058   Code   RO          319    i.UART0_Handler     uart.o
    0x000016cc   0x00000030   Code   RO          112    i.UART1_Handler     esp8266.o
    0x000016fc   0x000000c8   Code   RO          325    i.UART_Init         uart.o
    0x000017c4   0x00000034   Code   RO          326    i.UART_OutChar      uart.o
    0x000017f8   0x00000034   Code   RO          327    i.UART_OutCharNonBlock  uart.o
    0x0000182c   0x00000020   Code   RO          888    i.__0printf$3       mc_w.l(printf3.o)
    0x0000184c   0x00000028   Code   RO          890    i.__0sprintf$3      mc_w.l(printf3.o)
    0x00001874   0x0000000e   Code   RO         1102    i.__scatterload_copy  mc_w.l(handlers.o)
    0x00001882   0x00000002   Code   RO         1103    i.__scatterload_null  mc_w.l(handlers.o)
    0x00001884   0x0000000e   Code   RO         1104    i.__scatterload_zeroinit  mc_w.l(handlers.o)
    0x00001892   0x00000002   PAD
    0x00001894   0x000001b8   Code   RO          895    i._printf_core      mc_w.l(printf3.o)
    0x00001a4c   0x0000000a   Code   RO          897    i._sputc            mc_w.l(printf3.o)
    0x00001a56   0x00000056   Code   RO          559    i.commandList       st7735.o
    0x00001aac   0x00000184   Code   RO          560    i.commonInit        st7735.o
    0x00001c30   0x0000002c   Code   RO          331    i.copyHardwareToSoftware  uart.o
    0x00001c5c   0x0000002c   Code   RO          332    i.copySoftwareToHardware  uart.o
    0x00001c88   0x00000010   Code   RO          333    i.fputc             uart.o
    0x00001c98   0x0000000e   Code   RO          113    i.lc                esp8266.o
    0x00001ca6   0x00000002   PAD
    0x00001ca8   0x0000009c   Code   RO           12    i.main              main.o
    0x00001d44   0x00000012   Code   RO          564    i.pushColor         st7735.o
    0x00001d56   0x00000002   PAD
    0x00001d58   0x00000074   Code   RO          565    i.setAddrWindow     st7735.o
    0x00001dcc   0x00000030   Code   RO          566    i.writecommand      st7735.o
    0x00001dfc   0x00000020   Code   RO          567    i.writedata         st7735.o
    0x00001e1c   0x000007e2   Data   RO          569    .constdata          st7735.o
    0x000025fe   0x00000002   PAD
    0x00002600   0x00000020   Data   RO         1100    Region$$Table       anon$$obj.o


    Execution Region ER_RW (Base: 0x20000000, Size: 0x000000f8, Max: 0xffffffff, ABSOLUTE)

    Base Addr    Size         Type   Attr      Idx    E Section Name        Object

    0x20000000   0x00000078   Data   RW           14    .data               main.o
    0x20000078   0x00000040   Data   RW          116    .data               esp8266.o
    0x200000b8   0x00000010   Data   RW          335    .data               uart.o
    0x200000c8   0x0000002c   Data   RW          570    .data               st7735.o
    0x200000f4   0x00000004   Data   RW         1074    .data               mc_w.l(stdout.o)


    Execution Region ER_ZI (Base: 0x200000f8, Size: 0x00001820, Max: 0xffffffff, ABSOLUTE)

    Base Addr    Size         Type   Attr      Idx    E Section Name        Object

    0x200000f8   0x00000c20   Zero   RW          114    .bss                esp8266.o
    0x20000d18   0x00000800   Zero   RW          334    .bss                uart.o
    0x20001518   0x00000400   Zero   RW            1    STACK               startup.o


==============================================================================

Image component sizes


      Code (inc. data)   RO Data    RW Data    ZI Data      Debug   Object Name

      3364       1282          0         64       3104      18158   esp8266.o
       176         40          0          0          0       1950   led.o
       156         62          0        120          0       7107   main.o
       124          6          0          0          0        451   pll.o
      1718        190       2018         44          0      12338   st7735.o
       672        622          0          0       1024        964   startup.o
       804        132          0         16       2048       7997   uart.o

    ----------------------------------------------------------------------
      7022       2334       2052        244       6176      48965   Object Totals
         0          0         32          0          0          0   (incl. Generated)
         8          0          2          0          0          0   (incl. Padding)

    ----------------------------------------------------------------------

      Code (inc. data)   RO Data    RW Data    ZI Data      Debug   Library Member Name

         0          0          0          0          0          0   entry.o
         0          0          0          0          0          0   entry10a.o
         0          0          0          0          0          0   entry11a.o
         8          4          0          0          0          0   entry2.o
         4          0          0          0          0          0   entry5.o
         0          0          0          0          0          0   entry7b.o
         0          0          0          0          0          0   entry8b.o
         8          4          0          0          0          0   entry9a.o
        30          0          0          0          0          0   handlers.o
        36          8          0          0          0         68   init.o
       522         20          0          0          0        332   printf3.o
         0          0          0          4          0          0   stdout.o
        18          0          0          0          0         68   strcpy.o
        14          0          0          0          0         68   strlen.o
        44          0          0          0          0         80   uidiv.o

    ----------------------------------------------------------------------
       686         36          0          4          0        616   Library Totals
         2          0          0          0          0          0   (incl. Padding)

    ----------------------------------------------------------------------

      Code (inc. data)   RO Data    RW Data    ZI Data      Debug   Library Name

       684         36          0          4          0        616   mc_w.l

    ----------------------------------------------------------------------
       686         36          0          4          0        616   Library Totals

    ----------------------------------------------------------------------

==============================================================================


      Code (inc. data)   RO Data    RW Data    ZI Data      Debug   

      7708       2370       2052        248       6176      45993   Grand Totals
      7708       2370       2052        248       6176      45993   ELF Image Totals
      7708       2370       2052        248          0          0   ROM Totals

==============================================================================

    Total RO  Size (Code + RO Data)                 9760 (   9.53kB)
    Total RW  Size (RW Data + ZI Data)              6424 (   6.27kB)
    Total ROM Size (Code + RO Data + RW Data)      10008 (   9.77kB)

==============================================================================

