<html>
<body>
<pre>
<h1>µVision Build Log</h1>
<h2>Project:</h2>
C:\Users\T\Downloads\_PDFS\ValvanoWareTM4C123\Real-Time-Interfacing-Labs\Lab5-Piano\Lab5.uvproj
Project File Date:  10/09/2016

<h2>Output:</h2>
Build target 'Lab5'
compiling DAC.c...
DAC.c(102): warning:  #111-D: statement is unreachable
                break;
DAC.c(110): warning:  #111-D: statement is unreachable
                break;
DAC.c: 2 warnings, 0 errors
linking...
Program Size: Code=2664 RO-data=2496 RW-data=20 ZI-data=1124  
".\Lab5.axf" - 0 Error(s), 2 Warning(s).
Load "C:\\Users\\T\\Downloads\\_PDFS\\ValvanoWareTM4C123\\Real-Time-Interfacing-Labs\\Lab5-Piano\\Lab5.axf" 
Connecting: Mode=JTAG, Speed=1000000Hz
Erase Done.
Programming Done.
Verify OK.
e Done.
Programming Done.
Verify OK.
