<html>
<body>
<pre>
<h1>µVision Build Log</h1>
<h2>Project:</h2>
C:\Keil\ValvanoWareTM4C123\EE-445L-Labs\Lab5-Piano\Lab5.uvproj
Project File Date:  10/04/2016

<h2>Output:</h2>
Build target 'Lab5'
compiling main.c...
main.c(46): warning:  #550-D: variable "fullLength" was set but never used
  static uint16_t fullLength = 0;
main.c: 1 warning, 0 errors
linking...
Program Size: Code=2776 RO-data=2416 RW-data=20 ZI-data=1124  
".\Lab5.axf" - 0 Error(s), 1 Warning(s).
Load "C:\\Keil\\ValvanoWareTM4C123\\EE-445L-Labs\\Lab5-Piano\\Lab5.axf" 
Connecting: Mode=JTAG, Speed=1000000Hz
Erase Done.
Programming Done.
Verify OK.
</pre>
</body>
</html>
rget DLL has been cancelled
Load "C:\\Keil\\ValvanoWareTM4C123\\EE-445L-Labs\\Lab5-Piano\\Lab5.axf" 
Connecting: Mode=JTAG, Speed=1000000Hz
Erase Done.
Programming Done.
Verify OK.
0000Hz
Connection failed!, error code=&d
Error: Flash Download failed  -  Target DLL has been cancelled
Load "C:\\Keil\\ValvanoWareTM4C123\\EE-445L-Labs\\Lab5-Piano\\Lab5.axf" 
Connecting: Mode=JTAG, Speed=1000000Hz
Erase Done.
Programming Done.
Verify OK.
Load "C:\\Keil\\ValvanoWareTM4C123\\EE-445L-Labs\\Lab5-Piano\\Lab5.axf" 
Connecting: Mode=JTAG, Speed=1000000Hz
Erase Done.
Programming Done.
Verify OK.
Load "C:\\Keil\\ValvanoWareTM4C123\\EE-445L-Labs\\Lab5-Piano\\Lab5.axf" 
Connecting: Mode=JTAG, Speed=1000000Hz
Erase Done.
Programming Done.
Verify OK.
