<html>
<body>
<pre>
<h1>µVision Build Log</h1>
<h2>Project:</h2>
C:\Keil\ValvanoWareTM4C123\EE-445L-Labs\Lab1-FixedPoint\ST7735.uvproj
Project File Date:  10/09/2016

<h2>Output:</h2>
Build target 'ST7735'
assembling startup.s...
compiling PLL.c...
compiling ST7735.c...
compiling fixed.c...
compiling main.c...
compiling SysTick.c...
assembling FixedVsFloatTests.s...
linking...
Program Size: Code=5796 RO-data=4324 RW-data=72 ZI-data=1040  
".\ST7735.axf" - 0 Error(s), 0 Warning(s).
</pre>
</body>
</html>
