<html>
<body>
<pre>
<h1>µVision Build Log</h1>
<h2>Project:</h2>
C:\Keil\ValvanoWareTM4C123\EE-445L-Labs\Lab3-AlarmClock\ADCSWTrigger.uvproj
Project File Date:  10/09/2016

<h2>Output:</h2>
Build target 'ADCSWTrigger'
assembling startup.s...
compiling ADCSWTrigger.c...
compiling PLL.c...
compiling fixed.c...
compiling draw.c...
draw.c(135): warning:  #186-D: pointless comparison of unsigned integer with zero
    if      (d >= 0   &&  d <= 45)  { degrees = d;       }
draw.c(149): warning:  #186-D: pointless comparison of unsigned integer with zero
    if      (d >= 0   &&  d <= 45)  { ret_point.x = x0 + arr[i].x;      ret_point.y = y0 - arr[i].y; }
draw.c: 2 warnings, 0 errors
compiling FIFO.c...
compiling out.c...
compiling main.c...
compiling Keypad.c...
compiling Timer.c...
compiling ST7735.c...
linking...
Program Size: Code=8328 RO-data=2356 RW-data=132 ZI-data=4220  
".\ADCSWTrigger.axf" - 0 Error(s), 2 Warning(s).
