<html>
<body>
<pre>
<h1>µVision Build Log</h1>
<h2>Project:</h2>
C:\Keil\ValvanoWareTM4C123\EE-445L-Labs\Lab7-FinalProjectHardware\Lab5.uvproj
Project File Date:  10/18/2016

<h2>Output:</h2>
Rebuild target 'Lab5'
assembling startup.s...
compiling PLL.c...
compiling DAC.c...
DAC.c(102): warning:  #111-D: statement is unreachable
                break;
DAC.c(110): warning:  #111-D: statement is unreachable
                break;
DAC.c: 2 warnings, 0 errors
compiling main.c...
main.c(46): warning:  #550-D: variable "fullLength" was set but never used
  static uint16_t fullLength = 0;
main.c: 1 warning, 0 errors
compiling Switch.c...
compiling esp8266.c...
compiling LED.c...
compiling UART.c...
compiling ADCSWTrigger.c...
compiling fixed.c...
compiling ST7735.c...
linking...
Program Size: Code=3896 RO-data=2496 RW-data=100 ZI-data=6276  
".\Lab7.axf" - 0 Error(s), 3 Warning(s).
