<html>
<body>
<pre>
<h1>µVision Build Log</h1>
<h2>Project:</h2>
C:\Keil\ValvanoWareTM4C123\EE-445L-Labs\Lab7-FinalProjectHardware\Lab7.uvproj
Project File Date:  10/24/2016

<h2>Output:</h2>
Build target 'Lab7'
compiling main.c...
linking...
Program Size: Code=2424 RO-data=32 RW-data=88 ZI-data=6272  
".\Lab7.axf" - 0 Error(s), 0 Warning(s).
 information to list image symbols.
Not enough information to list the image map.
Finished: 2 information, 0 warning and 1 error messages.
".\Lab7.axf" - 1 Error(s), 0 Warning(s).
Target not created
ol Timer1A_Handler multiply defined (by init.o and main.o).
.\Lab7.axf: Error: L6200E: Symbol Timer2A_Handler multiply defined (by init.o and switch.o).
.\Lab7.axf: Error: L6200E: Symbol PortF_Init multiply defined (by init.o and main.o).
.\Lab7.axf: Error: L6200E: Symbol Timer0A_Init multiply defined (by init.o and main.o).
.\Lab7.axf: Error: L6200E: Symbol Timer1_Init multiply defined (by init.o and main.o).
Not enough information to list image symbols.
Not enough information to list the image map.
Finished: 2 information, 0 warning and 6 error messages.
".\Lab7.axf" - 6 Error(s), 1 Warning(s).
Target not created
