<html>
<body>
<pre>
<h1>µVision Build Log</h1>
<h2>Project:</h2>
C:\Keil\ValvanoWareTM4C123\EE-445L-Labs\Lab7-FinalProjectHardware\Lab7.uvproj
Project File Date:  10/31/2016

<h2>Output:</h2>
Build target 'Lab7'
linking...
Program Size: Code=5784 RO-data=2052 RW-data=124 ZI-data=6284  
".\Lab7.axf" - 0 Error(s), 0 Warning(s).
tifier "SW_TSTICK_1" is undefined
    if      (SW_TSTICK_1) {} 
Switch.c(46): error:  #20: identifier "SW_TSTICK_2" is undefined
    else if (SW_TSTICK_2) {}
Switch.c(47): error:  #20: identifier "SW_A" is undefined
    else if (SW_A)        {}
Switch.c(48): error:  #20: identifier "SW_B" is undefined
    else if (SW_B)        {}
Switch.c(60): error:  #20: identifier "SW_MISC" is undefined
    if      (SW_MISC)  {} 
Switch.c(61): error:  #20: identifier "SW_START" is undefined
    else if (SW_START) {}
Switch.c: 0 warnings, 6 errors
compiling esp8266.c...
compiling ST7735.c...
compiling Buttons.c...
compiling UART.c...
compiling Thumbstick.c...
compiling Accel.c...
compiling Graphics.c...
compiling ADC.c...
compiling GameRules.cpp...
compiling main.cpp...
main.cpp(27): warning:  #177-D: variable "BAUD_RATE" was declared but never referenced
  static const int BAUD_RATE = 115200;
main.cpp(28): warning:  #177-D: variable "tstick" was declared but never referenced
  static uint16_t tstick[4]; static uint16_t accel[3];
main.cpp(28): warning:  #177-D: variable "accel" was declared but never referenced
  static uint16_t tstick[4]; static uint16_t accel[3];
main.cpp: 3 warnings, 0 errors
compiling PortInit.c...
compiling LED.c...
".\Lab7.axf" - 6 Error(s), 3 Warning(s).
Target not created
