ARM Linker, 5.03 [Build 76] [MDK-ARM Professional]

==============================================================================

Section Cross References

    startup.o(STACK) refers (Special) to heapauxi.o(.text) for __use_two_region_memory
    startup.o(HEAP) refers (Special) to heapauxi.o(.text) for __use_two_region_memory
    startup.o(RESET) refers (Special) to heapauxi.o(.text) for __use_two_region_memory
    startup.o(RESET) refers to startup.o(STACK) for StackMem
    startup.o(RESET) refers to buttons.o(i.GPIOPortD_Handler) for GPIOPortD_Handler
    startup.o(RESET) refers to buttons.o(i.GPIOPortE_Handler) for GPIOPortE_Handler
    startup.o(RESET) refers to uart.o(i.UART0_Handler) for UART0_Handler
    startup.o(RESET) refers to esp8266.o(i.UART1_Handler) for UART1_Handler
    startup.o(RESET) refers to buttons.o(i.Timer2A_Handler) for Timer2A_Handler
    startup.o(RESET) refers to main.o(i.Timer3A_Handler) for Timer3A_Handler
    startup.o(RESET) refers to __main.o(!!!main) for __main
    startup.o(.text) refers (Special) to heapauxi.o(.text) for __use_two_region_memory
    startup.o(.text) refers to startup.o(HEAP) for HeapMem
    startup.o(.text) refers to startup.o(STACK) for StackMem
    dac.o(i.DAC_Test) refers to dac.o(i.DAC_Out) for DAC_Out
    dac.o(i.DAC_Test) refers to dac.o(.constdata) for SinewaveDAC
    esp8266.o(i.DelayMsSearching) refers to esp8266.o(.data) for SearchFound
    esp8266.o(i.ESP8266FIFOtoBuffer) refers to uart.o(i.UART_OutCharNonBlock) for UART_OutCharNonBlock
    esp8266.o(i.ESP8266FIFOtoBuffer) refers to esp8266.o(i.SearchCheck) for SearchCheck
    esp8266.o(i.ESP8266FIFOtoBuffer) refers to esp8266.o(i.ServerResponseSearchCheck) for ServerResponseSearchCheck
    esp8266.o(i.ESP8266FIFOtoBuffer) refers to esp8266.o(.data) for ESP8266_EchoResponse
    esp8266.o(i.ESP8266FIFOtoBuffer) refers to esp8266.o(.bss) for RXBuffer
    esp8266.o(i.ESP8266ProcessInput) refers to _printf_percent.o(.ARM.Collect$$_printf_percent$$00000000) for _printf_percent
    esp8266.o(i.ESP8266ProcessInput) refers to _printf_s.o(.ARM.Collect$$_printf_percent$$00000014) for _printf_s
    esp8266.o(i.ESP8266ProcessInput) refers to _printf_str.o(.text) for _printf_str
    esp8266.o(i.ESP8266ProcessInput) refers to strstr.o(.text) for strstr
    esp8266.o(i.ESP8266ProcessInput) refers to noretval__2printf.o(.text) for __2printf
    esp8266.o(i.ESP8266ProcessInput) refers to esp8266.o(.data) for ESP8266_PageRequested
    esp8266.o(i.ESP8266SendCommand) refers to esp8266.o(i.ESP8266_PrintChar) for ESP8266_PrintChar
    esp8266.o(i.ESP8266_CloseTCPConnection) refers to esp8266.o(i.SearchStart) for SearchStart
    esp8266.o(i.ESP8266_CloseTCPConnection) refers to esp8266.o(i.ESP8266SendCommand) for ESP8266SendCommand
    esp8266.o(i.ESP8266_CloseTCPConnection) refers to esp8266.o(i.DelayMsSearching) for DelayMsSearching
    esp8266.o(i.ESP8266_CloseTCPConnection) refers to esp8266.o(.data) for SearchFound
    esp8266.o(i.ESP8266_ConfigureAccessPoint) refers to _printf_percent.o(.ARM.Collect$$_printf_percent$$00000000) for _printf_percent
    esp8266.o(i.ESP8266_ConfigureAccessPoint) refers to _printf_d.o(.ARM.Collect$$_printf_percent$$00000009) for _printf_d
    esp8266.o(i.ESP8266_ConfigureAccessPoint) refers to _printf_s.o(.ARM.Collect$$_printf_percent$$00000014) for _printf_s
    esp8266.o(i.ESP8266_ConfigureAccessPoint) refers to _printf_dec.o(.text) for _printf_int_dec
    esp8266.o(i.ESP8266_ConfigureAccessPoint) refers to _printf_str.o(.text) for _printf_str
    esp8266.o(i.ESP8266_ConfigureAccessPoint) refers to esp8266.o(i.SearchStart) for SearchStart
    esp8266.o(i.ESP8266_ConfigureAccessPoint) refers to noretval__2sprintf.o(.text) for __2sprintf
    esp8266.o(i.ESP8266_ConfigureAccessPoint) refers to esp8266.o(i.ESP8266SendCommand) for ESP8266SendCommand
    esp8266.o(i.ESP8266_ConfigureAccessPoint) refers to esp8266.o(i.DelayMsSearching) for DelayMsSearching
    esp8266.o(i.ESP8266_ConfigureAccessPoint) refers to esp8266.o(.bss) for TXBuffer
    esp8266.o(i.ESP8266_ConfigureAccessPoint) refers to esp8266.o(.data) for SearchFound
    esp8266.o(i.ESP8266_DisableServer) refers to _printf_percent.o(.ARM.Collect$$_printf_percent$$00000000) for _printf_percent
    esp8266.o(i.ESP8266_DisableServer) refers to _printf_d.o(.ARM.Collect$$_printf_percent$$00000009) for _printf_d
    esp8266.o(i.ESP8266_DisableServer) refers to _printf_dec.o(.text) for _printf_int_dec
    esp8266.o(i.ESP8266_DisableServer) refers to esp8266.o(i.SearchStart) for SearchStart
    esp8266.o(i.ESP8266_DisableServer) refers to noretval__2sprintf.o(.text) for __2sprintf
    esp8266.o(i.ESP8266_DisableServer) refers to esp8266.o(i.ESP8266SendCommand) for ESP8266SendCommand
    esp8266.o(i.ESP8266_DisableServer) refers to esp8266.o(i.DelayMsSearching) for DelayMsSearching
    esp8266.o(i.ESP8266_DisableServer) refers to esp8266.o(.data) for ESP8266_ServerPort
[...]
    .text                                    0x0000038c   Section        0  noretval__2sprintf.o(.text)
    .text                                    0x000003b4   Section        0  __printf.o(.text)
    .text                                    0x0000041c   Section        0  _printf_str.o(.text)
    .text                                    0x00000470   Section        0  _printf_dec.o(.text)
    .text                                    0x000004e8   Section        0  strcpy.o(.text)
    .text                                    0x00000530   Section        0  strlen.o(.text)
    .text                                    0x0000056e   Section        0  heapauxi.o(.text)
    .text                                    0x00000574   Section        8  rt_new_handler_addr_intlibspace.o(.text)
    .text                                    0x0000057c   Section        0  h1_alloc.o(.text)
    .text                                    0x000005da   Section        0  _printf_intcommon.o(.text)
    .text                                    0x00000694   Section        0  _printf_char_common.o(.text)
    _printf_input_char                       0x00000695   Thumb Code    10  _printf_char_common.o(.text)
    .text                                    0x000006c4   Section        0  _sputc.o(.text)
    .text                                    0x000006ce   Section        0  _printf_char.o(.text)
    .text                                    0x000006fc   Section        0  _printf_char_file.o(.text)
    .text                                    0x00000720   Section        0  arm_newhandler_noexceptions.o(.text)
    .text                                    0x00000724   Section        8  libspace.o(.text)
    .text                                    0x0000072c   Section        8  rt_heap_descriptor_intlibspace.o(.text)
    .text                                    0x00000734   Section        0  hguard.o(.text)
    .text                                    0x00000738   Section        0  init_alloc.o(.text)
    .text                                    0x000007c2   Section        0  h1_init.o(.text)
    .text                                    0x000007d0   Section        0  h1_free.o(.text)
    .text                                    0x00000820   Section        0  initio.o(.text)
    .text                                    0x00000958   Section        0  arm_exceptions_terminate.o(.text)
    .text                                    0x00000972   Section        0  sys_io.o(.text)
    .text                                    0x000009d8   Section       74  sys_stackheap_outer.o(.text)
    .text                                    0x00000a22   Section        0  h1_extend.o(.text)
    .text                                    0x00000a56   Section        0  setvbuf.o(.text)
    .text                                    0x00000a9c   Section        0  fopen.o(.text)
    _freopen_locked                          0x00000a9d   Thumb Code     0  fopen.o(.text)
    .text                                    0x00000b88   Section        0  fclose.o(.text)
    .text                                    0x00000bd4   Section        0  exit.o(.text)
    .text                                    0x00000be0   Section        0  abort.o(.text)
    .text                                    0x00000bf0   Section        0  defsig_rtred_outer.o(.text)
    .text                                    0x00000bfe   Section        0  defsig_rtmem_outer.o(.text)
    .text                                    0x00000c0c   Section       78  rt_memclr_w.o(.text)
    .text                                    0x00000c5c   Section        0  arm_exceptions_globs.o(.text)
    __default_terminate_handler()            0x00000c5d   Thumb Code     6  arm_exceptions_globs.o(.text)
    .text                                    0x00000cac   Section        0  sys_exit.o(.text)
    .text                                    0x00000cb8   Section        2  use_no_semi.o(.text)
    .text                                    0x00000cba   Section        0  indicate_semi.o(.text)
    .text                                    0x00000cbc   Section        8  rt_eh_globals_addr_intlibspace.o(.text)
    .text                                    0x00000cc4   Section        0  fseek.o(.text)
    .text                                    0x00000dbc   Section        0  stdio.o(.text)
    .text                                    0x00000eac   Section        0  defsig_exit.o(.text)
    .text                                    0x00000eb6   Section        0  defsig_abrt_outer.o(.text)
    .text                                    0x00000ec4   Section        0  defsig_rtred_inner.o(.text)
    .text                                    0x00000ef8   Section        0  defsig_rtmem_inner.o(.text)
    .text                                    0x00000f48   Section        0  arm_exceptions_mem.o(.text)
    .text                                    0x00000f84   Section        0  ftell.o(.text)
    .text                                    0x00000fca   Section        0  defsig_general.o(.text)
    .text                                    0x00000ffc   Section        0  defsig_abrt_inner.o(.text)
    .text                                    0x0000102c   Section        0  sys_wrch.o(.text)
    .text                                    0x0000103c   Section        8  rt_errno_addr_intlibspace.o(.text)
    i.ADC_In                                 0x00001044   Section        0  adc.o(i.ADC_In)
    i.ADC_Init                               0x000010a8   Section        0  adc.o(i.ADC_Init)
    i.Accel_Init                             0x00001140   Section        0  accel.o(i.Accel_Init)
    i.Buttons_Init                           0x000011a0   Section        0  buttons.o(i.Buttons_Init)
    i.DAC_Init                               0x000012c8   Section        0  dac.o(i.DAC_Init)
    i.Delay1ms                               0x00001348   Section        0  st7735.o(i.Delay1ms)
    i.DelayMs                                0x00001368   Section        0  esp8266.o(i.DelayMs)
    i.DelayMsSearching                       0x00001388   Section        0  esp8266.o(i.DelayMsSearching)
    i.ESP8266FIFOtoBuffer                    0x000013b8   Section        0  esp8266.o(i.ESP8266FIFOtoBuffer)
    i.ESP8266SendCommand                     0x00001434   Section        0  esp8266.o(i.ESP8266SendCommand)
    i.ESP8266_EnableRXInterrupt              0x00001450   Section        0  esp8266.o(i.ESP8266_EnableRXInterrupt)
    i.ESP8266_GetIPAddress                   0x0000145c   Section        0  esp8266.o(i.ESP8266_GetIPAddress)
    i.ESP8266_Init                           0x000014a0   Section        0  esp8266.o(i.ESP8266_Init)
    i.ESP8266_InitUART                       0x000016a0   Section        0  esp8266.o(i.ESP8266_InitUART)
    i.ESP8266_JoinAccessPoint                0x000017ac   Section        0  esp8266.o(i.ESP8266_JoinAccessPoint)
    i.ESP8266_ListAccessPoints               0x00001810   Section        0  esp8266.o(i.ESP8266_ListAccessPoints)
    i.ESP8266_PrintChar                      0x00001854   Section        0  esp8266.o(i.ESP8266_PrintChar)
    i.ESP8266_Reset                          0x0000186c   Section        0  esp8266.o(i.ESP8266_Reset)
    i.ESP8266_SetDataTransmissionMode        0x000018e0   Section        0  esp8266.o(i.ESP8266_SetDataTransmissionMode)
    i.ESP8266_SetWifiMode                    0x00001938   Section        0  esp8266.o(i.ESP8266_SetWifiMode)
    i.GPIOPortD_Handler                      0x000019a0   Section        0  buttons.o(i.GPIOPortD_Handler)
    i.GPIOPortE_Handler                      0x000019f8   Section        0  buttons.o(i.GPIOPortE_Handler)
    i.LED_Init                               0x00001a24   Section        0  led.o(i.LED_Init)
    i.PLL_Init                               0x00001a90   Section        0  pll.o(i.PLL_Init)
    i.PortA_Init                             0x00001b0c   Section        0  portinit.o(i.PortA_Init)
    i.PortB_Init                             0x00001b10   Section        0  portinit.o(i.PortB_Init)
    i.PortC_Init                             0x00001b34   Section        0  portinit.o(i.PortC_Init)
    i.PortD_Arm                              0x00001b58   Section        0  buttons.o(i.PortD_Arm)
    i.PortD_Init                             0x00001b94   Section        0  portinit.o(i.PortD_Init)
    i.PortE_Arm                              0x00001bb8   Section        0  buttons.o(i.PortE_Arm)
    i.PortE_Init                             0x00001bf4   Section        0  portinit.o(i.PortE_Init)
    i.PortF_Init                             0x00001c18   Section        0  portinit.o(i.PortF_Init)
    i.RxFifo_Put                             0x00001c3c   Section        0  uart.o(i.RxFifo_Put)
    i.RxFifo_Size                            0x00001c78   Section        0  uart.o(i.RxFifo_Size)
    i.ST7735_DrawBitmap                      0x00001c90   Section        0  st7735.o(i.ST7735_DrawBitmap)
    i.ST7735_FillRect                        0x00001db0   Section        0  st7735.o(i.ST7735_FillRect)
    i.ST7735_FillScreen                      0x00001e5c   Section        0  st7735.o(i.ST7735_FillScreen)
    i.ST7735_InitR                           0x00001e80   Section        0  st7735.o(i.ST7735_InitR)
    i.ST7735_SetCursor                       0x00001efc   Section        0  st7735.o(i.ST7735_SetCursor)
    i.SearchCheck                            0x00001f1c   Section        0  esp8266.o(i.SearchCheck)
    i.SearchStart                            0x00001f70   Section        0  esp8266.o(i.SearchStart)
    i.ServerResponseSearchCheck              0x00001fa0   Section        0  esp8266.o(i.ServerResponseSearchCheck)
    i.Thumbstick_Init                        0x00002074   Section        0  thumbstick.o(i.Thumbstick_Init)
    i.Timer2A_Handler                        0x000020b8   Section        0  buttons.o(i.Timer2A_Handler)
    i.Timer2_Arm                             0x00002114   Section        0  buttons.o(i.Timer2_Arm)
    i.Timer3A_Handler                        0x00002160   Section        0  main.o(i.Timer3A_Handler)
    i.TxFifo_Get                             0x00002174   Section        0  uart.o(i.TxFifo_Get)
    i.TxFifo_Put                             0x000021b0   Section        0  uart.o(i.TxFifo_Put)
    i.TxFifo_Size                            0x000021ec   Section        0  uart.o(i.TxFifo_Size)
    i.UART0_Handler                          0x00002204   Section        0  uart.o(i.UART0_Handler)
    i.UART1_Handler                          0x0000225c   Section        0  esp8266.o(i.UART1_Handler)
    i.UART_OutChar                           0x0000228c   Section        0  uart.o(i.UART_OutChar)
    i.UART_OutCharNonBlock                   0x000022c0   Section        0  uart.o(i.UART_OutCharNonBlock)
    i._Z12DrawEntitiesP10EntityList          0x000022f4   Section        0  gamerules.o(i._Z12DrawEntitiesP10EntityList)
    i._Z13EraseEntitiesP10EntityList         0x00002338   Section        0  gamerules.o(i._Z13EraseEntitiesP10EntityList)
    i._Z13GameTick_Initv                     0x0000236c   Section        0  main.o(i._Z13GameTick_Initv)
    i._Z21NormalizeAnalogInputsPtS_          0x000023c8   Section        0  gamerules.o(i._Z21NormalizeAnalogInputsPtS_)
    i._ZN10EntityList12removeZeroesEv        0x00002422   Section        0  gamerules.o(i._ZN10EntityList12removeZeroesEv)
    i._ZN10EntityList4pushEP6Entity          0x00002448   Section        0  gamerules.o(i._ZN10EntityList4pushEP6Entity)
    i._ZN10EntityList5clearEv                0x0000245a   Section        0  gamerules.o(i._ZN10EntityList5clearEv)
    i._ZN10EntityList6isFullEv               0x00002472   Section        0  gamerules.o(i._ZN10EntityList6isFullEv)
    i._ZN10EntityList6updateEPtS0_           0x00002484   Section        0  gamerules.o(i._ZN10EntityList6updateEPtS0_)
    i._ZN10EntityListC1Ev                    0x000024bc   Section        0  main.o(i._ZN10EntityListC1Ev)
    i._ZN6Entity13WallCollisionE9Rectangle   0x000024c4   Section        0  gamerules.o(i._ZN6Entity13WallCollisionE9Rectangle)
    i._ZN6Entity6updateEv                    0x00002542   Section        0  gamerules.o(i._ZN6Entity6updateEv)
    i._ZN6VectorC1Ess                        0x00002578   Section        0  gamerules.o(i._ZN6VectorC1Ess)
    i._ZN8Quadtree11getQuadrantE9Rectangle   0x0000257e   Section        0  gamerules.o(i._ZN8Quadtree11getQuadrantE9Rectangle)
    i._ZN8Quadtree5clearEv                   0x0000266e   Section        0  gamerules.o(i._ZN8Quadtree5clearEv)
    i._ZN8Quadtree5splitEv                   0x000026a4   Section        0  gamerules.o(i._ZN8Quadtree5splitEv)
    i._ZN8Quadtree6insertEP10EntityList      0x000027a8   Section        0  gamerules.o(i._ZN8Quadtree6insertEP10EntityList)
    i._ZN8Quadtree6insertEP6Entity           0x000027f8   Section        0  gamerules.o(i._ZN8Quadtree6insertEP6Entity)
    i._ZN8Quadtree8retrieveEP10EntityList9Rectangle 0x00002896   Section        0  gamerules.o(i._ZN8Quadtree8retrieveEP10EntityList9Rectangle)
    i._ZN8QuadtreeC1Eh9Rectangle             0x000028e2   Section        0  gamerules.o(i._ZN8QuadtreeC1Eh9Rectangle)
    i._ZN9RectangleC1Esstt                   0x00002900   Section        0  gamerules.o(i._ZN9RectangleC1Esstt)
    i._Znwj                                  0x00002910   Section        0  new.o(i._Znwj)
    i.commandList                            0x00002938   Section        0  st7735.o(i.commandList)
    commandList                              0x00002939   Thumb Code    86  st7735.o(i.commandList)
    i.commonInit                             0x00002990   Section        0  st7735.o(i.commonInit)
    commonInit                               0x00002991   Thumb Code   340  st7735.o(i.commonInit)
    i.copyHardwareToSoftware                 0x00002b14   Section        0  uart.o(i.copyHardwareToSoftware)
    copyHardwareToSoftware                   0x00002b15   Thumb Code    40  uart.o(i.copyHardwareToSoftware)
    i.copySoftwareToHardware                 0x00002b40   Section        0  uart.o(i.copySoftwareToHardware)
    copySoftwareToHardware                   0x00002b41   Thumb Code    38  uart.o(i.copySoftwareToHardware)
    i.ferror                                 0x00002b6c   Section        0  st7735.o(i.ferror)
    i.fputc                                  0x00002b74   Section        0  uart.o(i.fputc)
    i.lc                                     0x00002b84   Section        0  esp8266.o(i.lc)
    i.main                                   0x00002b94   Section        0  main.o(i.main)
    i.setAddrWindow                          0x00002d00   Section        0  st7735.o(i.setAddrWindow)
    setAddrWindow                            0x00002d01   Thumb Code   106  st7735.o(i.setAddrWindow)
    i.writecommand                           0x00002d74   Section        0  st7735.o(i.writecommand)
    writecommand                             0x00002d75   Thumb Code    40  st7735.o(i.writecommand)
    i.writedata                              0x00002da4   Section        0  st7735.o(i.writedata)
    writedata                                0x00002da5   Thumb Code    24  st7735.o(i.writedata)
    .constdata                               0x00002dc4   Section     2018  st7735.o(.constdata)
    Font                                     0x00002dc4   Data        1275  st7735.o(.constdata)
    Bcmd                                     0x000032bf   Data         103  st7735.o(.constdata)
    Rcmd1                                    0x00003326   Data          59  st7735.o(.constdata)
    Rcmd2green                               0x00003361   Data          13  st7735.o(.constdata)
    Rcmd2red                                 0x0000336e   Data          13  st7735.o(.constdata)
    Rcmd3                                    0x0000337b   Data          43  st7735.o(.constdata)
    .constdata                               0x000035a6   Section      128  gamerules.o(.constdata)
    Bitmap_Ship                              0x000035a6   Data         128  gamerules.o(.constdata)
    .constdata                               0x00003626   Section        4  sys_io.o(.constdata)
    .constdata                               0x0000362a   Section        4  sys_io.o(.constdata)
    .constdata                               0x0000362e   Section        4  sys_io.o(.constdata)
    .data                                    0x20000000   Section       64  esp8266.o(.data)
    .data                                    0x20000040   Section       44  st7735.o(.data)
    _width                                   0x2000004a   Data           2  st7735.o(.data)
    _height                                  0x2000004c   Data           2  st7735.o(.data)
    ColStart                                 0x20000054   Data           1  st7735.o(.data)
    RowStart                                 0x20000055   Data           1  st7735.o(.data)
    Rotation                                 0x20000056   Data           1  st7735.o(.data)
    TabColor                                 0x20000057   Data           1  st7735.o(.data)
    .data                                    0x2000006c   Section        8  buttons.o(.data)
    counter                                  0x2000006c   Data           4  buttons.o(.data)
    Last                                     0x20000070   Data           4  buttons.o(.data)
    .data                                    0x20000074   Section       16  uart.o(.data)
    .data                                    0x20000084   Section       16  main.o(.data)
    Flag_GameTick                            0x20000084   Data           1  main.o(.data)
    tstick                                   0x20000086   Data           8  main.o(.data)
    accel                                    0x2000008e   Data           6  main.o(.data)
    .data                                    0x20000094   Section        4  stdio_streams.o(.data)
    .data                                    0x20000098   Section        4  stdio_streams.o(.data)
    .data                                    0x2000009c   Section        4  stdio_streams.o(.data)
    .bss                                     0x200000a0   Section     3104  esp8266.o(.bss)
    .bss                                     0x20000cc0   Section     2048  uart.o(.bss)
    RxFifo                                   0x20000cc0   Data        1024  uart.o(.bss)
    TxFifo                                   0x200010c0   Data        1024  uart.o(.bss)
    .bss                                     0x200014c0   Section       84  stdio_streams.o(.bss)
    .bss                                     0x20001514   Section       84  stdio_streams.o(.bss)
    .bss                                     0x20001568   Section       84  stdio_streams.o(.bss)
    .bss                                     0x200015bc   Section       96  libspace.o(.bss)
    HEAP                                     0x20001620   Section     1024  startup.o(HEAP)
    HeapMem                                  0x20001620   Data           0  startup.o(HEAP)
    STACK                                    0x20001a20   Section     1024  startup.o(STACK)
    StackMem                                 0x20001a20   Data           0  startup.o(STACK)

    Global Symbols

    Symbol Name                              Value     Ov Type        Size  Object(Section)

    BuildAttributes$$THM_ISAv4$E$P$D$K$B$S$7EM$PE$A:L22UL41UL21$X:L11$S22US41US21$IEEE1$IW$USESV6$~STKCKD$USESV7$~SHL$OTIME$ROPI$EBA8$UX$STANDARDLIB$REQ8$PRES8$EABIv2 0x00000000   Number         0  anon$$obj.o ABSOLUTE
    __ARM_use_no_argv                        0x00000000   Number         0  main.o ABSOLUTE
    __Vectors                                0x00000000   Data           0  startup.o(RESET)
    SHT$$ARM_EXIDX$$Base                      - Undefined Reference
    SHT$$ARM_EXIDX$$Limit                     - Undefined Reference
    __ARM::default_unexpected_handler()       - Undefined Weak Reference
    __ARM_exceptions_buffer_required          - Undefined Weak Reference
    __ARM_exceptions_init                     - Undefined Weak Reference
    __aeabi_unwind_cpp_pr1                    - Undefined Weak Reference
    __aeabi_unwind_cpp_pr2                    - Undefined Weak Reference
    __alloca_initialize                       - Undefined Weak Reference
    __cpp_initialize__aeabi_                  - Undefined Weak Reference
    __cxa_begin_cleanup                       - Undefined Weak Reference
    __cxa_finalize                            - Undefined Weak Reference
    __cxa_type_match                          - Undefined Weak Reference
    __rt_locale                               - Undefined Weak Reference
    __sigvec_lookup                           - Undefined Weak Reference
    __user_heap_extent                        - Undefined Weak Reference
    _atexit_init                              - Undefined Weak Reference
    _call_atexit_fns                          - Undefined Weak Reference
    _clock_init                               - Undefined Weak Reference
    _fp_trap_init                             - Undefined Weak Reference
    _fp_trap_shutdown                         - Undefined Weak Reference
    _get_lc_collate                           - Undefined Weak Reference
    _get_lc_ctype                             - Undefined Weak Reference
    _get_lc_monetary                          - Undefined Weak Reference
    _get_lc_numeric                           - Undefined Weak Reference
    _get_lc_time                              - Undefined Weak Reference
    _getenv_init                              - Undefined Weak Reference
    _handle_redirection                       - Undefined Weak Reference
    _mutex_acquire                            - Undefined Weak Reference
    _mutex_free                               - Undefined Weak Reference
    _mutex_release                            - Undefined Weak Reference
    _printf_mbtowc                            - Undefined Weak Reference
    _printf_post_padding                      - Undefined Weak Reference
    _printf_pre_padding                       - Undefined Weak Reference
    _printf_truncate_signed                   - Undefined Weak Reference
    _printf_truncate_unsigned                 - Undefined Weak Reference
    _rand_init                                - Undefined Weak Reference
    _signal_finish                            - Undefined Weak Reference
    _signal_init                              - Undefined Weak Reference
    Reset_Handler                            0x0000026d   Thumb Code     0  startup.o(RESET)
    NMI_Handler                              0x00000271   Thumb Code     2  startup.o(RESET)
    HardFault_Handler                        0x00000273   Thumb Code     2  startup.o(RESET)
    MemManage_Handler                        0x00000275   Thumb Code     2  startup.o(RESET)
    BusFault_Handler                         0x00000277   Thumb Code     2  startup.o(RESET)
    UsageFault_Handler                       0x00000279   Thumb Code     2  startup.o(RESET)
    SVC_Handler                              0x0000027b   Thumb Code     2  startup.o(RESET)
    DebugMon_Handler                         0x0000027d   Thumb Code     2  startup.o(RESET)
    PendSV_Handler                           0x0000027f   Thumb Code     2  startup.o(RESET)
    SysTick_Handler                          0x00000281   Thumb Code     2  startup.o(RESET)
    ADC0Seq0_Handler                         0x00000283   Thumb Code     0  startup.o(RESET)
    ADC0Seq1_Handler                         0x00000283   Thumb Code     0  startup.o(RESET)
    ADC0Seq2_Handler                         0x00000283   Thumb Code     0  startup.o(RESET)
    ADC0Seq3_Handler                         0x00000283   Thumb Code     0  startup.o(RESET)
    ADC1Seq0_Handler                         0x00000283   Thumb Code     0  startup.o(RESET)
    ADC1Seq1_Handler                         0x00000283   Thumb Code     0  startup.o(RESET)
    ADC1Seq2_Handler                         0x00000283   Thumb Code     0  startup.o(RESET)
    ADC1Seq3_Handler                         0x00000283   Thumb Code     0  startup.o(RESET)
    CAN0_Handler                             0x00000283   Thumb Code     0  startup.o(RESET)
    CAN1_Handler                             0x00000283   Thumb Code     0  startup.o(RESET)
    CAN2_Handler                             0x00000283   Thumb Code     0  startup.o(RESET)
    Comp0_Handler                            0x00000283   Thumb Code     0  startup.o(RESET)
    Comp1_Handler                            0x00000283   Thumb Code     0  startup.o(RESET)
    Comp2_Handler                            0x00000283   Thumb Code     0  startup.o(RESET)
    Ethernet_Handler                         0x00000283   Thumb Code     0  startup.o(RESET)
    ExtBus_Handler                           0x00000283   Thumb Code     0  startup.o(RESET)
    FPU_Handler                              0x00000283   Thumb Code     0  startup.o(RESET)
    Fan0_Handler                             0x00000283   Thumb Code     0  startup.o(RESET)
    FlashCtl_Handler                         0x00000283   Thumb Code     0  startup.o(RESET)
    GPIOPortA_Handler                        0x00000283   Thumb Code     0  startup.o(RESET)
    GPIOPortB_Handler                        0x00000283   Thumb Code     0  startup.o(RESET)
    GPIOPortC_Handler                        0x00000283   Thumb Code     0  startup.o(RESET)
    GPIOPortF_Handler                        0x00000283   Thumb Code     0  startup.o(RESET)
    GPIOPortG_Handler                        0x00000283   Thumb Code     0  startup.o(RESET)
    GPIOPortH_Handler                        0x00000283   Thumb Code     0  startup.o(RESET)
    GPIOPortJ_Handler                        0x00000283   Thumb Code     0  startup.o(RESET)
    GPIOPortK_Handler                        0x00000283   Thumb Code     0  startup.o(RESET)
    GPIOPortL_Handler                        0x00000283   Thumb Code     0  startup.o(RESET)
    GPIOPortM_Handler                        0x00000283   Thumb Code     0  startup.o(RESET)
    GPIOPortN_Handler                        0x00000283   Thumb Code     0  startup.o(RESET)
    GPIOPortP1_Handler                       0x00000283   Thumb Code     0  startup.o(RESET)
    GPIOPortP2_Handler                       0x00000283   Thumb Code     0  startup.o(RESET)
    GPIOPortP3_Handler                       0x00000283   Thumb Code     0  startup.o(RESET)
    GPIOPortP4_Handler                       0x00000283   Thumb Code     0  startup.o(RESET)
    GPIOPortP5_Handler                       0x00000283   Thumb Code     0  startup.o(RESET)
    GPIOPortP6_Handler                       0x00000283   Thumb Code     0  startup.o(RESET)
    GPIOPortP7_Handler                       0x00000283   Thumb Code     0  startup.o(RESET)
    GPIOPortP_Handler                        0x00000283   Thumb Code     0  startup.o(RESET)
    GPIOPortQ1_Handler                       0x00000283   Thumb Code     0  startup.o(RESET)
    GPIOPortQ2_Handler                       0x00000283   Thumb Code     0  startup.o(RESET)
    GPIOPortQ3_Handler                       0x00000283   Thumb Code     0  startup.o(RESET)
    GPIOPortQ4_Handler                       0x00000283   Thumb Code     0  startup.o(RESET)
    GPIOPortQ5_Handler                       0x00000283   Thumb Code     0  startup.o(RESET)
    GPIOPortQ6_Handler                       0x00000283   Thumb Code     0  startup.o(RESET)
    GPIOPortQ7_Handler                       0x00000283   Thumb Code     0  startup.o(RESET)
    GPIOPortQ_Handler                        0x00000283   Thumb Code     0  startup.o(RESET)
    GPIOPortR_Handler                        0x00000283   Thumb Code     0  startup.o(RESET)
    GPIOPortS_Handler                        0x00000283   Thumb Code     0  startup.o(RESET)
    Hibernate_Handler                        0x00000283   Thumb Code     0  startup.o(RESET)
    I2C0_Handler                             0x00000283   Thumb Code     0  startup.o(RESET)
    I2C1_Handler                             0x00000283   Thumb Code     0  startup.o(RESET)
    I2C2_Handler                             0x00000283   Thumb Code     0  startup.o(RESET)
    I2C3_Handler                             0x00000283   Thumb Code     0  startup.o(RESET)
    I2C4_Handler                             0x00000283   Thumb Code     0  startup.o(RESET)
    I2C5_Handler                             0x00000283   Thumb Code     0  startup.o(RESET)
    I2S0_Handler                             0x00000283   Thumb Code     0  startup.o(RESET)
    LPC0_Handler                             0x00000283   Thumb Code     0  startup.o(RESET)
    PECI0_Handler                            0x00000283   Thumb Code     0  startup.o(RESET)
    PWM0Fault_Handler                        0x00000283   Thumb Code     0  startup.o(RESET)
    PWM0Generator0_Handler                   0x00000283   Thumb Code     0  startup.o(RESET)
    PWM0Generator1_Handler                   0x00000283   Thumb Code     0  startup.o(RESET)
    PWM0Generator2_Handler                   0x00000283   Thumb Code     0  startup.o(RESET)
    PWM0Generator3_Handler                   0x00000283   Thumb Code     0  startup.o(RESET)
    PWM1Fault_Handler                        0x00000283   Thumb Code     0  startup.o(RESET)
    PWM1Generator0_Handler                   0x00000283   Thumb Code     0  startup.o(RESET)
    PWM1Generator1_Handler                   0x00000283   Thumb Code     0  startup.o(RESET)
    PWM1Generator2_Handler                   0x00000283   Thumb Code     0  startup.o(RESET)
    PWM1Generator3_Handler                   0x00000283   Thumb Code     0  startup.o(RESET)
    Quadrature0_Handler                      0x00000283   Thumb Code     0  startup.o(RESET)
    Quadrature1_Handler                      0x00000283   Thumb Code     0  startup.o(RESET)
    Quadrature2_Handler                      0x00000283   Thumb Code     0  startup.o(RESET)
    SSI0_Handler                             0x00000283   Thumb Code     0  startup.o(RESET)
    SSI1_Handler                             0x00000283   Thumb Code     0  startup.o(RESET)
    SSI2_Handler                             0x00000283   Thumb Code     0  startup.o(RESET)
    SSI3_Handler                             0x00000283   Thumb Code     0  startup.o(RESET)
    SysCtl_Handler                           0x00000283   Thumb Code     0  startup.o(RESET)
    Timer0A_Handler                          0x00000283   Thumb Code     0  startup.o(RESET)
    Timer0B_Handler                          0x00000283   Thumb Code     0  startup.o(RESET)
    Timer1A_Handler                          0x00000283   Thumb Code     0  startup.o(RESET)
    Timer1B_Handler                          0x00000283   Thumb Code     0  startup.o(RESET)
    Timer2B_Handler                          0x00000283   Thumb Code     0  startup.o(RESET)
    Timer3B_Handler                          0x00000283   Thumb Code     0  startup.o(RESET)
    Timer4A_Handler                          0x00000283   Thumb Code     0  startup.o(RESET)
    Timer4B_Handler                          0x00000283   Thumb Code     0  startup.o(RESET)
    Timer5A_Handler                          0x00000283   Thumb Code     0  startup.o(RESET)
    Timer5B_Handler                          0x00000283   Thumb Code     0  startup.o(RESET)
    UART2_Handler                            0x00000283   Thumb Code     0  startup.o(RESET)
    UART3_Handler                            0x00000283   Thumb Code     0  startup.o(RESET)
    UART4_Handler                            0x00000283   Thumb Code     0  startup.o(RESET)
    UART5_Handler                            0x00000283   Thumb Code     0  startup.o(RESET)
    UART6_Handler                            0x00000283   Thumb Code     0  startup.o(RESET)
    UART7_Handler                            0x00000283   Thumb Code     0  startup.o(RESET)
    USB0_Handler                             0x00000283   Thumb Code     0  startup.o(RESET)
    WDT_Handler                              0x00000283   Thumb Code     0  startup.o(RESET)
    WideTimer0A_Handler                      0x00000283   Thumb Code     0  startup.o(RESET)
    WideTimer0B_Handler                      0x00000283   Thumb Code     0  startup.o(RESET)
    WideTimer1A_Handler                      0x00000283   Thumb Code     0  startup.o(RESET)
    WideTimer1B_Handler                      0x00000283   Thumb Code     0  startup.o(RESET)
    WideTimer2A_Handler                      0x00000283   Thumb Code     0  startup.o(RESET)
    WideTimer2B_Handler                      0x00000283   Thumb Code     0  startup.o(RESET)
    WideTimer3A_Handler                      0x00000283   Thumb Code     0  startup.o(RESET)
    WideTimer3B_Handler                      0x00000283   Thumb Code     0  startup.o(RESET)
    WideTimer4A_Handler                      0x00000283   Thumb Code     0  startup.o(RESET)
    WideTimer4B_Handler                      0x00000283   Thumb Code     0  startup.o(RESET)
    WideTimer5A_Handler                      0x00000283   Thumb Code     0  startup.o(RESET)
    WideTimer5B_Handler                      0x00000283   Thumb Code     0  startup.o(RESET)
    uDMA_Error                               0x00000283   Thumb Code     0  startup.o(RESET)
    uDMA_Handler                             0x00000283   Thumb Code     0  startup.o(RESET)
    __main                                   0x00000285   Thumb Code     8  __main.o(!!!main)
    __scatterload                            0x0000028d   Thumb Code     0  __scatter.o(!!!scatter)
    __scatterload_rt2                        0x0000028d   Thumb Code    44  __scatter.o(!!!scatter)
    __scatterload_rt2_thumb_only             0x0000028d   Thumb Code     0  __scatter.o(!!!scatter)
    __scatterload_null                       0x0000029b   Thumb Code     0  __scatter.o(!!!scatter)
    __scatterload_copy                       0x000002c1   Thumb Code    26  __scatter_copy.o(!!handler_copy)
    __scatterload_zeroinit                   0x000002dd   Thumb Code    28  __scatter_zi.o(!!handler_zi)
    _printf_d                                0x000002f9   Thumb Code     0  _printf_d.o(.ARM.Collect$$_printf_percent$$00000009)
    _printf_percent                          0x000002f9   Thumb Code     0  _printf_percent.o(.ARM.Collect$$_printf_percent$$00000000)
    _printf_s                                0x000002ff   Thumb Code     0  _printf_s.o(.ARM.Collect$$_printf_percent$$00000014)
    _printf_percent_end                      0x00000305   Thumb Code     0  _printf_percent_end.o(.ARM.Collect$$_printf_percent$$00000017)
    __rt_lib_init                            0x00000309   Thumb Code     0  libinit.o(.ARM.Collect$$libinit$$00000000)
    __rt_lib_init_fp_1                       0x0000030b   Thumb Code     0  libinit2.o(.ARM.Collect$$libinit$$00000002)
    __rt_lib_init_heap_2                     0x0000030b   Thumb Code     0  libinit2.o(.ARM.Collect$$libinit$$00000003)
    __rt_lib_init_atexit_1                   0x00000313   Thumb Code     0  libinit2.o(.ARM.Collect$$libinit$$00000019)
    __rt_lib_init_clock_1                    0x00000313   Thumb Code     0  libinit2.o(.ARM.Collect$$libinit$$0000001F)
    __rt_lib_init_fp_trap_1                  0x00000313   Thumb Code     0  libinit2.o(.ARM.Collect$$libinit$$0000001D)
    __rt_lib_init_getenv_1                   0x00000313   Thumb Code     0  libinit2.o(.ARM.Collect$$libinit$$00000021)
    __rt_lib_init_heap_1                     0x00000313   Thumb Code     0  libinit2.o(.ARM.Collect$$libinit$$00000008)
    __rt_lib_init_lc_collate_1               0x00000313   Thumb Code     0  libinit2.o(.ARM.Collect$$libinit$$0000000F)
    __rt_lib_init_lc_ctype_1                 0x00000313   Thumb Code     0  libinit2.o(.ARM.Collect$$libinit$$00000011)
    __rt_lib_init_lc_monetary_1              0x00000313   Thumb Code     0  libinit2.o(.ARM.Collect$$libinit$$00000013)
    __rt_lib_init_lc_numeric_1               0x00000313   Thumb Code     0  libinit2.o(.ARM.Collect$$libinit$$00000015)
    __rt_lib_init_lc_time_1                  0x00000313   Thumb Code     0  libinit2.o(.ARM.Collect$$libinit$$00000017)
    __rt_lib_init_rand_1                     0x00000313   Thumb Code     0  libinit2.o(.ARM.Collect$$libinit$$0000000C)
    __rt_lib_init_signal_1                   0x00000313   Thumb Code     0  libinit2.o(.ARM.Collect$$libinit$$0000001B)
    __rt_lib_init_stdio_2                    0x00000313   Thumb Code     0  libinit2.o(.ARM.Collect$$libinit$$00000022)
    __rt_lib_init_user_alloc_1               0x00000313   Thumb Code     0  libinit2.o(.ARM.Collect$$libinit$$0000000A)
    __rt_lib_init_alloca_1                   0x00000317   Thumb Code     0  libinit2.o(.ARM.Collect$$libinit$$0000002C)
    __rt_lib_init_argv_1                     0x00000317   Thumb Code     0  libinit2.o(.ARM.Collect$$libinit$$0000002A)
    __rt_lib_init_cpp_1                      0x00000317   Thumb Code     0  libinit2.o(.ARM.Collect$$libinit$$00000030)
    __rt_lib_init_exceptions_1               0x00000317   Thumb Code     0  libinit2.o(.ARM.Collect$$libinit$$0000002E)
    __rt_lib_init_return                     0x00000317   Thumb Code     0  libinit2.o(.ARM.Collect$$libinit$$00000031)
    __rt_lib_init_stdio_1                    0x00000317   Thumb Code     0  libinit2.o(.ARM.Collect$$libinit$$00000023)
    __rt_lib_shutdown                        0x00000319   Thumb Code     0  libshutdown.o(.ARM.Collect$$libshutdown$$00000000)
    __rt_lib_shutdown_stdio_2                0x0000031b   Thumb Code     0  libshutdown2.o(.ARM.Collect$$libshutdown$$00000002)
    __rt_lib_shutdown_fp_trap_1              0x0000031f   Thumb Code     0  libshutdown2.o(.ARM.Collect$$libshutdown$$00000006)
    __rt_lib_shutdown_heap_1                 0x0000031f   Thumb Code     0  libshutdown2.o(.ARM.Collect$$libshutdown$$0000000E)
    __rt_lib_shutdown_return                 0x0000031f   Thumb Code     0  libshutdown2.o(.ARM.Collect$$libshutdown$$0000000F)
    __rt_lib_shutdown_signal_1               0x0000031f   Thumb Code     0  libshutdown2.o(.ARM.Collect$$libshutdown$$00000009)
    __rt_lib_shutdown_stdio_1                0x0000031f   Thumb Code     0  libshutdown2.o(.ARM.Collect$$libshutdown$$00000003)
    __rt_lib_shutdown_user_alloc_1           0x0000031f   Thumb Code     0  libshutdown2.o(.ARM.Collect$$libshutdown$$0000000B)
    __rt_entry                               0x00000321   Thumb Code     0  rtentry.o(.ARM.Collect$$rtentry$$00000000)
    __rt_entry_presh_1                       0x00000321   Thumb Code     0  rtentry2.o(.ARM.Collect$$rtentry$$00000002)
    __rt_entry_sh                            0x00000321   Thumb Code     0  rtentry4.o(.ARM.Collect$$rtentry$$00000004)
    __rt_entry_li                            0x00000327   Thumb Code     0  rtentry2.o(.ARM.Collect$$rtentry$$0000000A)
    __rt_entry_postsh_1                      0x00000327   Thumb Code     0  rtentry2.o(.ARM.Collect$$rtentry$$00000009)
    __rt_entry_main                          0x0000032b   Thumb Code     0  rtentry2.o(.ARM.Collect$$rtentry$$0000000D)
    __rt_entry_postli_1                      0x0000032b   Thumb Code     0  rtentry2.o(.ARM.Collect$$rtentry$$0000000C)
    __rt_exit                                0x00000333   Thumb Code     0  rtexit.o(.ARM.Collect$$rtexit$$00000000)
    __rt_exit_ls                             0x00000335   Thumb Code     0  rtexit2.o(.ARM.Collect$$rtexit$$00000003)
    __rt_exit_prels_1                        0x00000335   Thumb Code     0  rtexit2.o(.ARM.Collect$$rtexit$$00000002)
    __rt_exit_exit                           0x00000339   Thumb Code     0  rtexit2.o(.ARM.Collect$$rtexit$$00000004)
    DisableInterrupts                        0x00000341   Thumb Code     0  startup.o(.text)
    _maybe_terminate_alloc                   0x00000341   Thumb Code     0  maybetermalloc1.o(.emb_text)
    EnableInterrupts                         0x00000345   Thumb Code     0  startup.o(.text)
    StartCritical                            0x00000349   Thumb Code     0  startup.o(.text)
    EndCritical                              0x00000351   Thumb Code     0  startup.o(.text)
    WaitForInterrupt                         0x00000357   Thumb Code     0  startup.o(.text)
    __user_initial_stackheap                 0x0000035b   Thumb Code     0  startup.o(.text)
    __2printf                                0x00000375   Thumb Code    20  noretval__2printf.o(.text)
    __2sprintf                               0x0000038d   Thumb Code    34  noretval__2sprintf.o(.text)
    __printf                                 0x000003b5   Thumb Code   104  __printf.o(.text)
    _printf_str                              0x0000041d   Thumb Code    82  _printf_str.o(.text)
    _printf_int_dec                          0x00000471   Thumb Code   102  _printf_dec.o(.text)
    strcpy                                   0x000004e9   Thumb Code    72  strcpy.o(.text)
    strlen                                   0x00000531   Thumb Code    62  strlen.o(.text)
    __use_two_region_memory                  0x0000056f   Thumb Code     2  heapauxi.o(.text)
    __rt_heap_escrow                         0x00000571   Thumb Code     2  heapauxi.o(.text)
    __rt_heap_expand                         0x00000573   Thumb Code     2  heapauxi.o(.text)
    __rt_new_handler_addr                    0x00000575   Thumb Code     8  rt_new_handler_addr_intlibspace.o(.text)
    malloc                                   0x0000057d   Thumb Code    94  h1_alloc.o(.text)
    _printf_int_common                       0x000005db   Thumb Code   184  _printf_intcommon.o(.text)
    _printf_char_common                      0x0000069f   Thumb Code    32  _printf_char_common.o(.text)
    _sputc                                   0x000006c5   Thumb Code    10  _sputc.o(.text)
    _printf_cs_common                        0x000006cf   Thumb Code    20  _printf_char.o(.text)
    _printf_char                             0x000006e3   Thumb Code    16  _printf_char.o(.text)
    _printf_string                           0x000006f3   Thumb Code     8  _printf_char.o(.text)
    _printf_char_file                        0x000006fd   Thumb Code    32  _printf_char_file.o(.text)
    __default_new_handler()                  0x00000721   Thumb Code     4  arm_newhandler_noexceptions.o(.text)
    __user_libspace                          0x00000725   Thumb Code     8  libspace.o(.text)
    __user_perproc_libspace                  0x00000725   Thumb Code     0  libspace.o(.text)
    __user_perthread_libspace                0x00000725   Thumb Code     0  libspace.o(.text)
    __rt_heap_descriptor                     0x0000072d   Thumb Code     8  rt_heap_descriptor_intlibspace.o(.text)
    __use_no_heap                            0x00000735   Thumb Code     2  hguard.o(.text)
    __heap$guard                             0x00000737   Thumb Code     2  hguard.o(.text)
    _terminate_user_alloc                    0x00000739   Thumb Code     2  init_alloc.o(.text)
    _init_user_alloc                         0x0000073b   Thumb Code     2  init_alloc.o(.text)
    __Heap_Full                              0x0000073d   Thumb Code    34  init_alloc.o(.text)
    __Heap_Broken                            0x0000075f   Thumb Code     6  init_alloc.o(.text)
    _init_alloc                              0x00000765   Thumb Code    94  init_alloc.o(.text)
    __Heap_Initialize                        0x000007c3   Thumb Code    10  h1_init.o(.text)
    __Heap_DescSize                          0x000007cd   Thumb Code     4  h1_init.o(.text)
    free                                     0x000007d1   Thumb Code    78  h1_free.o(.text)
    _initio                                  0x00000821   Thumb Code   210  initio.o(.text)
    _terminateio                             0x000008f3   Thumb Code    56  initio.o(.text)
    std::terminate()                         0x00000959   Thumb Code    26  arm_exceptions_terminate.o(.text)
    _sys_open                                0x00000973   Thumb Code    20  sys_io.o(.text)
    _sys_close                               0x00000987   Thumb Code    12  sys_io.o(.text)
    _sys_write                               0x00000993   Thumb Code    16  sys_io.o(.text)
    _sys_read                                0x000009a3   Thumb Code    14  sys_io.o(.text)
    _sys_istty                               0x000009b1   Thumb Code    12  sys_io.o(.text)
    _sys_seek                                0x000009bd   Thumb Code    14  sys_io.o(.text)
    _sys_ensure                              0x000009cb   Thumb Code     2  sys_io.o(.text)
    _sys_flen                                0x000009cd   Thumb Code    12  sys_io.o(.text)
    __user_setup_stackheap                   0x000009d9   Thumb Code    74  sys_stackheap_outer.o(.text)
    __Heap_ProvideMemory                     0x00000a23   Thumb Code    52  h1_extend.o(.text)
    setvbuf                                  0x00000a57   Thumb Code    70  setvbuf.o(.text)
    freopen                                  0x00000a9d   Thumb Code   158  fopen.o(.text)
    fopen                                    0x00000b3b   Thumb Code    74  fopen.o(.text)
    _fclose_internal                         0x00000b89   Thumb Code    76  fclose.o(.text)
    fclose                                   0x00000b89   Thumb Code     0  fclose.o(.text)
    exit                                     0x00000bd5   Thumb Code    12  exit.o(.text)
    abort                                    0x00000be1   Thumb Code    16  abort.o(.text)
    __rt_SIGRTRED                            0x00000bf1   Thumb Code    14  defsig_rtred_outer.o(.text)
    __rt_SIGRTMEM                            0x00000bff   Thumb Code    14  defsig_rtmem_outer.o(.text)
    __aeabi_memclr4                          0x00000c0d   Thumb Code     0  rt_memclr_w.o(.text)
    __aeabi_memclr8                          0x00000c0d   Thumb Code     0  rt_memclr_w.o(.text)
    __rt_memclr_w                            0x00000c0d   Thumb Code    78  rt_memclr_w.o(.text)
    _memset_w                                0x00000c11   Thumb Code     0  rt_memclr_w.o(.text)
    __cxa_get_globals                        0x00000c63   Thumb Code    62  arm_exceptions_globs.o(.text)
    _sys_exit                                0x00000cad   Thumb Code     8  sys_exit.o(.text)
    __I$use$semihosting                      0x00000cb9   Thumb Code     0  use_no_semi.o(.text)
    __use_no_semihosting_swi                 0x00000cb9   Thumb Code     2  use_no_semi.o(.text)
    __semihosting_library_function           0x00000cbb   Thumb Code     0  indicate_semi.o(.text)
    __rt_eh_globals_addr                     0x00000cbd   Thumb Code     8  rt_eh_globals_addr_intlibspace.o(.text)
    _fseek                                   0x00000cc5   Thumb Code   242  fseek.o(.text)
    fseek                                    0x00000cc5   Thumb Code     0  fseek.o(.text)
    _seterr                                  0x00000dbd   Thumb Code    20  stdio.o(.text)
    _writebuf                                0x00000dd1   Thumb Code    84  stdio.o(.text)
    _fflush                                  0x00000e25   Thumb Code    70  stdio.o(.text)
    _deferredlazyseek                        0x00000e6b   Thumb Code    60  stdio.o(.text)
    __sig_exit                               0x00000ead   Thumb Code    10  defsig_exit.o(.text)
    __rt_SIGABRT                             0x00000eb7   Thumb Code    14  defsig_abrt_outer.o(.text)
    __rt_SIGRTRED_inner                      0x00000ec5   Thumb Code    14  defsig_rtred_inner.o(.text)
    __rt_SIGRTMEM_inner                      0x00000ef9   Thumb Code    22  defsig_rtmem_inner.o(.text)
    __ARM_exceptions_buffer_init             0x00000f49   Thumb Code    18  arm_exceptions_mem.o(.text)
    __ARM_exceptions_buffer_allocate         0x00000f5b   Thumb Code    22  arm_exceptions_mem.o(.text)
    __ARM_exceptions_buffer_free             0x00000f71   Thumb Code    20  arm_exceptions_mem.o(.text)
    _ftell_internal                          0x00000f85   Thumb Code    70  ftell.o(.text)
    ftell                                    0x00000f85   Thumb Code     0  ftell.o(.text)
    __default_signal_display                 0x00000fcb   Thumb Code    50  defsig_general.o(.text)
    __rt_SIGABRT_inner                       0x00000ffd   Thumb Code    14  defsig_abrt_inner.o(.text)
    _ttywrch                                 0x0000102d   Thumb Code    14  sys_wrch.o(.text)
    __aeabi_errno_addr                       0x0000103d   Thumb Code     8  rt_errno_addr_intlibspace.o(.text)
    __errno$intlibspace                      0x0000103d   Thumb Code     0  rt_errno_addr_intlibspace.o(.text)
    __rt_errno_addr$intlibspace              0x0000103d   Thumb Code     0  rt_errno_addr_intlibspace.o(.text)
    ADC_In                                   0x00001045   Thumb Code    96  adc.o(i.ADC_In)
    ADC_Init                                 0x000010a9   Thumb Code   134  adc.o(i.ADC_Init)
    Accel_Init                               0x00001141   Thumb Code    88  accel.o(i.Accel_Init)
    Buttons_Init                             0x000011a1   Thumb Code   266  buttons.o(i.Buttons_Init)
    DAC_Init                                 0x000012c9   Thumb Code   104  dac.o(i.DAC_Init)
    Delay1ms                                 0x00001349   Thumb Code    32  st7735.o(i.Delay1ms)
    DelayMs                                  0x00001369   Thumb Code    32  esp8266.o(i.DelayMs)
    DelayMsSearching                         0x00001389   Thumb Code    42  esp8266.o(i.DelayMsSearching)
    ESP8266FIFOtoBuffer                      0x000013b9   Thumb Code   100  esp8266.o(i.ESP8266FIFOtoBuffer)
    ESP8266SendCommand                       0x00001435   Thumb Code    26  esp8266.o(i.ESP8266SendCommand)
    ESP8266_EnableRXInterrupt                0x00001451   Thumb Code     8  esp8266.o(i.ESP8266_EnableRXInterrupt)
    ESP8266_GetIPAddress                     0x0000145d   Thumb Code    46  esp8266.o(i.ESP8266_GetIPAddress)
    ESP8266_Init                             0x000014a1   Thumb Code   162  esp8266.o(i.ESP8266_Init)
    ESP8266_InitUART                         0x000016a1   Thumb Code   230  esp8266.o(i.ESP8266_InitUART)
    ESP8266_JoinAccessPoint                  0x000017ad   Thumb Code    62  esp8266.o(i.ESP8266_JoinAccessPoint)
    ESP8266_ListAccessPoints                 0x00001811   Thumb Code    46  esp8266.o(i.ESP8266_ListAccessPoints)
    ESP8266_PrintChar                        0x00001855   Thumb Code    18  esp8266.o(i.ESP8266_PrintChar)
    ESP8266_Reset                            0x0000186d   Thumb Code    84  esp8266.o(i.ESP8266_Reset)
    ESP8266_SetDataTransmissionMode          0x000018e1   Thumb Code    58  esp8266.o(i.ESP8266_SetDataTransmissionMode)
    ESP8266_SetWifiMode                      0x00001939   Thumb Code    66  esp8266.o(i.ESP8266_SetWifiMode)
    GPIOPortD_Handler                        0x000019a1   Thumb Code    60  buttons.o(i.GPIOPortD_Handler)
    GPIOPortE_Handler                        0x000019f9   Thumb Code    30  buttons.o(i.GPIOPortE_Handler)
    LED_Init                                 0x00001a25   Thumb Code    88  led.o(i.LED_Init)
    PLL_Init                                 0x00001a91   Thumb Code   118  pll.o(i.PLL_Init)
    PortA_Init                               0x00001b0d   Thumb Code     2  portinit.o(i.PortA_Init)
    PortB_Init                               0x00001b11   Thumb Code    26  portinit.o(i.PortB_Init)
    PortC_Init                               0x00001b35   Thumb Code    26  portinit.o(i.PortC_Init)
    PortD_Arm                                0x00001b59   Thumb Code    46  buttons.o(i.PortD_Arm)
    PortD_Init                               0x00001b95   Thumb Code    26  portinit.o(i.PortD_Init)
    PortE_Arm                                0x00001bb9   Thumb Code    46  buttons.o(i.PortE_Arm)
    PortE_Init                               0x00001bf5   Thumb Code    26  portinit.o(i.PortE_Init)
    PortF_Init                               0x00001c19   Thumb Code    26  portinit.o(i.PortF_Init)
    RxFifo_Put                               0x00001c3d   Thumb Code    48  uart.o(i.RxFifo_Put)
    RxFifo_Size                              0x00001c79   Thumb Code    14  uart.o(i.RxFifo_Size)
    ST7735_DrawBitmap                        0x00001c91   Thumb Code   280  st7735.o(i.ST7735_DrawBitmap)
    ST7735_FillRect                          0x00001db1   Thumb Code   164  st7735.o(i.ST7735_FillRect)
    ST7735_FillScreen                        0x00001e5d   Thumb Code    28  st7735.o(i.ST7735_FillScreen)
    ST7735_InitR                             0x00001e81   Thumb Code    90  st7735.o(i.ST7735_InitR)
    ST7735_SetCursor                         0x00001efd   Thumb Code    22  st7735.o(i.ST7735_SetCursor)
    SearchCheck                              0x00001f1d   Thumb Code    68  esp8266.o(i.SearchCheck)
    SearchStart                              0x00001f71   Thumb Code    30  esp8266.o(i.SearchStart)
    ServerResponseSearchCheck                0x00001fa1   Thumb Code   180  esp8266.o(i.ServerResponseSearchCheck)
    Thumbstick_Init                          0x00002075   Thumb Code    58  thumbstick.o(i.Thumbstick_Init)
    Timer2A_Handler                          0x000020b9   Thumb Code    72  buttons.o(i.Timer2A_Handler)
    Timer2_Arm                               0x00002115   Thumb Code    60  buttons.o(i.Timer2_Arm)
    Timer3A_Handler                          0x00002161   Thumb Code    12  main.o(i.Timer3A_Handler)
    TxFifo_Get                               0x00002175   Thumb Code    46  uart.o(i.TxFifo_Get)
    TxFifo_Put                               0x000021b1   Thumb Code    48  uart.o(i.TxFifo_Put)
    TxFifo_Size                              0x000021ed   Thumb Code    14  uart.o(i.TxFifo_Size)
    UART0_Handler                            0x00002205   Thumb Code    82  uart.o(i.UART0_Handler)
    UART1_Handler                            0x0000225d   Thumb Code    44  esp8266.o(i.UART1_Handler)
    UART_OutChar                             0x0000228d   Thumb Code    46  uart.o(i.UART_OutChar)
    UART_OutCharNonBlock                     0x000022c1   Thumb Code    46  uart.o(i.UART_OutCharNonBlock)
    DrawEntities(EntityList*)                0x000022f5   Thumb Code    62  gamerules.o(i._Z12DrawEntitiesP10EntityList)
    EraseEntities(EntityList*)               0x00002339   Thumb Code    52  gamerules.o(i._Z13EraseEntitiesP10EntityList)
    GameTick_Init()                          0x0000236d   Thumb Code    70  main.o(i._Z13GameTick_Initv)
    NormalizeAnalogInputs(unsigned short*, unsigned short*) 0x000023c9   Thumb Code    90  gamerules.o(i._Z21NormalizeAnalogInputsPtS_)
    EntityList::removeZeroes()               0x00002423   Thumb Code    38  gamerules.o(i._ZN10EntityList12removeZeroesEv)
    EntityList::push(Entity*)                0x00002449   Thumb Code    18  gamerules.o(i._ZN10EntityList4pushEP6Entity)
    EntityList::clear()                      0x0000245b   Thumb Code    24  gamerules.o(i._ZN10EntityList5clearEv)
    EntityList::isFull()                     0x00002473   Thumb Code    18  gamerules.o(i._ZN10EntityList6isFullEv)
    EntityList::update(unsigned short*, unsigned short*) 0x00002485   Thumb Code    56  gamerules.o(i._ZN10EntityList6updateEPtS0_)
    EntityList::EntityList()                 0x000024bd   Thumb Code     8  main.o(i._ZN10EntityListC1Ev)
    EntityList::EntityList__sub_object()     0x000024bd   Thumb Code     0  main.o(i._ZN10EntityListC1Ev)
    Entity::WallCollision(Rectangle)         0x000024c5   Thumb Code   126  gamerules.o(i._ZN6Entity13WallCollisionE9Rectangle)
    Entity::update()                         0x00002543   Thumb Code    54  gamerules.o(i._ZN6Entity6updateEv)
    Vector::Vector(short, short)             0x00002579   Thumb Code     6  gamerules.o(i._ZN6VectorC1Ess)
    Vector::Vector__sub_object(short, short) 0x00002579   Thumb Code     0  gamerules.o(i._ZN6VectorC1Ess)
    Quadtree::getQuadrant(Rectangle)         0x0000257f   Thumb Code   240  gamerules.o(i._ZN8Quadtree11getQuadrantE9Rectangle)
    Quadtree::clear()                        0x0000266f   Thumb Code    54  gamerules.o(i._ZN8Quadtree5clearEv)
    Quadtree::split()                        0x000026a5   Thumb Code   260  gamerules.o(i._ZN8Quadtree5splitEv)
    Quadtree::insert(EntityList*)            0x000027a9   Thumb Code    80  gamerules.o(i._ZN8Quadtree6insertEP10EntityList)
    Quadtree::insert(Entity*)                0x000027f9   Thumb Code   158  gamerules.o(i._ZN8Quadtree6insertEP6Entity)
    Quadtree::retrieve(EntityList*, Rectangle) 0x00002897   Thumb Code    76  gamerules.o(i._ZN8Quadtree8retrieveEP10EntityList9Rectangle)
    Quadtree::Quadtree(unsigned char, Rectangle) 0x000028e3   Thumb Code    30  gamerules.o(i._ZN8QuadtreeC1Eh9Rectangle)
    Quadtree::Quadtree__sub_object(unsigned char, Rectangle) 0x000028e3   Thumb Code     0  gamerules.o(i._ZN8QuadtreeC1Eh9Rectangle)
    Rectangle::Rectangle(short, short, unsigned short, unsigned short) 0x00002901   Thumb Code    14  gamerules.o(i._ZN9RectangleC1Esstt)
    Rectangle::Rectangle__sub_object(short, short, unsigned short, unsigned short) 0x00002901   Thumb Code     0  gamerules.o(i._ZN9RectangleC1Esstt)
    operator new(unsigned)                   0x00002911   Thumb Code    34  new.o(i._Znwj)
    ferror                                   0x00002b6d   Thumb Code     8  st7735.o(i.ferror)
    fputc                                    0x00002b75   Thumb Code    16  uart.o(i.fputc)
    lc                                       0x00002b85   Thumb Code    14  esp8266.o(i.lc)
    main                                     0x00002b95   Thumb Code   360  main.o(i.main)
    dBfs                                     0x000033a6   Data         512  st7735.o(.constdata)
    __stdin_name                             0x00003626   Data           4  sys_io.o(.constdata)
    __stdout_name                            0x0000362a   Data           4  sys_io.o(.constdata)
    __stderr_name                            0x0000362e   Data           4  sys_io.o(.constdata)
    Region$$Table$$Base                      0x00003634   Number         0  anon$$obj.o(Region$$Table)
    Region$$Table$$Limit                     0x00003654   Number         0  anon$$obj.o(Region$$Table)
    RXBufferIndex                            0x20000000   Data           4  esp8266.o(.data)
    LastReturnIndex                          0x20000004   Data           4  esp8266.o(.data)
    CurrentReturnIndex                       0x20000008   Data           4  esp8266.o(.data)
    ServerResponseIndex                      0x2000000c   Data           4  esp8266.o(.data)
    ESP8266_ProcessBuffer                    0x20000010   Data           1  esp8266.o(.data)
    ESP8266_EchoResponse                     0x20000011   Data           1  esp8266.o(.data)
    ESP8266_ResponseComplete                 0x20000012   Data           1  esp8266.o(.data)
    ESP8266_APEnabled                        0x20000013   Data           1  esp8266.o(.data)
    ESP8266_ClientEnabled                    0x20000014   Data           1  esp8266.o(.data)
    ESP8266_ServerEnabled                    0x20000015   Data           1  esp8266.o(.data)
    ESP8266_InputProcessingEnabled           0x20000016   Data           1  esp8266.o(.data)
    ESP8266_PageRequested                    0x20000017   Data           1  esp8266.o(.data)
    SearchLooking                            0x20000018   Data           1  esp8266.o(.data)
    SearchFound                              0x20000019   Data           1  esp8266.o(.data)
    SearchIndex                              0x2000001c   Data           4  esp8266.o(.data)
    ServerResponseSearchString               0x20000020   Data          16  esp8266.o(.data)
    ServerResponseSearchFinished             0x20000030   Data           4  esp8266.o(.data)
    ServerResponseSearchIndex                0x20000034   Data           4  esp8266.o(.data)
    ServerResponseSearchLooking              0x20000038   Data           4  esp8266.o(.data)
    ESP8266_ServerPort                       0x2000003c   Data           2  esp8266.o(.data)
    ESP8266_ServerTimeout                    0x2000003e   Data           2  esp8266.o(.data)
    StX                                      0x20000040   Data           4  st7735.o(.data)
    StY                                      0x20000044   Data           4  st7735.o(.data)
    StTextColor                              0x20000048   Data           2  st7735.o(.data)
    lastj                                    0x20000050   Data           4  st7735.o(.data)
    Messageindex                             0x20000058   Data           4  st7735.o(.data)
    Ymax                                     0x2000005c   Data           4  st7735.o(.data)
    Ymin                                     0x20000060   Data           4  st7735.o(.data)
    X                                        0x20000064   Data           4  st7735.o(.data)
    Yrange                                   0x20000068   Data           4  st7735.o(.data)
    RxPutI                                   0x20000074   Data           4  uart.o(.data)
    RxGetI                                   0x20000078   Data           4  uart.o(.data)
    TxPutI                                   0x2000007c   Data           4  uart.o(.data)
    TxGetI                                   0x20000080   Data           4  uart.o(.data)
    __aeabi_stdin                            0x20000094   Data           4  stdio_streams.o(.data)
    __aeabi_stdout                           0x20000098   Data           4  stdio_streams.o(.data)
    __aeabi_stderr                           0x2000009c   Data           4  stdio_streams.o(.data)
    RXBuffer                                 0x200000a0   Data        1024  esp8266.o(.bss)
    TXBuffer                                 0x200004a0   Data        1024  esp8266.o(.bss)
    ServerResponseBuffer                     0x200008a0   Data        1024  esp8266.o(.bss)
    SearchString                             0x20000ca0   Data          32  esp8266.o(.bss)
    __stdin                                  0x200014c0   Data          84  stdio_streams.o(.bss)
    __stdout                                 0x20001514   Data          84  stdio_streams.o(.bss)
    __stderr                                 0x20001568   Data          84  stdio_streams.o(.bss)
    __libspace_start                         0x200015bc   Data          96  libspace.o(.bss)
    __temporary_stack_top$libspace           0x2000161c   Data           0  libspace.o(.bss)



==============================================================================

Memory Map of the image

  Image Entry point : 0x0000026d

  Load Region LR_1 (Base: 0x00000000, Size: 0x000036f4, Max: 0xffffffff, ABSOLUTE)

    Execution Region ER_RO (Base: 0x00000000, Size: 0x00003654, Max: 0xffffffff, ABSOLUTE)

    Base Addr    Size         Type   Attr      Idx    E Section Name        Object

    0x00000000   0x00000284   Code   RO            3  * RESET               startup.o
    0x00000284   0x00000008   Code   RO         1316  * !!!main             c_w.l(__main.o)
    0x0000028c   0x00000034   Code   RO         1818    !!!scatter          c_w.l(__scatter.o)
    0x000002c0   0x0000001a   Code   RO         1820    !!handler_copy      c_w.l(__scatter_copy.o)
    0x000002da   0x00000002   PAD
    0x000002dc   0x0000001c   Code   RO         1822    !!handler_zi        c_w.l(__scatter_zi.o)
    0x000002f8   0x00000000   Code   RO         1305    .ARM.Collect$$_printf_percent$$00000000  c_w.l(_printf_percent.o)
    0x000002f8   0x00000006   Code   RO         1304    .ARM.Collect$$_printf_percent$$00000009  c_w.l(_printf_d.o)
    0x000002fe   0x00000006   Code   RO         1303    .ARM.Collect$$_printf_percent$$00000014  c_w.l(_printf_s.o)
    0x00000304   0x00000004   Code   RO         1394    .ARM.Collect$$_printf_percent$$00000017  c_w.l(_printf_percent_end.o)
    0x00000308   0x00000002   Code   RO         1694    .ARM.Collect$$libinit$$00000000  c_w.l(libinit.o)
    0x0000030a   0x00000000   Code   RO         1479    .ARM.Collect$$libinit$$00000002  c_w.l(libinit2.o)
    0x0000030a   0x00000008   Code   RO         1480    .ARM.Collect$$libinit$$00000003  c_w.l(libinit2.o)
    0x00000312   0x00000000   Code   RO         1482    .ARM.Collect$$libinit$$00000008  c_w.l(libinit2.o)
    0x00000312   0x00000000   Code   RO         1484    .ARM.Collect$$libinit$$0000000A  c_w.l(libinit2.o)
    0x00000312   0x00000000   Code   RO         1486    .ARM.Collect$$libinit$$0000000C  c_w.l(libinit2.o)
    0x00000312   0x00000000   Code   RO         1489    .ARM.Collect$$libinit$$0000000F  c_w.l(libinit2.o)
    0x00000312   0x00000000   Code   RO         1491    .ARM.Collect$$libinit$$00000011  c_w.l(libinit2.o)
    0x00000312   0x00000000   Code   RO         1493    .ARM.Collect$$libinit$$00000013  c_w.l(libinit2.o)
    0x00000312   0x00000000   Code   RO         1495    .ARM.Collect$$libinit$$00000015  c_w.l(libinit2.o)
    0x00000312   0x00000000   Code   RO         1497    .ARM.Collect$$libinit$$00000017  c_w.l(libinit2.o)
    0x00000312   0x00000000   Code   RO         1499    .ARM.Collect$$libinit$$00000019  c_w.l(libinit2.o)
    0x00000312   0x00000000   Code   RO         1501    .ARM.Collect$$libinit$$0000001B  c_w.l(libinit2.o)
    0x00000312   0x00000000   Code   RO         1503    .ARM.Collect$$libinit$$0000001D  c_w.l(libinit2.o)
    0x00000312   0x00000000   Code   RO         1505    .ARM.Collect$$libinit$$0000001F  c_w.l(libinit2.o)
    0x00000312   0x00000000   Code   RO         1507    .ARM.Collect$$libinit$$00000021  c_w.l(libinit2.o)
    0x00000312   0x00000004   Code   RO         1508    .ARM.Collect$$libinit$$00000022  c_w.l(libinit2.o)
    0x00000316   0x00000000   Code   RO         1509    .ARM.Collect$$libinit$$00000023  c_w.l(libinit2.o)
    0x00000316   0x00000000   Code   RO         1513    .ARM.Collect$$libinit$$0000002A  c_w.l(libinit2.o)
    0x00000316   0x00000000   Code   RO         1515    .ARM.Collect$$libinit$$0000002C  c_w.l(libinit2.o)
    0x00000316   0x00000000   Code   RO         1517    .ARM.Collect$$libinit$$0000002E  c_w.l(libinit2.o)
    0x00000316   0x00000000   Code   RO         1519    .ARM.Collect$$libinit$$00000030  c_w.l(libinit2.o)
    0x00000316   0x00000002   Code   RO         1520    .ARM.Collect$$libinit$$00000031  c_w.l(libinit2.o)
    0x00000318   0x00000002   Code   RO         1803    .ARM.Collect$$libshutdown$$00000000  c_w.l(libshutdown.o)
    0x0000031a   0x00000004   Code   RO         1696    .ARM.Collect$$libshutdown$$00000002  c_w.l(libshutdown2.o)
    0x0000031e   0x00000000   Code   RO         1697    .ARM.Collect$$libshutdown$$00000003  c_w.l(libshutdown2.o)
    0x0000031e   0x00000000   Code   RO         1700    .ARM.Collect$$libshutdown$$00000006  c_w.l(libshutdown2.o)
    0x0000031e   0x00000000   Code   RO         1703    .ARM.Collect$$libshutdown$$00000009  c_w.l(libshutdown2.o)
    0x0000031e   0x00000000   Code   RO         1705    .ARM.Collect$$libshutdown$$0000000B  c_w.l(libshutdown2.o)
    0x0000031e   0x00000000   Code   RO         1708    .ARM.Collect$$libshutdown$$0000000E  c_w.l(libshutdown2.o)
    0x0000031e   0x00000002   Code   RO         1709    .ARM.Collect$$libshutdown$$0000000F  c_w.l(libshutdown2.o)
    0x00000320   0x00000000   Code   RO         1322    .ARM.Collect$$rtentry$$00000000  c_w.l(rtentry.o)
    0x00000320   0x00000000   Code   RO         1425    .ARM.Collect$$rtentry$$00000002  c_w.l(rtentry2.o)
    0x00000320   0x00000006   Code   RO         1437    .ARM.Collect$$rtentry$$00000004  c_w.l(rtentry4.o)
    0x00000326   0x00000000   Code   RO         1427    .ARM.Collect$$rtentry$$00000009  c_w.l(rtentry2.o)
    0x00000326   0x00000004   Code   RO         1428    .ARM.Collect$$rtentry$$0000000A  c_w.l(rtentry2.o)
    0x0000032a   0x00000000   Code   RO         1430    .ARM.Collect$$rtentry$$0000000C  c_w.l(rtentry2.o)
    0x0000032a   0x00000008   Code   RO         1431    .ARM.Collect$$rtentry$$0000000D  c_w.l(rtentry2.o)
    0x00000332   0x00000002   Code   RO         1739    .ARM.Collect$$rtexit$$00000000  c_w.l(rtexit.o)
    0x00000334   0x00000000   Code   RO         1774    .ARM.Collect$$rtexit$$00000002  c_w.l(rtexit2.o)
    0x00000334   0x00000004   Code   RO         1775    .ARM.Collect$$rtexit$$00000003  c_w.l(rtexit2.o)
    0x00000338   0x00000006   Code   RO         1776    .ARM.Collect$$rtexit$$00000004  c_w.l(rtexit2.o)
    0x0000033e   0x00000002   PAD
    0x00000340   0x00000000   Code   RO         1653    .emb_text           c_w.l(maybetermalloc1.o)
    0x00000340   0x00000034   Code   RO            4    .text               startup.o
    0x00000374   0x00000018   Code   RO         1273    .text               c_w.l(noretval__2printf.o)
    0x0000038c   0x00000028   Code   RO         1275    .text               c_w.l(noretval__2sprintf.o)
    0x000003b4   0x00000068   Code   RO         1277    .text               c_w.l(__printf.o)
    0x0000041c   0x00000052   Code   RO         1279    .text               c_w.l(_printf_str.o)
    0x0000046e   0x00000002   PAD
    0x00000470   0x00000078   Code   RO         1281    .text               c_w.l(_printf_dec.o)
    0x000004e8   0x00000048   Code   RO         1308    .text               c_w.l(strcpy.o)
    0x00000530   0x0000003e   Code   RO         1310    .text               c_w.l(strlen.o)
    0x0000056e   0x00000006   Code   RO         1314    .text               c_w.l(heapauxi.o)
    0x00000574   0x00000008   Code   RO         1326    .text               c_w.l(rt_new_handler_addr_intlibspace.o)
    0x0000057c   0x0000005e   Code   RO         1330    .text               c_w.l(h1_alloc.o)
    0x000005da   0x000000b8   Code   RO         1384    .text               c_w.l(_printf_intcommon.o)
    0x00000692   0x00000002   PAD
    0x00000694   0x00000030   Code   RO         1386    .text               c_w.l(_printf_char_common.o)
    0x000006c4   0x0000000a   Code   RO         1388    .text               c_w.l(_sputc.o)
    0x000006ce   0x0000002c   Code   RO         1390    .text               c_w.l(_printf_char.o)
    0x000006fa   0x00000002   PAD
    0x000006fc   0x00000024   Code   RO         1392    .text               c_w.l(_printf_char_file.o)
    0x00000720   0x00000004   Code   RO         1406    .text               cpprt_w.l(arm_newhandler_noexceptions.o)
    0x00000724   0x00000008   Code   RO         1419    .text               c_w.l(libspace.o)
    0x0000072c   0x00000008   Code   RO         1442    .text               c_w.l(rt_heap_descriptor_intlibspace.o)
    0x00000734   0x00000004   Code   RO         1444    .text               c_w.l(hguard.o)
    0x00000738   0x0000008a   Code   RO         1446    .text               c_w.l(init_alloc.o)
    0x000007c2   0x0000000e   Code   RO         1452    .text               c_w.l(h1_init.o)
    0x000007d0   0x0000004e   Code   RO         1454    .text               c_w.l(h1_free.o)
    0x0000081e   0x00000002   PAD
    0x00000820   0x00000138   Code   RO         1472    .text               c_w.l(initio.o)
    0x00000958   0x0000001a   Code   RO         1526    .text               cpprt_w.l(arm_exceptions_terminate.o)
    0x00000972   0x00000066   Code   RO         1642    .text               c_w.l(sys_io.o)
    0x000009d8   0x0000004a   Code   RO         1649    .text               c_w.l(sys_stackheap_outer.o)
    0x00000a22   0x00000034   Code   RO         1655    .text               c_w.l(h1_extend.o)
    0x00000a56   0x00000046   Code   RO         1659    .text               c_w.l(setvbuf.o)
    0x00000a9c   0x000000ec   Code   RO         1662    .text               c_w.l(fopen.o)
    0x00000b88   0x0000004c   Code   RO         1664    .text               c_w.l(fclose.o)
    0x00000bd4   0x0000000c   Code   RO         1670    .text               c_w.l(exit.o)
    0x00000be0   0x00000010   Code   RO         1672    .text               c_w.l(abort.o)
    0x00000bf0   0x0000000e   Code   RO         1674    .text               c_w.l(defsig_rtred_outer.o)
    0x00000bfe   0x0000000e   Code   RO         1678    .text               c_w.l(defsig_rtmem_outer.o)
    0x00000c0c   0x0000004e   Code   RO         1682    .text               c_w.l(rt_memclr_w.o)
    0x00000c5a   0x00000002   PAD
    0x00000c5c   0x00000050   Code   RO         1716    .text               cpprt_w.l(arm_exceptions_globs.o)
    0x00000cac   0x0000000c   Code   RO         1734    .text               c_w.l(sys_exit.o)
    0x00000cb8   0x00000002   Code   RO         1736    .text               c_w.l(use_no_semi.o)
    0x00000cba   0x00000000   Code   RO         1738    .text               c_w.l(indicate_semi.o)
    0x00000cba   0x00000002   PAD
    0x00000cbc   0x00000008   Code   RO         1746    .text               c_w.l(rt_eh_globals_addr_intlibspace.o)
    0x00000cc4   0x000000f8   Code   RO         1750    .text               c_w.l(fseek.o)
    0x00000dbc   0x000000f0   Code   RO         1752    .text               c_w.l(stdio.o)
    0x00000eac   0x0000000a   Code   RO         1756    .text               c_w.l(defsig_exit.o)
    0x00000eb6   0x0000000e   Code   RO         1758    .text               c_w.l(defsig_abrt_outer.o)
    0x00000ec4   0x00000034   Code   RO         1762    .text               c_w.l(defsig_rtred_inner.o)
    0x00000ef8   0x00000050   Code   RO         1764    .text               c_w.l(defsig_rtmem_inner.o)
    0x00000f48   0x0000003c   Code   RO         1770    .text               cpprt_w.l(arm_exceptions_mem.o)
    0x00000f84   0x00000046   Code   RO         1784    .text               c_w.l(ftell.o)
    0x00000fca   0x00000032   Code   RO         1788    .text               c_w.l(defsig_general.o)
    0x00000ffc   0x00000030   Code   RO         1790    .text               c_w.l(defsig_abrt_inner.o)
    0x0000102c   0x0000000e   Code   RO         1792    .text               c_w.l(sys_wrch.o)
    0x0000103a   0x00000002   PAD
    0x0000103c   0x00000008   Code   RO         1797    .text               c_w.l(rt_errno_addr_intlibspace.o)
    0x00001044   0x00000064   Code   RO          885    i.ADC_In            adc.o
    0x000010a8   0x00000098   Code   RO          886    i.ADC_Init          adc.o
    0x00001140   0x00000060   Code   RO          799    i.Accel_Init        accel.o
    0x000011a0   0x00000128   Code   RO          564    i.Buttons_Init      buttons.o
    0x000012c8   0x00000080   Code   RO           34    i.DAC_Init          dac.o
    0x00001348   0x00000020   Code   RO          298    i.Delay1ms          st7735.o
    0x00001368   0x00000020   Code   RO           64    i.DelayMs           esp8266.o
    0x00001388   0x00000030   Code   RO           65    i.DelayMsSearching  esp8266.o
    0x000013b8   0x0000007c   Code   RO           66    i.ESP8266FIFOtoBuffer  esp8266.o
    0x00001434   0x0000001a   Code   RO           68    i.ESP8266SendCommand  esp8266.o
    0x0000144e   0x00000002   PAD
    0x00001450   0x0000000c   Code   RO           73    i.ESP8266_EnableRXInterrupt  esp8266.o
    0x0000145c   0x00000044   Code   RO           75    i.ESP8266_GetIPAddress  esp8266.o
    0x000014a0   0x00000200   Code   RO           78    i.ESP8266_Init      esp8266.o
    0x000016a0   0x0000010c   Code   RO           79    i.ESP8266_InitUART  esp8266.o
    0x000017ac   0x00000064   Code   RO           80    i.ESP8266_JoinAccessPoint  esp8266.o
    0x00001810   0x00000044   Code   RO           81    i.ESP8266_ListAccessPoints  esp8266.o
    0x00001854   0x00000018   Code   RO           83    i.ESP8266_PrintChar  esp8266.o
    0x0000186c   0x00000074   Code   RO           85    i.ESP8266_Reset     esp8266.o
    0x000018e0   0x00000058   Code   RO           88    i.ESP8266_SetDataTransmissionMode  esp8266.o
    0x00001938   0x00000068   Code   RO           90    i.ESP8266_SetWifiMode  esp8266.o
    0x000019a0   0x00000058   Code   RO          566    i.GPIOPortD_Handler  buttons.o
    0x000019f8   0x0000002c   Code   RO          567    i.GPIOPortE_Handler  buttons.o
    0x00001a24   0x0000006c   Code   RO         1212    i.LED_Init          led.o
    0x00001a90   0x0000007c   Code   RO           12    i.PLL_Init          pll.o
    0x00001b0c   0x00000002   Code   RO         1165    i.PortA_Init        portinit.o
    0x00001b0e   0x00000002   PAD
    0x00001b10   0x00000024   Code   RO         1166    i.PortB_Init        portinit.o
    0x00001b34   0x00000024   Code   RO         1167    i.PortC_Init        portinit.o
    0x00001b58   0x0000003c   Code   RO          568    i.PortD_Arm         buttons.o
    0x00001b94   0x00000024   Code   RO         1168    i.PortD_Init        portinit.o
    0x00001bb8   0x0000003c   Code   RO          569    i.PortE_Arm         buttons.o
    0x00001bf4   0x00000024   Code   RO         1169    i.PortE_Init        portinit.o
    0x00001c18   0x00000024   Code   RO         1170    i.PortF_Init        portinit.o
    0x00001c3c   0x0000003c   Code   RO          632    i.RxFifo_Put        uart.o
    0x00001c78   0x00000018   Code   RO          633    i.RxFifo_Size       uart.o
    0x00001c90   0x00000120   Code   RO          304    i.ST7735_DrawBitmap  st7735.o
    0x00001db0   0x000000ac   Code   RO          311    i.ST7735_FillRect   st7735.o
    0x00001e5c   0x00000024   Code   RO          312    i.ST7735_FillScreen  st7735.o
    0x00001e80   0x0000007c   Code   RO          314    i.ST7735_InitR      st7735.o
    0x00001efc   0x00000020   Code   RO          328    i.ST7735_SetCursor  st7735.o
    0x00001f1c   0x00000054   Code   RO           92    i.SearchCheck       esp8266.o
    0x00001f70   0x00000030   Code   RO           93    i.SearchStart       esp8266.o
    0x00001fa0   0x000000d4   Code   RO           94    i.ServerResponseSearchCheck  esp8266.o
    0x00002074   0x00000044   Code   RO          784    i.Thumbstick_Init   thumbstick.o
    0x000020b8   0x0000005c   Code   RO          570    i.Timer2A_Handler   buttons.o
    0x00002114   0x0000004c   Code   RO          571    i.Timer2_Arm        buttons.o
    0x00002160   0x00000014   Code   RO         1086    i.Timer3A_Handler   main.o
    0x00002174   0x0000003c   Code   RO          634    i.TxFifo_Get        uart.o
    0x000021b0   0x0000003c   Code   RO          636    i.TxFifo_Put        uart.o
    0x000021ec   0x00000018   Code   RO          637    i.TxFifo_Size       uart.o
    0x00002204   0x00000058   Code   RO          638    i.UART0_Handler     uart.o
    0x0000225c   0x00000030   Code   RO           96    i.UART1_Handler     esp8266.o
    0x0000228c   0x00000034   Code   RO          645    i.UART_OutChar      uart.o
    0x000022c0   0x00000034   Code   RO          646    i.UART_OutCharNonBlock  uart.o
    0x000022f4   0x00000044   Code   RO          912    i._Z12DrawEntitiesP10EntityList  gamerules.o
    0x00002338   0x00000034   Code   RO          913    i._Z13EraseEntitiesP10EntityList  gamerules.o
    0x0000236c   0x0000005c   Code   RO         1088    i._Z13GameTick_Initv  main.o
    0x000023c8   0x0000005a   Code   RO          915    i._Z21NormalizeAnalogInputsPtS_  gamerules.o
    0x00002422   0x00000026   Code   RO          916    i._ZN10EntityList12removeZeroesEv  gamerules.o
    0x00002448   0x00000012   Code   RO          918    i._ZN10EntityList4pushEP6Entity  gamerules.o
    0x0000245a   0x00000018   Code   RO          919    i._ZN10EntityList5clearEv  gamerules.o
    0x00002472   0x00000012   Code   RO          920    i._ZN10EntityList6isFullEv  gamerules.o
    0x00002484   0x00000038   Code   RO          921    i._ZN10EntityList6updateEPtS0_  gamerules.o
    0x000024bc   0x00000008   Code   RO         1119    i._ZN10EntityListC1Ev  main.o
    0x000024c4   0x0000007e   Code   RO          923    i._ZN6Entity13WallCollisionE9Rectangle  gamerules.o
    0x00002542   0x00000036   Code   RO          924    i._ZN6Entity6updateEv  gamerules.o
    0x00002578   0x00000006   Code   RO         1053    i._ZN6VectorC1Ess   gamerules.o
    0x0000257e   0x000000f0   Code   RO          926    i._ZN8Quadtree11getQuadrantE9Rectangle  gamerules.o
    0x0000266e   0x00000036   Code   RO          927    i._ZN8Quadtree5clearEv  gamerules.o
    0x000026a4   0x00000104   Code   RO          928    i._ZN8Quadtree5splitEv  gamerules.o
    0x000027a8   0x00000050   Code   RO          929    i._ZN8Quadtree6insertEP10EntityList  gamerules.o
    0x000027f8   0x0000009e   Code   RO          930    i._ZN8Quadtree6insertEP6Entity  gamerules.o
    0x00002896   0x0000004c   Code   RO          931    i._ZN8Quadtree8retrieveEP10EntityList9Rectangle  gamerules.o
    0x000028e2   0x0000001e   Code   RO         1047    i._ZN8QuadtreeC1Eh9Rectangle  gamerules.o
    0x00002900   0x0000000e   Code   RO         1041    i._ZN9RectangleC1Esstt  gamerules.o
    0x0000290e   0x00000002   PAD
    0x00002910   0x00000028   Code   RO         1318    i._Znwj             cpprt_w.l(new.o)
    0x00002938   0x00000056   Code   RO          332    i.commandList       st7735.o
    0x0000298e   0x00000002   PAD
    0x00002990   0x00000184   Code   RO          333    i.commonInit        st7735.o
    0x00002b14   0x0000002c   Code   RO          650    i.copyHardwareToSoftware  uart.o
    0x00002b40   0x0000002c   Code   RO          651    i.copySoftwareToHardware  uart.o
    0x00002b6c   0x00000008   Code   RO          334    i.ferror            st7735.o
    0x00002b74   0x00000010   Code   RO          652    i.fputc             uart.o
    0x00002b84   0x0000000e   Code   RO           97    i.lc                esp8266.o
    0x00002b92   0x00000002   PAD
    0x00002b94   0x0000016c   Code   RO         1089    i.main              main.o
    0x00002d00   0x00000074   Code   RO          338    i.setAddrWindow     st7735.o
    0x00002d74   0x00000030   Code   RO          339    i.writecommand      st7735.o
    0x00002da4   0x00000020   Code   RO          340    i.writedata         st7735.o
    0x00002dc4   0x000007e2   Data   RO          342    .constdata          st7735.o
    0x000035a6   0x00000080   Data   RO          952    .constdata          gamerules.o
    0x00003626   0x00000004   Data   RO         1643    .constdata          c_w.l(sys_io.o)
    0x0000362a   0x00000004   Data   RO         1644    .constdata          c_w.l(sys_io.o)
    0x0000362e   0x00000004   Data   RO         1645    .constdata          c_w.l(sys_io.o)
    0x00003632   0x00000002   PAD
    0x00003634   0x00000020   Data   RO         1816    Region$$Table       anon$$obj.o


    Execution Region ER_RW (Base: 0x20000000, Size: 0x000000a0, Max: 0xffffffff, ABSOLUTE)

    Base Addr    Size         Type   Attr      Idx    E Section Name        Object

    0x20000000   0x00000040   Data   RW          100    .data               esp8266.o
    0x20000040   0x0000002c   Data   RW          343    .data               st7735.o
    0x2000006c   0x00000008   Data   RW          572    .data               buttons.o
    0x20000074   0x00000010   Data   RW          654    .data               uart.o
    0x20000084   0x00000010   Data   RW         1094    .data               main.o
    0x20000094   0x00000004   Data   RW         1398    .data               c_w.l(stdio_streams.o)
    0x20000098   0x00000004   Data   RW         1399    .data               c_w.l(stdio_streams.o)
    0x2000009c   0x00000004   Data   RW         1400    .data               c_w.l(stdio_streams.o)


    Execution Region ER_ZI (Base: 0x200000a0, Size: 0x00001d80, Max: 0xffffffff, ABSOLUTE)

    Base Addr    Size         Type   Attr      Idx    E Section Name        Object

    0x200000a0   0x00000c20   Zero   RW           98    .bss                esp8266.o
    0x20000cc0   0x00000800   Zero   RW          653    .bss                uart.o
    0x200014c0   0x00000054   Zero   RW         1395    .bss                c_w.l(stdio_streams.o)
    0x20001514   0x00000054   Zero   RW         1396    .bss                c_w.l(stdio_streams.o)
    0x20001568   0x00000054   Zero   RW         1397    .bss                c_w.l(stdio_streams.o)
    0x200015bc   0x00000060   Zero   RW         1420    .bss                c_w.l(libspace.o)
    0x2000161c   0x00000004   PAD
    0x20001620   0x00000400   Zero   RW            2    HEAP                startup.o
    0x20001a20   0x00000400   Zero   RW            1    STACK               startup.o


==============================================================================

Image component sizes


      Code (inc. data)   RO Data    RW Data    ZI Data      Debug   Object Name

        96          8          0          0          0        381   accel.o
       252         22          0          0          0       1248   adc.o
       716        136          0          8          0       3062   buttons.o
       128         24          0          0          0        383   dac.o
      1996        680          0         64       3104      12903   esp8266.o
      1462          6        128          0          0      17151   gamerules.o
       108         20          0          0          0        391   led.o
       484         34          0         16          0       5453   main.o
       124          6          0          0          0       4639   pll.o
       182         50          0          0          0       2198   portinit.o
      1362        142       2018         44          0      10325   st7735.o
       696        636          0          0       2048        932   startup.o
        68         10          0          0          0        386   thumbstick.o
       524         86          0         16       2048       5995   uart.o

    ----------------------------------------------------------------------
      8208       1860       2178        148       7200      65447   Object Totals
         0          0         32          0          0          0   (incl. Generated)
        10          0          0          0          0          0   (incl. Padding)

    ----------------------------------------------------------------------

      Code (inc. data)   RO Data    RW Data    ZI Data      Debug   Library Member Name

         8          0          0          0          0         68   __main.o
       104          0          0          0          0         84   __printf.o
        52          8          0          0          0          0   __scatter.o
        26          0          0          0          0          0   __scatter_copy.o
        28          0          0          0          0          0   __scatter_zi.o
        44          0          0          0          0        108   _printf_char.o
        48          6          0          0          0         96   _printf_char_common.o
        36          4          0          0          0         80   _printf_char_file.o
         6          0          0          0          0          0   _printf_d.o
       120         18          0          0          0         92   _printf_dec.o
       184          0          0          0          0         88   _printf_intcommon.o
         0          0          0          0          0          0   _printf_percent.o
         4          0          0          0          0          0   _printf_percent_end.o
         6          0          0          0          0          0   _printf_s.o
        82          0          0          0          0         80   _printf_str.o
        10          0          0          0          0         68   _sputc.o
        16          0          0          0          0         72   abort.o
        48         34          0          0          0         76   defsig_abrt_inner.o
        14          0          0          0          0         80   defsig_abrt_outer.o
        10          0          0          0          0         68   defsig_exit.o
        50          0          0          0          0         88   defsig_general.o
        80         58          0          0          0         76   defsig_rtmem_inner.o
        14          0          0          0          0         80   defsig_rtmem_outer.o
        52         38          0          0          0         76   defsig_rtred_inner.o
        14          0          0          0          0         80   defsig_rtred_outer.o
        12          0          0          0          0         72   exit.o
        76          0          0          0          0         88   fclose.o
       236          4          0          0          0        128   fopen.o
       248          6          0          0          0         84   fseek.o
        70          0          0          0          0         76   ftell.o
        94          0          0          0          0         80   h1_alloc.o
        52          0          0          0          0         68   h1_extend.o
        78          0          0          0          0         80   h1_free.o
        14          0          0          0          0         84   h1_init.o
         6          0          0          0          0        152   heapauxi.o
         4          0          0          0          0        136   hguard.o
         0          0          0          0          0          0   indicate_semi.o
       138          0          0          0          0        168   init_alloc.o
       312         46          0          0          0        112   initio.o
         2          0          0          0          0          0   libinit.o
        14          0          0          0          0          0   libinit2.o
         2          0          0          0          0          0   libshutdown.o
         6          0          0          0          0          0   libshutdown2.o
         8          4          0          0         96         68   libspace.o
         0          0          0          0          0          0   maybetermalloc1.o
        24          4          0          0          0         84   noretval__2printf.o
        40          6          0          0          0         84   noretval__2sprintf.o
         8          4          0          0          0         68   rt_eh_globals_addr_intlibspace.o
         8          4          0          0          0         68   rt_errno_addr_intlibspace.o
         8          4          0          0          0         68   rt_heap_descriptor_intlibspace.o
        78          0          0          0          0         80   rt_memclr_w.o
         8          4          0          0          0         68   rt_new_handler_addr_intlibspace.o
         0          0          0          0          0          0   rtentry.o
        12          0          0          0          0          0   rtentry2.o
         6          0          0          0          0          0   rtentry4.o
         2          0          0          0          0          0   rtexit.o
        10          0          0          0          0          0   rtexit2.o
        70          0          0          0          0         80   setvbuf.o
       240          6          0          0          0        156   stdio.o
         0          0          0         12        252          0   stdio_streams.o
        72          0          0          0          0         80   strcpy.o
        62          0          0          0          0         76   strlen.o
        12          4          0          0          0         68   sys_exit.o
       102          0         12          0          0        240   sys_io.o
        74          0          0          0          0         80   sys_stackheap_outer.o
        14          0          0          0          0         76   sys_wrch.o
         2          0          0          0          0         68   use_no_semi.o
        80         12          0          0          0        104   arm_exceptions_globs.o
        60          0          0          0          0        108   arm_exceptions_mem.o
        26          0          0          0          0         76   arm_exceptions_terminate.o
         4          0          0          0          0         68   arm_newhandler_noexceptions.o
        40          6          0          0          0         76   new.o

    ----------------------------------------------------------------------
      3508        280         14         12        352       4732   Library Totals
        18          0          2          0          4          0   (incl. Padding)

    ----------------------------------------------------------------------

      Code (inc. data)   RO Data    RW Data    ZI Data      Debug   Library Name

      3280        262         12         12        348       4300   c_w.l
       210         18          0          0          0        432   cpprt_w.l

    ----------------------------------------------------------------------
      3508        280         14         12        352       4732   Library Totals

    ----------------------------------------------------------------------

==============================================================================


      Code (inc. data)   RO Data    RW Data    ZI Data      Debug   

     11716       2140       2192        160       7552      63211   Grand Totals
     11716       2140       2192        160       7552      63211   ELF Image Totals
     11716       2140       2192        160          0          0   ROM Totals

==============================================================================

    Total RO  Size (Code + RO Data)                13908 (  13.58kB)
    Total RW  Size (RW Data + ZI Data)              7712 (   7.53kB)
    Total ROM Size (Code + RO Data + RW Data)      14068 (  13.74kB)

==============================================================================

