<html>
<body>
<pre>
<h1>µVision Build Log</h1>
<h2>Project:</h2>
C:\Keil\ValvanoWareTM4C123\EE-445L-Labs\Lab7-FinalProjectHardware\Lab7.uvproj
Project File Date:  10/31/2016

<h2>Output:</h2>
Build target 'Lab7'
compiling ADC.c...
linking...
Program Size: Code=6160 RO-data=2052 RW-data=132 ZI-data=6284  
".\Lab7.axf" - 0 Error(s), 0 Warning(s).
Load "C:\\Keil\\ValvanoWareTM4C123\\EE-445L-Labs\\Lab7-FinalProjectHardware\\Lab7.axf" 
Connecting: Mode=JTAG, Speed=1000000Hz
Erase Done.
Programming Done.
Verify OK.
</pre>
</body>
</html>
l" was declared but never referenced
  static uint16_t tstick[4]; static uint16_t accel[3];
main.cpp: 3 warnings, 0 errors
linking...
Program Size: Code=6160 RO-data=2052 RW-data=132 ZI-data=6284  
".\Lab7.axf" - 0 Error(s), 3 Warning(s).
Load "C:\\Keil\\ValvanoWareTM4C123\\EE-445L-Labs\\Lab7-FinalProjectHardware\\Lab7.axf" 
Connecting: Mode=JTAG, Speed=1000000Hz
Erase Done.
Programming Done.
Verify OK.
e.
Verify OK.
led  -  Target DLL has been cancelled
Load "C:\\Keil\\ValvanoWareTM4C123\\EE-445L-Labs\\Lab7-FinalProjectHardware\\Lab7.axf" 
Connecting: Mode=JTAG, Speed=1000000Hz
Erase Done.
Programming Done.
Verify OK.
;
main.cpp: 3 warnings, 0 errors
compiling PortInit.c...
compiling LED.c...
".\Lab7.axf" - 1 Error(s), 3 Warning(s).
Target not created
tic uint16_t tstick[4]; static uint16_t accel[3];
main.cpp(28): warning:  #177-D: variable "accel" was declared but never referenced
  static uint16_t tstick[4]; static uint16_t accel[3];
main.cpp: 3 warnings, 0 errors
compiling PortInit.c...
compiling LED.c...
".\Lab7.axf" - 6 Error(s), 3 Warning(s).
Target not created
