<html>
<body>
<pre>
<h1>µVision Build Log</h1>
<h2>Project:</h2>
C:\Keil\ValvanoWareTM4C123\EE-445L-Labs\Lab7-FinalProjectHardware\Lab7.uvproj
Project File Date:  10/24/2016

<h2>Output:</h2>
Build target 'Lab7'
compiling Init.c...
Init.c(44): warning:  #223-D: function "RxFifo_Init" declared implicitly
    RxFifo_Init();                        // initialize empty FIFOs
Init.c(45): warning:  #223-D: function "TxFifo_Init" declared implicitly
    TxFifo_Init();
Init.c: 2 warnings, 0 errors
linking...
Program Size: Code=3784 RO-data=2496 RW-data=100 ZI-data=6276  
".\Lab7.axf" - 0 Error(s), 2 Warning(s).
to list image symbols.
Not enough information to list the image map.
Finished: 2 information, 0 warning and 1 error messages.
".\Lab7.axf" - 1 Error(s), 2 Warning(s).
Target not created
ize: Code=3896 RO-data=2496 RW-data=100 ZI-data=6276  
".\Lab7.axf" - 0 Error(s), 3 Warning(s).
