<html>
<body>
<pre>
<h1>µVision Build Log</h1>
<h2>Project:</h2>
C:\Keil\ValvanoWareTM4C123\EE-445L-Labs\Lab7-FinalProjectHardware\Lab7.uvproj
Project File Date:  10/30/2016

<h2>Output:</h2>
Build target 'Lab7'
linking...
Program Size: Code=5568 RO-data=2052 RW-data=132 ZI-data=6284  
".\Lab7.axf" - 0 Error(s), 0 Warning(s).
</pre>
</body>
</html>
C:\\Keil\\ValvanoWareTM4C123\\EE-445L-Labs\\Lab7-FinalProjectHardware\\Lab7.axf" 
Connecting: Mode=JTAG, Speed=1000000Hz
Erase Done.
Programming Done.
Verify OK.
Load "C:\\Keil\\ValvanoWareTM4C123\\EE-445L-Labs\\Lab7-FinalProjectHardware\\Lab7.axf" 
Connecting: Mode=JTAG, Speed=1000000Hz
Erase Done.
Programming Done.
Verify OK.
16_t accel[3];
main.cpp: 3 warnings, 0 errors
linking...
Program Size: Code=5588 RO-data=2052 RW-data=132 ZI-data=6284  
".\Lab7.axf" - 0 Error(s), 3 Warning(s).
rdware\\Lab7.axf" 
Connecting: Mode=JTAG, Speed=1000000Hz
Erase Done.
Programming Done.
Verify OK.
