<html>
<body>
<pre>
<h1>µVision Build Log</h1>
<h2>Project:</h2>
C:\Keil\ValvanoWareTM4C123\EE-445L-Labs\Lab7-FinalProjectHardware\Lab7.uvproj
Project File Date:  11/04/2016

<h2>Output:</h2>
Build target 'Lab7'
linking...
Program Size: Code=8556 RO-data=3108 RW-data=148 ZI-data=7300  
".\Lab7.axf" - 0 Error(s), 0 Warning(s).
Load "C:\\Keil\\ValvanoWareTM4C123\\EE-445L-Labs\\Lab7-FinalProjectHardware\\Lab7.axf" 
Connecting: Mode=JTAG, Speed=1000000Hz
Erase Done.
Programming Done.
Verify OK.
</pre>
</body>
</html>
rget DLL has been cancelled
Load "C:\\Keil\\ValvanoWareTM4C123\\EE-445L-Labs\\Lab7-FinalProjectHardware\\Lab7.axf" 
Connecting: Mode=JTAG, Speed=1000000Hz
Erase Done.
Programming Done.
Verify OK.
Load "C:\\Keil\\ValvanoWareTM4C123\\EE-445L-Labs\\Lab7-FinalProjectHardware\\Lab7.axf" 
Connecting: Mode=JTAG, Speed=1000000Hz
Erase Done.
Programming Done.
Verify OK.
