<html>
<body>
<pre>
<h1>µVision Build Log</h1>
<h2>Project:</h2>
C:\Users\T\Downloads\_PDFS\ValvanoWareTM4C123\Real-Time-Interfacing-Labs\Lab7-FinalProjectHardware\Lab7.uvproj
Project File Date:  11/07/2016

<h2>Output:</h2>
Build target 'Lab7'
compiling GameRules.cpp...
GameRules.cpp(68): warning:  #68-D: integer conversion resulted in a change of sign
        else return -1;
GameRules.cpp(58): warning:  #177-D: variable "near_45" was declared but never referenced
        bool near_45 = !near_0 && !near_90;
GameRules.cpp: 2 warnings, 0 errors
linking...
Program Size: Code=8004 RO-data=3076 RW-data=148 ZI-data=7300  
".\Lab7.axf" - 0 Error(s), 2 Warning(s).
Load "C:\\Users\\T\\Downloads\\_PDFS\\ValvanoWareTM4C123\\Real-Time-Interfacing-Labs\\Lab7-FinalProjectHardware\\Lab7.axf" 
Connecting: Mode=JTAG, Speed=1000000Hz
Erase Done.
Programming Done.
Verify OK.
 RO-data=3076 RW-data=148 ZI-data=7300  
".\Lab7.axf" - 0 Error(s), 4 Warning(s).
Load "C:\\Users\\T\\Downloads\\_PDFS\\ValvanoWareTM4C123\\Real-Time-Interfacing-Labs\\Lab7-FinalProjectHardware\\Lab7.axf" 
Connecting: Mode=JTAG, Speed=1000000Hz
Erase Done.
Programming Done.
Verify OK.
=7984 RO-data=3076 RW-data=148 ZI-data=7300  
".\Lab7.axf" - 0 Error(s), 4 Warning(s).
Load "C:\\Users\\T\\Downloads\\_PDFS\\ValvanoWareTM4C123\\Real-Time-Interfacing-Labs\\Lab7-FinalProjectHardware\\Lab7.axf" 
Connecting: Mode=JTAG, Speed=1000000Hz
Erase Done.
Programming Done.
Verify OK.
c uint16_t tstick[4]; static uint16_t accel[3];
main.cpp: 4 warnings, 0 errors
".\Lab7.axf" - 4 Error(s), 6 Warning(s).
Target not created
