ARM Linker, 5.03 [Build 76] [MDK-ARM Lite]

==============================================================================

Section Cross References

    startup.o(STACK) refers (Special) to heapauxi.o(.text) for __use_two_region_memory
    startup.o(HEAP) refers (Special) to heapauxi.o(.text) for __use_two_region_memory
    startup.o(RESET) refers (Special) to heapauxi.o(.text) for __use_two_region_memory
    startup.o(RESET) refers to startup.o(STACK) for StackMem
    startup.o(RESET) refers to switch.o(i.GPIOPortB_Handler) for GPIOPortB_Handler
    startup.o(RESET) refers to uart.o(i.UART0_Handler) for UART0_Handler
    startup.o(RESET) refers to esp8266.o(i.UART1_Handler) for UART1_Handler
    startup.o(RESET) refers to switch.o(i.Timer2A_Handler) for Timer2A_Handler
    startup.o(RESET) refers to __main.o(!!!main) for __main
    startup.o(.text) refers (Special) to heapauxi.o(.text) for __use_two_region_memory
    startup.o(.text) refers to startup.o(HEAP) for HeapMem
    startup.o(.text) refers to startup.o(STACK) for StackMem
    dac.o(i.DAC_Test) refers to dac.o(i.DAC_Out) for DAC_Out
    dac.o(i.DAC_Test) refers to dac.o(.constdata) for .constdata
    switch.o(i.GPIOPortB_Handler) refers to switch.o(i.Timer2Arm) for Timer2Arm
    switch.o(i.GPIOPortB_Handler) refers to switch.o(.data) for .data
    switch.o(i.Switch_GetStatus) refers to switch.o(.data) for .data
    switch.o(i.Switch_Init) refers to init.o(i.PortB_Init) for PortB_Init
    switch.o(i.Switch_Init) refers to switch.o(i.Timer2Arm) for Timer2Arm
    switch.o(i.Timer2A_Handler) refers to switch.o(i.GPIOArm_PortB) for GPIOArm_PortB
    switch.o(i.Timer2A_Handler) refers to switch.o(.data) for .data
    esp8266.o(i.DelayMsSearching) refers to esp8266.o(.data) for .data
    esp8266.o(i.ESP8266FIFOtoBuffer) refers to uart.o(i.UART_OutCharNonBlock) for UART_OutCharNonBlock
    esp8266.o(i.ESP8266FIFOtoBuffer) refers to esp8266.o(i.SearchCheck) for SearchCheck
    esp8266.o(i.ESP8266FIFOtoBuffer) refers to esp8266.o(i.ServerResponseSearchCheck) for ServerResponseSearchCheck
    esp8266.o(i.ESP8266FIFOtoBuffer) refers to esp8266.o(.data) for .data
    esp8266.o(i.ESP8266FIFOtoBuffer) refers to esp8266.o(.bss) for .bss
    esp8266.o(i.ESP8266ProcessInput) refers to _printf_percent.o(.ARM.Collect$$_printf_percent$$00000000) for _printf_percent
    esp8266.o(i.ESP8266ProcessInput) refers to _printf_s.o(.ARM.Collect$$_printf_percent$$00000014) for _printf_s
    esp8266.o(i.ESP8266ProcessInput) refers to _printf_str.o(.text) for _printf_str
    esp8266.o(i.ESP8266ProcessInput) refers to strstr.o(.text) for strstr
    esp8266.o(i.ESP8266ProcessInput) refers to noretval__2printf.o(.text) for __2printf
    esp8266.o(i.ESP8266ProcessInput) refers to esp8266.o(.data) for .data
    esp8266.o(i.ESP8266SendCommand) refers to esp8266.o(i.ESP8266_PrintChar) for ESP8266_PrintChar
    esp8266.o(i.ESP8266_CloseTCPConnection) refers to esp8266.o(i.SearchStart) for SearchStart
    esp8266.o(i.ESP8266_CloseTCPConnection) refers to esp8266.o(i.ESP8266SendCommand) for ESP8266SendCommand
    esp8266.o(i.ESP8266_CloseTCPConnection) refers to esp8266.o(i.DelayMsSearching) for DelayMsSearching
    esp8266.o(i.ESP8266_CloseTCPConnection) refers to esp8266.o(.data) for .data
    esp8266.o(i.ESP8266_ConfigureAccessPoint) refers to _printf_percent.o(.ARM.Collect$$_printf_percent$$00000000) for _printf_percent
    esp8266.o(i.ESP8266_ConfigureAccessPoint) refers to _printf_d.o(.ARM.Collect$$_printf_percent$$00000009) for _printf_d
    esp8266.o(i.ESP8266_ConfigureAccessPoint) refers to _printf_s.o(.ARM.Collect$$_printf_percent$$00000014) for _printf_s
    esp8266.o(i.ESP8266_ConfigureAccessPoint) refers to _printf_dec.o(.text) for _printf_int_dec
    esp8266.o(i.ESP8266_ConfigureAccessPoint) refers to _printf_str.o(.text) for _printf_str
    esp8266.o(i.ESP8266_ConfigureAccessPoint) refers to esp8266.o(i.SearchStart) for SearchStart
    esp8266.o(i.ESP8266_ConfigureAccessPoint) refers to noretval__2sprintf.o(.text) for __2sprintf
    esp8266.o(i.ESP8266_ConfigureAccessPoint) refers to esp8266.o(i.ESP8266SendCommand) for ESP8266SendCommand
    esp8266.o(i.ESP8266_ConfigureAccessPoint) refers to esp8266.o(i.DelayMsSearching) for DelayMsSearching
    esp8266.o(i.ESP8266_ConfigureAccessPoint) refers to esp8266.o(.data) for .data
    esp8266.o(i.ESP8266_ConfigureAccessPoint) refers to esp8266.o(.bss) for .bss
    esp8266.o(i.ESP8266_DisableServer) refers to _printf_percent.o(.ARM.Collect$$_printf_percent$$00000000) for _printf_percent
    esp8266.o(i.ESP8266_DisableServer) refers to _printf_d.o(.ARM.Collect$$_printf_percent$$00000009) for _printf_d
    esp8266.o(i.ESP8266_DisableServer) refers to _printf_dec.o(.text) for _printf_int_dec
    esp8266.o(i.ESP8266_DisableServer) refers to esp8266.o(i.SearchStart) for SearchStart
    esp8266.o(i.ESP8266_DisableServer) refers to noretval__2sprintf.o(.text) for __2sprintf
[...]
    Removing uart.o(i.UART_OutUHex), (44 bytes).
    Removing thumbstick.o(i.ADC0_InSeqX), (28 bytes).
    Removing accel.o(i.ADC0_InSeqXX), (28 bytes).
    Removing graphics.o(i.ST7735_Line), (28 bytes).
    Removing graphics.o(i.ST7735_LineHelper), (110 bytes).
    Removing graphics.o(i.ST7735_XYplot), (180 bytes).
    Removing graphics.o(i.ST7735_XYplotInit), (104 bytes).
    Removing graphics.o(i.ST7735_Xcount_Yplot), (112 bytes).
    Removing graphics.o(i.ST7735_sDecOut3), (164 bytes).
    Removing graphics.o(i.ST7735_uBinOut8), (188 bytes).
    Removing graphics.o(i.clearConvertedIndex), (12 bytes).
    Removing graphics.o(i.convertDec), (52 bytes).
    Removing graphics.o(.bss), (12 bytes).
    Removing graphics.o(.data), (28 bytes).
    Removing adc.o(i.ADC_Init), (84 bytes).
    Removing adc.o(i.ADC_Out), (80 bytes).
    Removing gamerules.o(i._ZN7Spatial6updateEv), (24 bytes).
    Removing gamerules.o(.ARM.exidx), (8 bytes).
    Removing main.o(.ARM.exidx), (8 bytes).
    Removing gamerules.o(i._ZN6VectorpLERKS_), (20 bytes).
    Removing gamerules.o(.ARM.exidx), (8 bytes).

117 unused section(s) (total 9257 bytes) removed from the image.

==============================================================================

Image Symbol Table

    Local Symbols

    Symbol Name                              Value     Ov Type        Size  Object(Section)

    RESET                                    0x00000000   Section      644  startup.o(RESET)
    ../clib/angel/boardlib.s                 0x00000000   Number         0  boardinit3.o ABSOLUTE
    ../clib/angel/boardlib.s                 0x00000000   Number         0  boardinit1.o ABSOLUTE
    ../clib/angel/boardlib.s                 0x00000000   Number         0  boardinit2.o ABSOLUTE
    ../clib/angel/boardlib.s                 0x00000000   Number         0  boardshut.o ABSOLUTE
    ../clib/angel/handlers.s                 0x00000000   Number         0  __scatter_zi.o ABSOLUTE
    ../clib/angel/handlers.s                 0x00000000   Number         0  __scatter_copy.o ABSOLUTE
    ../clib/angel/kernel.s                   0x00000000   Number         0  rtexit2.o ABSOLUTE
    ../clib/angel/kernel.s                   0x00000000   Number         0  rtentry4.o ABSOLUTE
    ../clib/angel/kernel.s                   0x00000000   Number         0  rtentry.o ABSOLUTE
    ../clib/angel/kernel.s                   0x00000000   Number         0  rtexit.o ABSOLUTE
    ../clib/angel/kernel.s                   0x00000000   Number         0  rtentry2.o ABSOLUTE
    ../clib/angel/rt.s                       0x00000000   Number         0  rt_errno_addr_intlibspace.o ABSOLUTE
    ../clib/angel/rt.s                       0x00000000   Number         0  rt_heap_descriptor.o ABSOLUTE
    ../clib/angel/rt.s                       0x00000000   Number         0  rt_raise.o ABSOLUTE
    ../clib/angel/rt.s                       0x00000000   Number         0  rt_heap_descriptor_intlibspace.o ABSOLUTE
    ../clib/angel/rt.s                       0x00000000   Number         0  rt_errno_addr.o ABSOLUTE
    ../clib/angel/scatter.s                  0x00000000   Number         0  __scatter.o ABSOLUTE
    ../clib/angel/startup.s                  0x00000000   Number         0  __main.o ABSOLUTE
    ../clib/angel/sys.s                      0x00000000   Number         0  use_no_semi.o ABSOLUTE
    ../clib/angel/sys.s                      0x00000000   Number         0  libspace.o ABSOLUTE
    ../clib/angel/sys.s                      0x00000000   Number         0  sys_stackheap_outer.o ABSOLUTE
    ../clib/angel/sys.s                      0x00000000   Number         0  indicate_semi.o ABSOLUTE
    ../clib/angel/sys.s                      0x00000000   Number         0  mutex_dummy.o ABSOLUTE
    ../clib/angel/sysapp.c                   0x00000000   Number         0  sys_io.o ABSOLUTE
    ../clib/angel/sysapp.c                   0x00000000   Number         0  sys_wrch.o ABSOLUTE
    ../clib/angel/sysapp.c                   0x00000000   Number         0  sys_exit.o ABSOLUTE
    ../clib/angel/sysapp.c                   0x00000000   Number         0  sys_command.o ABSOLUTE
    ../clib/armsys.c                         0x00000000   Number         0  _get_argv_nomalloc.o ABSOLUTE
    ../clib/armsys.c                         0x00000000   Number         0  no_argv.o ABSOLUTE
    ../clib/armsys.c                         0x00000000   Number         0  argv_veneer.o ABSOLUTE
    ../clib/armsys.c                         0x00000000   Number         0  argv_veneer.o ABSOLUTE
    ../clib/armsys.c                         0x00000000   Number         0  _get_argv.o ABSOLUTE
    ../clib/heap1.c                          0x00000000   Number         0  h1_init_mt.o ABSOLUTE
    ../clib/heap1.c                          0x00000000   Number         0  h1_final_mt.o ABSOLUTE
    ../clib/heap1.c                          0x00000000   Number         0  h1_alloc.o ABSOLUTE
    ../clib/heap1.c                          0x00000000   Number         0  h1_final.o ABSOLUTE
    ../clib/heap1.c                          0x00000000   Number         0  h1_free_mt.o ABSOLUTE
    ../clib/heap1.c                          0x00000000   Number         0  h1_alloc_mt.o ABSOLUTE
    ../clib/heap1.c                          0x00000000   Number         0  h1_free.o ABSOLUTE
    ../clib/heap1.c                          0x00000000   Number         0  h1_extend_mt.o ABSOLUTE
    ../clib/heap1.c                          0x00000000   Number         0  h1_extend.o ABSOLUTE
    ../clib/heap1.c                          0x00000000   Number         0  h1_init.o ABSOLUTE
    ../clib/heap2.c                          0x00000000   Number         0  heap2mt.o ABSOLUTE
    ../clib/heap2.c                          0x00000000   Number         0  heap2.o ABSOLUTE
    ../clib/heap2.c                          0x00000000   Number         0  fdtree.o ABSOLUTE
    ../clib/heapalloc.c                      0x00000000   Number         0  term_alloc.o ABSOLUTE
    ../clib/heapalloc.c                      0x00000000   Number         0  maybetermalloc1.o ABSOLUTE
    ../clib/heapalloc.c                      0x00000000   Number         0  maybetermalloc2.o ABSOLUTE
    ../clib/heapalloc.c                      0x00000000   Number         0  init_alloc.o ABSOLUTE
    ../clib/heapalloc.c                      0x00000000   Number         0  maybetermalloc2.o ABSOLUTE
    ../clib/heapalloc.c                      0x00000000   Number         0  hguard.o ABSOLUTE
    ../clib/heapalloc.c                      0x00000000   Number         0  free.o ABSOLUTE
    ../clib/heapalloc.c                      0x00000000   Number         0  malloc.o ABSOLUTE
    ../clib/heapalloc.c                      0x00000000   Number         0  hrguard.o ABSOLUTE
    ../clib/heapalloc.c                      0x00000000   Number         0  heapstubs.o ABSOLUTE
    ../clib/heapalloc.c                      0x00000000   Number         0  maybetermalloc1.o ABSOLUTE
    ../clib/heapaux.c                        0x00000000   Number         0  heapauxi.o ABSOLUTE
    ../clib/heapaux.c                        0x00000000   Number         0  heapauxa.o ABSOLUTE
    ../clib/libinit.s                        0x00000000   Number         0  libinit2.o ABSOLUTE
    ../clib/libinit.s                        0x00000000   Number         0  libinit.o ABSOLUTE
    ../clib/libinit.s                        0x00000000   Number         0  libshutdown.o ABSOLUTE
    ../clib/libinit.s                        0x00000000   Number         0  libshutdown2.o ABSOLUTE
    ../clib/memcpset.s                       0x00000000   Number         0  rt_memcpy_w.o ABSOLUTE
    ../clib/memcpset.s                       0x00000000   Number         0  rt_memclr_w.o ABSOLUTE
    ../clib/printf.c                         0x00000000   Number         0  __2printf.o ABSOLUTE
    ../clib/printf.c                         0x00000000   Number         0  noretval__2sprintf.o ABSOLUTE
    ../clib/printf.c                         0x00000000   Number         0  __2sprintf.o ABSOLUTE
    ../clib/printf.c                         0x00000000   Number         0  _printf_dec.o ABSOLUTE
    ../clib/printf.c                         0x00000000   Number         0  _printf_str.o ABSOLUTE
    ../clib/printf.c                         0x00000000   Number         0  __printf_nopercent.o ABSOLUTE
    ../clib/printf.c                         0x00000000   Number         0  __printf_flags.o ABSOLUTE
    ../clib/printf.c                         0x00000000   Number         0  __printf_ss.o ABSOLUTE
    ../clib/printf.c                         0x00000000   Number         0  __printf_flags_ss.o ABSOLUTE
    ../clib/printf.c                         0x00000000   Number         0  noretval__2printf.o ABSOLUTE
    ../clib/printf.c                         0x00000000   Number         0  _printf_intcommon.o ABSOLUTE
    ../clib/printf.c                         0x00000000   Number         0  __printf_flags_wp.o ABSOLUTE
    ../clib/printf.c                         0x00000000   Number         0  _printf_char_common.o ABSOLUTE
    ../clib/printf.c                         0x00000000   Number         0  __printf_ss_wp.o ABSOLUTE
    ../clib/printf.c                         0x00000000   Number         0  __printf_wp.o ABSOLUTE
    ../clib/printf.c                         0x00000000   Number         0  __printf_flags_ss_wp.o ABSOLUTE
    ../clib/printf.c                         0x00000000   Number         0  _printf_char.o ABSOLUTE
    ../clib/printf.c                         0x00000000   Number         0  _printf_char_file.o ABSOLUTE
    ../clib/printf.c                         0x00000000   Number         0  __printf.o ABSOLUTE
    ../clib/printf.c                         0x00000000   Number         0  _sputc.o ABSOLUTE
    ../clib/printf_percent.s                 0x00000000   Number         0  _printf_d.o ABSOLUTE
    ../clib/printf_percent.s                 0x00000000   Number         0  _printf_percent.o ABSOLUTE
    ../clib/printf_percent.s                 0x00000000   Number         0  _printf_s.o ABSOLUTE
    ../clib/printf_percent.s                 0x00000000   Number         0  _printf_percent_end.o ABSOLUTE
    ../clib/signal.c                         0x00000000   Number         0  defsig_pvfn_inner.o ABSOLUTE
    ../clib/signal.c                         0x00000000   Number         0  defsig_stak_inner.o ABSOLUTE
    ../clib/signal.c                         0x00000000   Number         0  defsig_fpe_inner.o ABSOLUTE
    ../clib/signal.c                         0x00000000   Number         0  defsig_abrt_inner.o ABSOLUTE
    ../clib/signal.c                         0x00000000   Number         0  defsig_rtmem_inner.o ABSOLUTE
    ../clib/signal.c                         0x00000000   Number         0  __raise.o ABSOLUTE
    ../clib/signal.c                         0x00000000   Number         0  defsig_rtmem_formal.o ABSOLUTE
    ../clib/signal.c                         0x00000000   Number         0  defsig_rtmem_outer.o ABSOLUTE
    ../clib/signal.c                         0x00000000   Number         0  defsig_general.o ABSOLUTE
    ../clib/signal.c                         0x00000000   Number         0  defsig_rtred_inner.o ABSOLUTE
    ../clib/signal.c                         0x00000000   Number         0  defsig_exit.o ABSOLUTE
    ../clib/signal.c                         0x00000000   Number         0  defsig_other.o ABSOLUTE
    ../clib/signal.c                         0x00000000   Number         0  defsig_segv_inner.o ABSOLUTE
    ../clib/signal.c                         0x00000000   Number         0  defsig_rtred_formal.o ABSOLUTE
    ../clib/signal.c                         0x00000000   Number         0  defsig_rtred_outer.o ABSOLUTE
    ../clib/signal.c                         0x00000000   Number         0  defsig_cppl_inner.o ABSOLUTE
    ../clib/signal.s                         0x00000000   Number         0  defsig.o ABSOLUTE
    ../clib/stdio.c                          0x00000000   Number         0  initio_locked.o ABSOLUTE
    ../clib/stdio.c                          0x00000000   Number         0  initio.o ABSOLUTE
    ../clib/stdio.c                          0x00000000   Number         0  ftell.o ABSOLUTE
    ../clib/stdio.c                          0x00000000   Number         0  setvbuf_locked.o ABSOLUTE
    ../clib/stdio.c                          0x00000000   Number         0  fclose.o ABSOLUTE
    ../clib/stdio.c                          0x00000000   Number         0  fopen.o ABSOLUTE
    ../clib/stdio.c                          0x00000000   Number         0  setvbuf.o ABSOLUTE
    ../clib/stdio.c                          0x00000000   Number         0  streamlock.o ABSOLUTE
    ../clib/stdio.c                          0x00000000   Number         0  stdio.o ABSOLUTE
    ../clib/stdio.c                          0x00000000   Number         0  fseek.o ABSOLUTE
    ../clib/stdio.c                          0x00000000   Number         0  stdio_streams.o ABSOLUTE
    ../clib/stdio.c                          0x00000000   Number         0  fopen_locked.o ABSOLUTE
    ../clib/stdlib.c                         0x00000000   Number         0  exit.o ABSOLUTE
    ../clib/string.c                         0x00000000   Number         0  strstr.o ABSOLUTE
    ../clib/string.c                         0x00000000   Number         0  strcpy.o ABSOLUTE
    ../clib/string.c                         0x00000000   Number         0  strlen.o ABSOLUTE
    ../fplib/fpinit.s                        0x00000000   Number         0  fpinit.o ABSOLUTE
    ADC.c                                    0x00000000   Number         0  adc.o ABSOLUTE
    ADCSWTrigger.c                           0x00000000   Number         0  adcswtrigger.o ABSOLUTE
    Accel.c                                  0x00000000   Number         0  accel.o ABSOLUTE
    Buttons.c                                0x00000000   Number         0  buttons.o ABSOLUTE
    DAC.c                                    0x00000000   Number         0  dac.o ABSOLUTE
    GameRules.cpp                            0x00000000   Number         0  gamerules.o ABSOLUTE
    Graphics.c                               0x00000000   Number         0  graphics.o ABSOLUTE
    Init.c                                   0x00000000   Number         0  init.o ABSOLUTE
    LED.c                                    0x00000000   Number         0  led.o ABSOLUTE
    PLL.c                                    0x00000000   Number         0  pll.o ABSOLUTE
    ST7735.c                                 0x00000000   Number         0  st7735.o ABSOLUTE
    Switch.c                                 0x00000000   Number         0  switch.o ABSOLUTE
    Thumbstick.c                             0x00000000   Number         0  thumbstick.o ABSOLUTE
    UART.c                                   0x00000000   Number         0  uart.o ABSOLUTE
    dc.s                                     0x00000000   Number         0  dc.o ABSOLUTE
    esp8266.c                                0x00000000   Number         0  esp8266.o ABSOLUTE
    main.cpp                                 0x00000000   Number         0  main.o ABSOLUTE
    startup.s                                0x00000000   Number         0  startup.o ABSOLUTE
    !!!main                                  0x00000284   Section        8  __main.o(!!!main)
    !!!scatter                               0x0000028c   Section       52  __scatter.o(!!!scatter)
    !!handler_copy                           0x000002c0   Section       26  __scatter_copy.o(!!handler_copy)
    !!handler_zi                             0x000002dc   Section       28  __scatter_zi.o(!!handler_zi)
    .ARM.Collect$$_printf_percent$$00000000  0x000002f8   Section        0  _printf_percent.o(.ARM.Collect$$_printf_percent$$00000000)
    .ARM.Collect$$_printf_percent$$00000009  0x000002f8   Section        6  _printf_d.o(.ARM.Collect$$_printf_percent$$00000009)
    .ARM.Collect$$_printf_percent$$00000014  0x000002fe   Section        6  _printf_s.o(.ARM.Collect$$_printf_percent$$00000014)
    .ARM.Collect$$_printf_percent$$00000017  0x00000304   Section        4  _printf_percent_end.o(.ARM.Collect$$_printf_percent$$00000017)
    .ARM.Collect$$libinit$$00000000          0x00000308   Section        2  libinit.o(.ARM.Collect$$libinit$$00000000)
    .ARM.Collect$$libinit$$00000002          0x0000030a   Section        0  libinit2.o(.ARM.Collect$$libinit$$00000002)
    .ARM.Collect$$libinit$$00000003          0x0000030a   Section        8  libinit2.o(.ARM.Collect$$libinit$$00000003)
    .ARM.Collect$$libinit$$00000008          0x00000312   Section        0  libinit2.o(.ARM.Collect$$libinit$$00000008)
    .ARM.Collect$$libinit$$0000000A          0x00000312   Section        0  libinit2.o(.ARM.Collect$$libinit$$0000000A)
    .ARM.Collect$$libinit$$0000000C          0x00000312   Section        0  libinit2.o(.ARM.Collect$$libinit$$0000000C)
    .ARM.Collect$$libinit$$0000000F          0x00000312   Section        0  libinit2.o(.ARM.Collect$$libinit$$0000000F)
    .ARM.Collect$$libinit$$00000011          0x00000312   Section        0  libinit2.o(.ARM.Collect$$libinit$$00000011)
    .ARM.Collect$$libinit$$00000013          0x00000312   Section        0  libinit2.o(.ARM.Collect$$libinit$$00000013)
    .ARM.Collect$$libinit$$00000015          0x00000312   Section        0  libinit2.o(.ARM.Collect$$libinit$$00000015)
    .ARM.Collect$$libinit$$00000017          0x00000312   Section        0  libinit2.o(.ARM.Collect$$libinit$$00000017)
    .ARM.Collect$$libinit$$00000019          0x00000312   Section        0  libinit2.o(.ARM.Collect$$libinit$$00000019)
    .ARM.Collect$$libinit$$0000001B          0x00000312   Section        0  libinit2.o(.ARM.Collect$$libinit$$0000001B)
    .ARM.Collect$$libinit$$0000001D          0x00000312   Section        0  libinit2.o(.ARM.Collect$$libinit$$0000001D)
    .ARM.Collect$$libinit$$0000001F          0x00000312   Section        0  libinit2.o(.ARM.Collect$$libinit$$0000001F)
    .ARM.Collect$$libinit$$00000021          0x00000312   Section        0  libinit2.o(.ARM.Collect$$libinit$$00000021)
    .ARM.Collect$$libinit$$00000022          0x00000312   Section        4  libinit2.o(.ARM.Collect$$libinit$$00000022)
    .ARM.Collect$$libinit$$00000023          0x00000316   Section        0  libinit2.o(.ARM.Collect$$libinit$$00000023)
    .ARM.Collect$$libinit$$0000002A          0x00000316   Section        0  libinit2.o(.ARM.Collect$$libinit$$0000002A)
    .ARM.Collect$$libinit$$0000002C          0x00000316   Section        0  libinit2.o(.ARM.Collect$$libinit$$0000002C)
    .ARM.Collect$$libinit$$0000002E          0x00000316   Section        0  libinit2.o(.ARM.Collect$$libinit$$0000002E)
    .ARM.Collect$$libinit$$00000030          0x00000316   Section        0  libinit2.o(.ARM.Collect$$libinit$$00000030)
    .ARM.Collect$$libinit$$00000031          0x00000316   Section        2  libinit2.o(.ARM.Collect$$libinit$$00000031)
    .ARM.Collect$$libshutdown$$00000000      0x00000318   Section        2  libshutdown.o(.ARM.Collect$$libshutdown$$00000000)
    .ARM.Collect$$libshutdown$$00000002      0x0000031a   Section        4  libshutdown2.o(.ARM.Collect$$libshutdown$$00000002)
    .ARM.Collect$$libshutdown$$00000003      0x0000031e   Section        0  libshutdown2.o(.ARM.Collect$$libshutdown$$00000003)
    .ARM.Collect$$libshutdown$$00000006      0x0000031e   Section        0  libshutdown2.o(.ARM.Collect$$libshutdown$$00000006)
    .ARM.Collect$$libshutdown$$00000009      0x0000031e   Section        0  libshutdown2.o(.ARM.Collect$$libshutdown$$00000009)
    .ARM.Collect$$libshutdown$$0000000B      0x0000031e   Section        0  libshutdown2.o(.ARM.Collect$$libshutdown$$0000000B)
    .ARM.Collect$$libshutdown$$0000000E      0x0000031e   Section        0  libshutdown2.o(.ARM.Collect$$libshutdown$$0000000E)
    .ARM.Collect$$libshutdown$$0000000F      0x0000031e   Section        2  libshutdown2.o(.ARM.Collect$$libshutdown$$0000000F)
    .ARM.Collect$$rtentry$$00000000          0x00000320   Section        0  rtentry.o(.ARM.Collect$$rtentry$$00000000)
    .ARM.Collect$$rtentry$$00000002          0x00000320   Section        0  rtentry2.o(.ARM.Collect$$rtentry$$00000002)
    .ARM.Collect$$rtentry$$00000004          0x00000320   Section        6  rtentry4.o(.ARM.Collect$$rtentry$$00000004)
    .ARM.Collect$$rtentry$$00000009          0x00000326   Section        0  rtentry2.o(.ARM.Collect$$rtentry$$00000009)
    .ARM.Collect$$rtentry$$0000000A          0x00000326   Section        4  rtentry2.o(.ARM.Collect$$rtentry$$0000000A)
    .ARM.Collect$$rtentry$$0000000C          0x0000032a   Section        0  rtentry2.o(.ARM.Collect$$rtentry$$0000000C)
    .ARM.Collect$$rtentry$$0000000D          0x0000032a   Section        8  rtentry2.o(.ARM.Collect$$rtentry$$0000000D)
    .ARM.Collect$$rtexit$$00000000           0x00000332   Section        2  rtexit.o(.ARM.Collect$$rtexit$$00000000)
    .ARM.Collect$$rtexit$$00000002           0x00000334   Section        0  rtexit2.o(.ARM.Collect$$rtexit$$00000002)
    .ARM.Collect$$rtexit$$00000003           0x00000334   Section        4  rtexit2.o(.ARM.Collect$$rtexit$$00000003)
    .ARM.Collect$$rtexit$$00000004           0x00000338   Section        6  rtexit2.o(.ARM.Collect$$rtexit$$00000004)
    .emb_text                                0x00000340   Section        0  maybetermalloc1.o(.emb_text)
    .text                                    0x00000340   Section       48  startup.o(.text)
    .text                                    0x00000370   Section        0  noretval__2printf.o(.text)
    .text                                    0x00000388   Section        0  noretval__2sprintf.o(.text)
    .text                                    0x000003b0   Section        0  __printf.o(.text)
    .text                                    0x00000418   Section        0  _printf_str.o(.text)
    .text                                    0x0000046c   Section        0  _printf_dec.o(.text)
    .text                                    0x000004e4   Section        0  strcpy.o(.text)
    .text                                    0x0000052c   Section        0  strlen.o(.text)
    .text                                    0x0000056a   Section        0  heapauxi.o(.text)
    .text                                    0x00000570   Section        0  _printf_intcommon.o(.text)
    .text                                    0x00000628   Section        0  _printf_char_common.o(.text)
    _printf_input_char                       0x00000629   Thumb Code    10  _printf_char_common.o(.text)
    .text                                    0x00000658   Section        0  _sputc.o(.text)
    .text                                    0x00000662   Section        0  _printf_char.o(.text)
    .text                                    0x00000690   Section        0  _printf_char_file.o(.text)
    .text                                    0x000006b4   Section        0  initio.o(.text)
    .text                                    0x000007ec   Section        0  sys_io.o(.text)
    .text                                    0x00000852   Section       74  sys_stackheap_outer.o(.text)
    .text                                    0x0000089c   Section        0  h1_free.o(.text)
    .text                                    0x000008ea   Section        0  setvbuf.o(.text)
    .text                                    0x00000930   Section        0  fopen.o(.text)
    _freopen_locked                          0x00000931   Thumb Code     0  fopen.o(.text)
    .text                                    0x00000a1c   Section        0  fclose.o(.text)
    .text                                    0x00000a68   Section        0  exit.o(.text)
    .text                                    0x00000a74   Section        0  defsig_rtred_outer.o(.text)
    .text                                    0x00000a82   Section       78  rt_memclr_w.o(.text)
    .text                                    0x00000ad0   Section        8  libspace.o(.text)
    .text                                    0x00000ad8   Section        2  use_no_semi.o(.text)
    .text                                    0x00000ada   Section        0  indicate_semi.o(.text)
    .text                                    0x00000adc   Section        8  rt_heap_descriptor_intlibspace.o(.text)
    .text                                    0x00000ae4   Section        0  hguard.o(.text)
    .text                                    0x00000ae8   Section        0  init_alloc.o(.text)
    .text                                    0x00000b72   Section        0  h1_alloc.o(.text)
    .text                                    0x00000bd0   Section        0  fseek.o(.text)
    .text                                    0x00000cc8   Section        0  stdio.o(.text)
    .text                                    0x00000db8   Section        0  defsig_exit.o(.text)
    .text                                    0x00000dc4   Section        0  defsig_rtred_inner.o(.text)
    .text                                    0x00000df8   Section        0  sys_exit.o(.text)
    .text                                    0x00000e04   Section        0  h1_init.o(.text)
    .text                                    0x00000e12   Section        0  h1_extend.o(.text)
    .text                                    0x00000e46   Section        0  ftell.o(.text)
    .text                                    0x00000e8c   Section        0  defsig_general.o(.text)
    .text                                    0x00000ebe   Section        0  defsig_rtmem_outer.o(.text)
    .text                                    0x00000ecc   Section        0  sys_wrch.o(.text)
    .text                                    0x00000edc   Section        8  rt_errno_addr_intlibspace.o(.text)
    .text                                    0x00000ee4   Section        0  defsig_rtmem_inner.o(.text)
    i.Accel_Init                             0x00000f34   Section        0  accel.o(i.Accel_Init)
    i.Buttons_Init                           0x00000fd8   Section        0  buttons.o(i.Buttons_Init)
    i.DAC_Init                               0x00001058   Section        0  dac.o(i.DAC_Init)
    i.DelayMs                                0x000010c8   Section        0  esp8266.o(i.DelayMs)
    i.DelayMsSearching                       0x000010e4   Section        0  esp8266.o(i.DelayMsSearching)
    i.ESP8266FIFOtoBuffer                    0x00001110   Section        0  esp8266.o(i.ESP8266FIFOtoBuffer)
    i.ESP8266SendCommand                     0x00001174   Section        0  esp8266.o(i.ESP8266SendCommand)
    i.ESP8266_GetIPAddress                   0x0000118c   Section        0  esp8266.o(i.ESP8266_GetIPAddress)
    i.ESP8266_Init                           0x000011cc   Section        0  esp8266.o(i.ESP8266_Init)
    i.ESP8266_InitUART                       0x000013a8   Section        0  esp8266.o(i.ESP8266_InitUART)
    i.ESP8266_JoinAccessPoint                0x00001474   Section        0  esp8266.o(i.ESP8266_JoinAccessPoint)
    i.ESP8266_ListAccessPoints               0x000014d8   Section        0  esp8266.o(i.ESP8266_ListAccessPoints)
    i.ESP8266_PrintChar                      0x00001518   Section        0  esp8266.o(i.ESP8266_PrintChar)
    i.ESP8266_Reset                          0x00001528   Section        0  esp8266.o(i.ESP8266_Reset)
    i.ESP8266_SetDataTransmissionMode        0x00001594   Section        0  esp8266.o(i.ESP8266_SetDataTransmissionMode)
    i.ESP8266_SetWifiMode                    0x000015ec   Section        0  esp8266.o(i.ESP8266_SetWifiMode)
    i.GPIOArm_PortB                          0x00001650   Section        0  switch.o(i.GPIOArm_PortB)
    i.GPIOPortB_Handler                      0x00001684   Section        0  switch.o(i.GPIOPortB_Handler)
    i.PLL_Init                               0x000016a4   Section        0  pll.o(i.PLL_Init)
    i.PortA_Init                             0x00001704   Section        0  init.o(i.PortA_Init)
    i.PortB_Init                             0x00001708   Section        0  init.o(i.PortB_Init)
    i.PortC_Init                             0x00001724   Section        0  init.o(i.PortC_Init)
    i.PortD_Init                             0x00001740   Section        0  init.o(i.PortD_Init)
    i.PortE_Init                             0x0000175c   Section        0  init.o(i.PortE_Init)
    i.PortF_Init                             0x00001778   Section        0  init.o(i.PortF_Init)
    i.RxFifo_Put                             0x00001794   Section        0  uart.o(i.RxFifo_Put)
    i.RxFifo_Size                            0x000017c0   Section        0  uart.o(i.RxFifo_Size)
    i.SearchCheck                            0x000017d0   Section        0  esp8266.o(i.SearchCheck)
    i.SearchStart                            0x0000180c   Section        0  esp8266.o(i.SearchStart)
    i.ServerResponseSearchCheck              0x0000182c   Section        0  esp8266.o(i.ServerResponseSearchCheck)
    i.Thumbstick_Init                        0x000018c0   Section        0  thumbstick.o(i.Thumbstick_Init)
    i.Timer2A_Handler                        0x00001964   Section        0  switch.o(i.Timer2A_Handler)
    i.Timer2Arm                              0x00001984   Section        0  switch.o(i.Timer2Arm)
    i.TxFifo_Get                             0x000019d0   Section        0  uart.o(i.TxFifo_Get)
    i.TxFifo_Put                             0x000019fc   Section        0  uart.o(i.TxFifo_Put)
    i.TxFifo_Size                            0x00001a28   Section        0  uart.o(i.TxFifo_Size)
    i.UART0_Handler                          0x00001a38   Section        0  uart.o(i.UART0_Handler)
    i.UART1_Handler                          0x00001a80   Section        0  esp8266.o(i.UART1_Handler)
    i.UART_OutChar                           0x00001aac   Section        0  uart.o(i.UART_OutChar)
    i.UART_OutCharNonBlock                   0x00001ad8   Section        0  uart.o(i.UART_OutCharNonBlock)
    i.copyHardwareToSoftware                 0x00001b00   Section        0  uart.o(i.copyHardwareToSoftware)
    copyHardwareToSoftware                   0x00001b01   Thumb Code    34  uart.o(i.copyHardwareToSoftware)
    i.copySoftwareToHardware                 0x00001b28   Section        0  uart.o(i.copySoftwareToHardware)
    copySoftwareToHardware                   0x00001b29   Thumb Code    34  uart.o(i.copySoftwareToHardware)
    i.ferror                                 0x00001b50   Section        0  st7735.o(i.ferror)
    i.fputc                                  0x00001b56   Section        0  uart.o(i.fputc)
    i.lc                                     0x00001b62   Section        0  esp8266.o(i.lc)
    i.main                                   0x00001b70   Section        0  main.o(i.main)
    .constdata                               0x00001bac   Section        4  sys_io.o(.constdata)
    .constdata                               0x00001bb0   Section        4  sys_io.o(.constdata)
    .constdata                               0x00001bb4   Section        4  sys_io.o(.constdata)
    .data                                    0x20000000   Section        8  switch.o(.data)
    LastB                                    0x20000000   Data           4  switch.o(.data)
    ValueB                                   0x20000004   Data           4  switch.o(.data)
    .data                                    0x20000008   Section       60  esp8266.o(.data)
    .data                                    0x20000044   Section       16  uart.o(.data)
    .data                                    0x20000054   Section        4  stdio_streams.o(.data)
    .data                                    0x20000058   Section        4  stdio_streams.o(.data)
    .data                                    0x2000005c   Section        4  stdio_streams.o(.data)
    .bss                                     0x20000060   Section     3104  esp8266.o(.bss)
    .bss                                     0x20000c80   Section     2048  uart.o(.bss)
    RxFifo                                   0x20000c80   Data        1024  uart.o(.bss)
    TxFifo                                   0x20001080   Data        1024  uart.o(.bss)
    .bss                                     0x20001480   Section       84  stdio_streams.o(.bss)
    .bss                                     0x200014d4   Section       84  stdio_streams.o(.bss)
    .bss                                     0x20001528   Section       84  stdio_streams.o(.bss)
    .bss                                     0x2000157c   Section       96  libspace.o(.bss)
    HEAP                                     0x200015e0   Section        0  startup.o(HEAP)
    STACK                                    0x200015e0   Section     1024  startup.o(STACK)
    HeapMem                                  0x200015e0   Data           0  startup.o(HEAP)
    StackMem                                 0x200015e0   Data           0  startup.o(STACK)

    Global Symbols

    Symbol Name                              Value     Ov Type        Size  Object(Section)

    BuildAttributes$$THM_ISAv4$E$P$D$K$B$S$7EM$PE$A:L22UL41UL21$X:L11$S22US41US21$IEEE1$IW$USESV6$~STKCKD$USESV7$~SHL$OTIME$ROPI$EBA8$UX$STANDARDLIB$REQ8$PRES8$EABIv2 0x00000000   Number         0  anon$$obj.o ABSOLUTE
    __ARM_use_no_argv                        0x00000000   Number         0  main.o ABSOLUTE
    __Vectors                                0x00000000   Data           0  startup.o(RESET)
    __ARM_exceptions_init                     - Undefined Weak Reference
    __alloca_initialize                       - Undefined Weak Reference
    __cpp_initialize__aeabi_                  - Undefined Weak Reference
    __cxa_finalize                            - Undefined Weak Reference
    __rt_locale                               - Undefined Weak Reference
    __sigvec_lookup                           - Undefined Weak Reference
    __user_heap_extent                        - Undefined Weak Reference
    _atexit_init                              - Undefined Weak Reference
    _call_atexit_fns                          - Undefined Weak Reference
    _clock_init                               - Undefined Weak Reference
    _fp_trap_init                             - Undefined Weak Reference
    _fp_trap_shutdown                         - Undefined Weak Reference
    _get_lc_collate                           - Undefined Weak Reference
    _get_lc_ctype                             - Undefined Weak Reference
    _get_lc_monetary                          - Undefined Weak Reference
    _get_lc_numeric                           - Undefined Weak Reference
    _get_lc_time                              - Undefined Weak Reference
    _getenv_init                              - Undefined Weak Reference
    _handle_redirection                       - Undefined Weak Reference
    _mutex_acquire                            - Undefined Weak Reference
    _mutex_free                               - Undefined Weak Reference
    _mutex_release                            - Undefined Weak Reference
    _printf_mbtowc                            - Undefined Weak Reference
    _printf_post_padding                      - Undefined Weak Reference
    _printf_pre_padding                       - Undefined Weak Reference
    _printf_truncate_signed                   - Undefined Weak Reference
    _printf_truncate_unsigned                 - Undefined Weak Reference
    _rand_init                                - Undefined Weak Reference
    _signal_finish                            - Undefined Weak Reference
    _signal_init                              - Undefined Weak Reference
    Reset_Handler                            0x0000026d   Thumb Code     0  startup.o(RESET)
    NMI_Handler                              0x00000271   Thumb Code     2  startup.o(RESET)
    HardFault_Handler                        0x00000273   Thumb Code     2  startup.o(RESET)
    MemManage_Handler                        0x00000275   Thumb Code     2  startup.o(RESET)
    BusFault_Handler                         0x00000277   Thumb Code     2  startup.o(RESET)
    UsageFault_Handler                       0x00000279   Thumb Code     2  startup.o(RESET)
    SVC_Handler                              0x0000027b   Thumb Code     2  startup.o(RESET)
    DebugMon_Handler                         0x0000027d   Thumb Code     2  startup.o(RESET)
    PendSV_Handler                           0x0000027f   Thumb Code     2  startup.o(RESET)
    SysTick_Handler                          0x00000281   Thumb Code     2  startup.o(RESET)
    ADC0Seq0_Handler                         0x00000283   Thumb Code     0  startup.o(RESET)
    ADC0Seq1_Handler                         0x00000283   Thumb Code     0  startup.o(RESET)
    ADC0Seq2_Handler                         0x00000283   Thumb Code     0  startup.o(RESET)
    ADC0Seq3_Handler                         0x00000283   Thumb Code     0  startup.o(RESET)
    ADC1Seq0_Handler                         0x00000283   Thumb Code     0  startup.o(RESET)
    ADC1Seq1_Handler                         0x00000283   Thumb Code     0  startup.o(RESET)
    ADC1Seq2_Handler                         0x00000283   Thumb Code     0  startup.o(RESET)
    ADC1Seq3_Handler                         0x00000283   Thumb Code     0  startup.o(RESET)
    CAN0_Handler                             0x00000283   Thumb Code     0  startup.o(RESET)
    CAN1_Handler                             0x00000283   Thumb Code     0  startup.o(RESET)
    CAN2_Handler                             0x00000283   Thumb Code     0  startup.o(RESET)
    Comp0_Handler                            0x00000283   Thumb Code     0  startup.o(RESET)
    Comp1_Handler                            0x00000283   Thumb Code     0  startup.o(RESET)
    Comp2_Handler                            0x00000283   Thumb Code     0  startup.o(RESET)
    Ethernet_Handler                         0x00000283   Thumb Code     0  startup.o(RESET)
    ExtBus_Handler                           0x00000283   Thumb Code     0  startup.o(RESET)
    FPU_Handler                              0x00000283   Thumb Code     0  startup.o(RESET)
    Fan0_Handler                             0x00000283   Thumb Code     0  startup.o(RESET)
    FlashCtl_Handler                         0x00000283   Thumb Code     0  startup.o(RESET)
    GPIOPortA_Handler                        0x00000283   Thumb Code     0  startup.o(RESET)
    GPIOPortC_Handler                        0x00000283   Thumb Code     0  startup.o(RESET)
    GPIOPortD_Handler                        0x00000283   Thumb Code     0  startup.o(RESET)
    GPIOPortE_Handler                        0x00000283   Thumb Code     0  startup.o(RESET)
    GPIOPortF_Handler                        0x00000283   Thumb Code     0  startup.o(RESET)
    GPIOPortG_Handler                        0x00000283   Thumb Code     0  startup.o(RESET)
    GPIOPortH_Handler                        0x00000283   Thumb Code     0  startup.o(RESET)
    GPIOPortJ_Handler                        0x00000283   Thumb Code     0  startup.o(RESET)
    GPIOPortK_Handler                        0x00000283   Thumb Code     0  startup.o(RESET)
    GPIOPortL_Handler                        0x00000283   Thumb Code     0  startup.o(RESET)
    GPIOPortM_Handler                        0x00000283   Thumb Code     0  startup.o(RESET)
    GPIOPortN_Handler                        0x00000283   Thumb Code     0  startup.o(RESET)
    GPIOPortP1_Handler                       0x00000283   Thumb Code     0  startup.o(RESET)
    GPIOPortP2_Handler                       0x00000283   Thumb Code     0  startup.o(RESET)
    GPIOPortP3_Handler                       0x00000283   Thumb Code     0  startup.o(RESET)
    GPIOPortP4_Handler                       0x00000283   Thumb Code     0  startup.o(RESET)
    GPIOPortP5_Handler                       0x00000283   Thumb Code     0  startup.o(RESET)
    GPIOPortP6_Handler                       0x00000283   Thumb Code     0  startup.o(RESET)
    GPIOPortP7_Handler                       0x00000283   Thumb Code     0  startup.o(RESET)
    GPIOPortP_Handler                        0x00000283   Thumb Code     0  startup.o(RESET)
    GPIOPortQ1_Handler                       0x00000283   Thumb Code     0  startup.o(RESET)
    GPIOPortQ2_Handler                       0x00000283   Thumb Code     0  startup.o(RESET)
    GPIOPortQ3_Handler                       0x00000283   Thumb Code     0  startup.o(RESET)
    GPIOPortQ4_Handler                       0x00000283   Thumb Code     0  startup.o(RESET)
    GPIOPortQ5_Handler                       0x00000283   Thumb Code     0  startup.o(RESET)
    GPIOPortQ6_Handler                       0x00000283   Thumb Code     0  startup.o(RESET)
    GPIOPortQ7_Handler                       0x00000283   Thumb Code     0  startup.o(RESET)
    GPIOPortQ_Handler                        0x00000283   Thumb Code     0  startup.o(RESET)
    GPIOPortR_Handler                        0x00000283   Thumb Code     0  startup.o(RESET)
    GPIOPortS_Handler                        0x00000283   Thumb Code     0  startup.o(RESET)
    Hibernate_Handler                        0x00000283   Thumb Code     0  startup.o(RESET)
    I2C0_Handler                             0x00000283   Thumb Code     0  startup.o(RESET)
    I2C1_Handler                             0x00000283   Thumb Code     0  startup.o(RESET)
    I2C2_Handler                             0x00000283   Thumb Code     0  startup.o(RESET)
    I2C3_Handler                             0x00000283   Thumb Code     0  startup.o(RESET)
    I2C4_Handler                             0x00000283   Thumb Code     0  startup.o(RESET)
    I2C5_Handler                             0x00000283   Thumb Code     0  startup.o(RESET)
    I2S0_Handler                             0x00000283   Thumb Code     0  startup.o(RESET)
    LPC0_Handler                             0x00000283   Thumb Code     0  startup.o(RESET)
    PECI0_Handler                            0x00000283   Thumb Code     0  startup.o(RESET)
    PWM0Fault_Handler                        0x00000283   Thumb Code     0  startup.o(RESET)
    PWM0Generator0_Handler                   0x00000283   Thumb Code     0  startup.o(RESET)
    PWM0Generator1_Handler                   0x00000283   Thumb Code     0  startup.o(RESET)
    PWM0Generator2_Handler                   0x00000283   Thumb Code     0  startup.o(RESET)
    PWM0Generator3_Handler                   0x00000283   Thumb Code     0  startup.o(RESET)
    PWM1Fault_Handler                        0x00000283   Thumb Code     0  startup.o(RESET)
    PWM1Generator0_Handler                   0x00000283   Thumb Code     0  startup.o(RESET)
    PWM1Generator1_Handler                   0x00000283   Thumb Code     0  startup.o(RESET)
    PWM1Generator2_Handler                   0x00000283   Thumb Code     0  startup.o(RESET)
    PWM1Generator3_Handler                   0x00000283   Thumb Code     0  startup.o(RESET)
    Quadrature0_Handler                      0x00000283   Thumb Code     0  startup.o(RESET)
    Quadrature1_Handler                      0x00000283   Thumb Code     0  startup.o(RESET)
    Quadrature2_Handler                      0x00000283   Thumb Code     0  startup.o(RESET)
    SSI0_Handler                             0x00000283   Thumb Code     0  startup.o(RESET)
    SSI1_Handler                             0x00000283   Thumb Code     0  startup.o(RESET)
    SSI2_Handler                             0x00000283   Thumb Code     0  startup.o(RESET)
    SSI3_Handler                             0x00000283   Thumb Code     0  startup.o(RESET)
    SysCtl_Handler                           0x00000283   Thumb Code     0  startup.o(RESET)
    Timer0A_Handler                          0x00000283   Thumb Code     0  startup.o(RESET)
    Timer0B_Handler                          0x00000283   Thumb Code     0  startup.o(RESET)
    Timer1A_Handler                          0x00000283   Thumb Code     0  startup.o(RESET)
    Timer1B_Handler                          0x00000283   Thumb Code     0  startup.o(RESET)
    Timer2B_Handler                          0x00000283   Thumb Code     0  startup.o(RESET)
    Timer3A_Handler                          0x00000283   Thumb Code     0  startup.o(RESET)
    Timer3B_Handler                          0x00000283   Thumb Code     0  startup.o(RESET)
    Timer4A_Handler                          0x00000283   Thumb Code     0  startup.o(RESET)
    Timer4B_Handler                          0x00000283   Thumb Code     0  startup.o(RESET)
    Timer5A_Handler                          0x00000283   Thumb Code     0  startup.o(RESET)
    Timer5B_Handler                          0x00000283   Thumb Code     0  startup.o(RESET)
    UART2_Handler                            0x00000283   Thumb Code     0  startup.o(RESET)
    UART3_Handler                            0x00000283   Thumb Code     0  startup.o(RESET)
    UART4_Handler                            0x00000283   Thumb Code     0  startup.o(RESET)
    UART5_Handler                            0x00000283   Thumb Code     0  startup.o(RESET)
    UART6_Handler                            0x00000283   Thumb Code     0  startup.o(RESET)
    UART7_Handler                            0x00000283   Thumb Code     0  startup.o(RESET)
    USB0_Handler                             0x00000283   Thumb Code     0  startup.o(RESET)
    WDT_Handler                              0x00000283   Thumb Code     0  startup.o(RESET)
    WideTimer0A_Handler                      0x00000283   Thumb Code     0  startup.o(RESET)
    WideTimer0B_Handler                      0x00000283   Thumb Code     0  startup.o(RESET)
    WideTimer1A_Handler                      0x00000283   Thumb Code     0  startup.o(RESET)
    WideTimer1B_Handler                      0x00000283   Thumb Code     0  startup.o(RESET)
    WideTimer2A_Handler                      0x00000283   Thumb Code     0  startup.o(RESET)
    WideTimer2B_Handler                      0x00000283   Thumb Code     0  startup.o(RESET)
    WideTimer3A_Handler                      0x00000283   Thumb Code     0  startup.o(RESET)
    WideTimer3B_Handler                      0x00000283   Thumb Code     0  startup.o(RESET)
    WideTimer4A_Handler                      0x00000283   Thumb Code     0  startup.o(RESET)
    WideTimer4B_Handler                      0x00000283   Thumb Code     0  startup.o(RESET)
    WideTimer5A_Handler                      0x00000283   Thumb Code     0  startup.o(RESET)
    WideTimer5B_Handler                      0x00000283   Thumb Code     0  startup.o(RESET)
    uDMA_Error                               0x00000283   Thumb Code     0  startup.o(RESET)
    uDMA_Handler                             0x00000283   Thumb Code     0  startup.o(RESET)
    __main                                   0x00000285   Thumb Code     8  __main.o(!!!main)
    __scatterload                            0x0000028d   Thumb Code     0  __scatter.o(!!!scatter)
    __scatterload_rt2                        0x0000028d   Thumb Code    44  __scatter.o(!!!scatter)
    __scatterload_rt2_thumb_only             0x0000028d   Thumb Code     0  __scatter.o(!!!scatter)
    __scatterload_null                       0x0000029b   Thumb Code     0  __scatter.o(!!!scatter)
    __scatterload_copy                       0x000002c1   Thumb Code    26  __scatter_copy.o(!!handler_copy)
    __scatterload_zeroinit                   0x000002dd   Thumb Code    28  __scatter_zi.o(!!handler_zi)
    _printf_d                                0x000002f9   Thumb Code     0  _printf_d.o(.ARM.Collect$$_printf_percent$$00000009)
    _printf_percent                          0x000002f9   Thumb Code     0  _printf_percent.o(.ARM.Collect$$_printf_percent$$00000000)
    _printf_s                                0x000002ff   Thumb Code     0  _printf_s.o(.ARM.Collect$$_printf_percent$$00000014)
    _printf_percent_end                      0x00000305   Thumb Code     0  _printf_percent_end.o(.ARM.Collect$$_printf_percent$$00000017)
    __rt_lib_init                            0x00000309   Thumb Code     0  libinit.o(.ARM.Collect$$libinit$$00000000)
    __rt_lib_init_fp_1                       0x0000030b   Thumb Code     0  libinit2.o(.ARM.Collect$$libinit$$00000002)
    __rt_lib_init_heap_2                     0x0000030b   Thumb Code     0  libinit2.o(.ARM.Collect$$libinit$$00000003)
    __rt_lib_init_atexit_1                   0x00000313   Thumb Code     0  libinit2.o(.ARM.Collect$$libinit$$00000019)
    __rt_lib_init_clock_1                    0x00000313   Thumb Code     0  libinit2.o(.ARM.Collect$$libinit$$0000001F)
    __rt_lib_init_fp_trap_1                  0x00000313   Thumb Code     0  libinit2.o(.ARM.Collect$$libinit$$0000001D)
    __rt_lib_init_getenv_1                   0x00000313   Thumb Code     0  libinit2.o(.ARM.Collect$$libinit$$00000021)
    __rt_lib_init_heap_1                     0x00000313   Thumb Code     0  libinit2.o(.ARM.Collect$$libinit$$00000008)
    __rt_lib_init_lc_collate_1               0x00000313   Thumb Code     0  libinit2.o(.ARM.Collect$$libinit$$0000000F)
    __rt_lib_init_lc_ctype_1                 0x00000313   Thumb Code     0  libinit2.o(.ARM.Collect$$libinit$$00000011)
    __rt_lib_init_lc_monetary_1              0x00000313   Thumb Code     0  libinit2.o(.ARM.Collect$$libinit$$00000013)
    __rt_lib_init_lc_numeric_1               0x00000313   Thumb Code     0  libinit2.o(.ARM.Collect$$libinit$$00000015)
    __rt_lib_init_lc_time_1                  0x00000313   Thumb Code     0  libinit2.o(.ARM.Collect$$libinit$$00000017)
    __rt_lib_init_rand_1                     0x00000313   Thumb Code     0  libinit2.o(.ARM.Collect$$libinit$$0000000C)
    __rt_lib_init_signal_1                   0x00000313   Thumb Code     0  libinit2.o(.ARM.Collect$$libinit$$0000001B)
    __rt_lib_init_stdio_2                    0x00000313   Thumb Code     0  libinit2.o(.ARM.Collect$$libinit$$00000022)
    __rt_lib_init_user_alloc_1               0x00000313   Thumb Code     0  libinit2.o(.ARM.Collect$$libinit$$0000000A)
    __rt_lib_init_alloca_1                   0x00000317   Thumb Code     0  libinit2.o(.ARM.Collect$$libinit$$0000002C)
    __rt_lib_init_argv_1                     0x00000317   Thumb Code     0  libinit2.o(.ARM.Collect$$libinit$$0000002A)
    __rt_lib_init_cpp_1                      0x00000317   Thumb Code     0  libinit2.o(.ARM.Collect$$libinit$$00000030)
    __rt_lib_init_exceptions_1               0x00000317   Thumb Code     0  libinit2.o(.ARM.Collect$$libinit$$0000002E)
    __rt_lib_init_return                     0x00000317   Thumb Code     0  libinit2.o(.ARM.Collect$$libinit$$00000031)
    __rt_lib_init_stdio_1                    0x00000317   Thumb Code     0  libinit2.o(.ARM.Collect$$libinit$$00000023)
    __rt_lib_shutdown                        0x00000319   Thumb Code     0  libshutdown.o(.ARM.Collect$$libshutdown$$00000000)
    __rt_lib_shutdown_stdio_2                0x0000031b   Thumb Code     0  libshutdown2.o(.ARM.Collect$$libshutdown$$00000002)
    __rt_lib_shutdown_fp_trap_1              0x0000031f   Thumb Code     0  libshutdown2.o(.ARM.Collect$$libshutdown$$00000006)
    __rt_lib_shutdown_heap_1                 0x0000031f   Thumb Code     0  libshutdown2.o(.ARM.Collect$$libshutdown$$0000000E)
    __rt_lib_shutdown_return                 0x0000031f   Thumb Code     0  libshutdown2.o(.ARM.Collect$$libshutdown$$0000000F)
    __rt_lib_shutdown_signal_1               0x0000031f   Thumb Code     0  libshutdown2.o(.ARM.Collect$$libshutdown$$00000009)
    __rt_lib_shutdown_stdio_1                0x0000031f   Thumb Code     0  libshutdown2.o(.ARM.Collect$$libshutdown$$00000003)
    __rt_lib_shutdown_user_alloc_1           0x0000031f   Thumb Code     0  libshutdown2.o(.ARM.Collect$$libshutdown$$0000000B)
    __rt_entry                               0x00000321   Thumb Code     0  rtentry.o(.ARM.Collect$$rtentry$$00000000)
    __rt_entry_presh_1                       0x00000321   Thumb Code     0  rtentry2.o(.ARM.Collect$$rtentry$$00000002)
    __rt_entry_sh                            0x00000321   Thumb Code     0  rtentry4.o(.ARM.Collect$$rtentry$$00000004)
    __rt_entry_li                            0x00000327   Thumb Code     0  rtentry2.o(.ARM.Collect$$rtentry$$0000000A)
    __rt_entry_postsh_1                      0x00000327   Thumb Code     0  rtentry2.o(.ARM.Collect$$rtentry$$00000009)
    __rt_entry_main                          0x0000032b   Thumb Code     0  rtentry2.o(.ARM.Collect$$rtentry$$0000000D)
    __rt_entry_postli_1                      0x0000032b   Thumb Code     0  rtentry2.o(.ARM.Collect$$rtentry$$0000000C)
    __rt_exit                                0x00000333   Thumb Code     0  rtexit.o(.ARM.Collect$$rtexit$$00000000)
    __rt_exit_ls                             0x00000335   Thumb Code     0  rtexit2.o(.ARM.Collect$$rtexit$$00000003)
    __rt_exit_prels_1                        0x00000335   Thumb Code     0  rtexit2.o(.ARM.Collect$$rtexit$$00000002)
    __rt_exit_exit                           0x00000339   Thumb Code     0  rtexit2.o(.ARM.Collect$$rtexit$$00000004)
    DisableInterrupts                        0x00000341   Thumb Code     0  startup.o(.text)
    _maybe_terminate_alloc                   0x00000341   Thumb Code     0  maybetermalloc1.o(.emb_text)
    EnableInterrupts                         0x00000345   Thumb Code     0  startup.o(.text)
    StartCritical                            0x00000349   Thumb Code     0  startup.o(.text)
    EndCritical                              0x00000351   Thumb Code     0  startup.o(.text)
    WaitForInterrupt                         0x00000357   Thumb Code     0  startup.o(.text)
    __user_initial_stackheap                 0x0000035b   Thumb Code     0  startup.o(.text)
    __2printf                                0x00000371   Thumb Code    20  noretval__2printf.o(.text)
    __2sprintf                               0x00000389   Thumb Code    34  noretval__2sprintf.o(.text)
    __printf                                 0x000003b1   Thumb Code   104  __printf.o(.text)
    _printf_str                              0x00000419   Thumb Code    82  _printf_str.o(.text)
    _printf_int_dec                          0x0000046d   Thumb Code   102  _printf_dec.o(.text)
    strcpy                                   0x000004e5   Thumb Code    72  strcpy.o(.text)
    strlen                                   0x0000052d   Thumb Code    62  strlen.o(.text)
    __use_two_region_memory                  0x0000056b   Thumb Code     2  heapauxi.o(.text)
    __rt_heap_escrow                         0x0000056d   Thumb Code     2  heapauxi.o(.text)
    __rt_heap_expand                         0x0000056f   Thumb Code     2  heapauxi.o(.text)
    _printf_int_common                       0x00000571   Thumb Code   184  _printf_intcommon.o(.text)
    _printf_char_common                      0x00000633   Thumb Code    32  _printf_char_common.o(.text)
    _sputc                                   0x00000659   Thumb Code    10  _sputc.o(.text)
    _printf_cs_common                        0x00000663   Thumb Code    20  _printf_char.o(.text)
    _printf_char                             0x00000677   Thumb Code    16  _printf_char.o(.text)
    _printf_string                           0x00000687   Thumb Code     8  _printf_char.o(.text)
    _printf_char_file                        0x00000691   Thumb Code    32  _printf_char_file.o(.text)
    _initio                                  0x000006b5   Thumb Code   210  initio.o(.text)
    _terminateio                             0x00000787   Thumb Code    56  initio.o(.text)
    _sys_open                                0x000007ed   Thumb Code    20  sys_io.o(.text)
    _sys_close                               0x00000801   Thumb Code    12  sys_io.o(.text)
    _sys_write                               0x0000080d   Thumb Code    16  sys_io.o(.text)
    _sys_read                                0x0000081d   Thumb Code    14  sys_io.o(.text)
    _sys_istty                               0x0000082b   Thumb Code    12  sys_io.o(.text)
    _sys_seek                                0x00000837   Thumb Code    14  sys_io.o(.text)
    _sys_ensure                              0x00000845   Thumb Code     2  sys_io.o(.text)
    _sys_flen                                0x00000847   Thumb Code    12  sys_io.o(.text)
    __user_setup_stackheap                   0x00000853   Thumb Code    74  sys_stackheap_outer.o(.text)
    free                                     0x0000089d   Thumb Code    78  h1_free.o(.text)
    setvbuf                                  0x000008eb   Thumb Code    70  setvbuf.o(.text)
    freopen                                  0x00000931   Thumb Code   158  fopen.o(.text)
    fopen                                    0x000009cf   Thumb Code    74  fopen.o(.text)
    _fclose_internal                         0x00000a1d   Thumb Code    76  fclose.o(.text)
    fclose                                   0x00000a1d   Thumb Code     0  fclose.o(.text)
    exit                                     0x00000a69   Thumb Code    12  exit.o(.text)
    __rt_SIGRTRED                            0x00000a75   Thumb Code    14  defsig_rtred_outer.o(.text)
    __aeabi_memclr4                          0x00000a83   Thumb Code     0  rt_memclr_w.o(.text)
    __aeabi_memclr8                          0x00000a83   Thumb Code     0  rt_memclr_w.o(.text)
    __rt_memclr_w                            0x00000a83   Thumb Code    78  rt_memclr_w.o(.text)
    _memset_w                                0x00000a87   Thumb Code     0  rt_memclr_w.o(.text)
    __user_libspace                          0x00000ad1   Thumb Code     8  libspace.o(.text)
    __user_perproc_libspace                  0x00000ad1   Thumb Code     0  libspace.o(.text)
    __user_perthread_libspace                0x00000ad1   Thumb Code     0  libspace.o(.text)
    __I$use$semihosting                      0x00000ad9   Thumb Code     0  use_no_semi.o(.text)
    __use_no_semihosting_swi                 0x00000ad9   Thumb Code     2  use_no_semi.o(.text)
    __semihosting_library_function           0x00000adb   Thumb Code     0  indicate_semi.o(.text)
    __rt_heap_descriptor                     0x00000add   Thumb Code     8  rt_heap_descriptor_intlibspace.o(.text)
    __use_no_heap                            0x00000ae5   Thumb Code     2  hguard.o(.text)
    __heap$guard                             0x00000ae7   Thumb Code     2  hguard.o(.text)
    _terminate_user_alloc                    0x00000ae9   Thumb Code     2  init_alloc.o(.text)
    _init_user_alloc                         0x00000aeb   Thumb Code     2  init_alloc.o(.text)
    __Heap_Full                              0x00000aed   Thumb Code    34  init_alloc.o(.text)
    __Heap_Broken                            0x00000b0f   Thumb Code     6  init_alloc.o(.text)
    _init_alloc                              0x00000b15   Thumb Code    94  init_alloc.o(.text)
    malloc                                   0x00000b73   Thumb Code    94  h1_alloc.o(.text)
    _fseek                                   0x00000bd1   Thumb Code   242  fseek.o(.text)
    fseek                                    0x00000bd1   Thumb Code     0  fseek.o(.text)
    _seterr                                  0x00000cc9   Thumb Code    20  stdio.o(.text)
    _writebuf                                0x00000cdd   Thumb Code    84  stdio.o(.text)
    _fflush                                  0x00000d31   Thumb Code    70  stdio.o(.text)
    _deferredlazyseek                        0x00000d77   Thumb Code    60  stdio.o(.text)
    __sig_exit                               0x00000db9   Thumb Code    10  defsig_exit.o(.text)
    __rt_SIGRTRED_inner                      0x00000dc5   Thumb Code    14  defsig_rtred_inner.o(.text)
    _sys_exit                                0x00000df9   Thumb Code     8  sys_exit.o(.text)
    __Heap_Initialize                        0x00000e05   Thumb Code    10  h1_init.o(.text)
    __Heap_DescSize                          0x00000e0f   Thumb Code     4  h1_init.o(.text)
    __Heap_ProvideMemory                     0x00000e13   Thumb Code    52  h1_extend.o(.text)
    _ftell_internal                          0x00000e47   Thumb Code    70  ftell.o(.text)
    ftell                                    0x00000e47   Thumb Code     0  ftell.o(.text)
    __default_signal_display                 0x00000e8d   Thumb Code    50  defsig_general.o(.text)
    __rt_SIGRTMEM                            0x00000ebf   Thumb Code    14  defsig_rtmem_outer.o(.text)
    _ttywrch                                 0x00000ecd   Thumb Code    14  sys_wrch.o(.text)
    __aeabi_errno_addr                       0x00000edd   Thumb Code     8  rt_errno_addr_intlibspace.o(.text)
    __errno$intlibspace                      0x00000edd   Thumb Code     0  rt_errno_addr_intlibspace.o(.text)
    __rt_errno_addr$intlibspace              0x00000edd   Thumb Code     0  rt_errno_addr_intlibspace.o(.text)
    __rt_SIGRTMEM_inner                      0x00000ee5   Thumb Code    22  defsig_rtmem_inner.o(.text)
    Accel_Init                               0x00000f35   Thumb Code   142  accel.o(i.Accel_Init)
    Buttons_Init                             0x00000fd9   Thumb Code   106  buttons.o(i.Buttons_Init)
    DAC_Init                                 0x00001059   Thumb Code    86  dac.o(i.DAC_Init)
    DelayMs                                  0x000010c9   Thumb Code    26  esp8266.o(i.DelayMs)
    DelayMsSearching                         0x000010e5   Thumb Code    38  esp8266.o(i.DelayMsSearching)
    ESP8266FIFOtoBuffer                      0x00001111   Thumb Code    86  esp8266.o(i.ESP8266FIFOtoBuffer)
    ESP8266SendCommand                       0x00001175   Thumb Code    22  esp8266.o(i.ESP8266SendCommand)
    ESP8266_GetIPAddress                     0x0000118d   Thumb Code    44  esp8266.o(i.ESP8266_GetIPAddress)
    ESP8266_Init                             0x000011cd   Thumb Code   142  esp8266.o(i.ESP8266_Init)
    ESP8266_InitUART                         0x000013a9   Thumb Code   176  esp8266.o(i.ESP8266_InitUART)
    ESP8266_JoinAccessPoint                  0x00001475   Thumb Code    64  esp8266.o(i.ESP8266_JoinAccessPoint)
    ESP8266_ListAccessPoints                 0x000014d9   Thumb Code    44  esp8266.o(i.ESP8266_ListAccessPoints)
    ESP8266_PrintChar                        0x00001519   Thumb Code    12  esp8266.o(i.ESP8266_PrintChar)
    ESP8266_Reset                            0x00001529   Thumb Code    80  esp8266.o(i.ESP8266_Reset)
    ESP8266_SetDataTransmissionMode          0x00001595   Thumb Code    60  esp8266.o(i.ESP8266_SetDataTransmissionMode)
    ESP8266_SetWifiMode                      0x000015ed   Thumb Code    64  esp8266.o(i.ESP8266_SetWifiMode)
    GPIOArm_PortB                            0x00001651   Thumb Code    40  switch.o(i.GPIOArm_PortB)
    GPIOPortB_Handler                        0x00001685   Thumb Code    22  switch.o(i.GPIOPortB_Handler)
    PLL_Init                                 0x000016a5   Thumb Code    90  pll.o(i.PLL_Init)
    PortA_Init                               0x00001705   Thumb Code     2  init.o(i.PortA_Init)
    PortB_Init                               0x00001709   Thumb Code    20  init.o(i.PortB_Init)
    PortC_Init                               0x00001725   Thumb Code    20  init.o(i.PortC_Init)
    PortD_Init                               0x00001741   Thumb Code    20  init.o(i.PortD_Init)
    PortE_Init                               0x0000175d   Thumb Code    20  init.o(i.PortE_Init)
    PortF_Init                               0x00001779   Thumb Code    20  init.o(i.PortF_Init)
    RxFifo_Put                               0x00001795   Thumb Code    36  uart.o(i.RxFifo_Put)
    RxFifo_Size                              0x000017c1   Thumb Code    12  uart.o(i.RxFifo_Size)
    SearchCheck                              0x000017d1   Thumb Code    52  esp8266.o(i.SearchCheck)
    SearchStart                              0x0000180d   Thumb Code    24  esp8266.o(i.SearchStart)
    ServerResponseSearchCheck                0x0000182d   Thumb Code   132  esp8266.o(i.ServerResponseSearchCheck)
    Thumbstick_Init                          0x000018c1   Thumb Code   142  thumbstick.o(i.Thumbstick_Init)
    Timer2A_Handler                          0x00001965   Thumb Code    18  switch.o(i.Timer2A_Handler)
    Timer2Arm                                0x00001985   Thumb Code    60  switch.o(i.Timer2Arm)
    TxFifo_Get                               0x000019d1   Thumb Code    36  uart.o(i.TxFifo_Get)
    TxFifo_Put                               0x000019fd   Thumb Code    36  uart.o(i.TxFifo_Put)
    TxFifo_Size                              0x00001a29   Thumb Code    12  uart.o(i.TxFifo_Size)
    UART0_Handler                            0x00001a39   Thumb Code    66  uart.o(i.UART0_Handler)
    UART1_Handler                            0x00001a81   Thumb Code    38  esp8266.o(i.UART1_Handler)
    UART_OutChar                             0x00001aad   Thumb Code    38  uart.o(i.UART_OutChar)
    UART_OutCharNonBlock                     0x00001ad9   Thumb Code    34  uart.o(i.UART_OutCharNonBlock)
    ferror                                   0x00001b51   Thumb Code     6  st7735.o(i.ferror)
    fputc                                    0x00001b57   Thumb Code    12  uart.o(i.fputc)
    lc                                       0x00001b63   Thumb Code    14  esp8266.o(i.lc)
    main                                     0x00001b71   Thumb Code    60  main.o(i.main)
    __stdin_name                             0x00001bac   Data           4  sys_io.o(.constdata)
    __stdout_name                            0x00001bb0   Data           4  sys_io.o(.constdata)
    __stderr_name                            0x00001bb4   Data           4  sys_io.o(.constdata)
    Region$$Table$$Base                      0x00001bb8   Number         0  anon$$obj.o(Region$$Table)
    Region$$Table$$Limit                     0x00001bd8   Number         0  anon$$obj.o(Region$$Table)
    ESP8266_EchoResponse                     0x20000008   Data           1  esp8266.o(.data)
    ESP8266_InputProcessingEnabled           0x20000009   Data           1  esp8266.o(.data)
    ESP8266_PageRequested                    0x2000000a   Data           1  esp8266.o(.data)
    SearchLooking                            0x2000000b   Data           1  esp8266.o(.data)
    SearchFound                              0x2000000c   Data           1  esp8266.o(.data)
    ESP8266_ServerPort                       0x2000000e   Data           2  esp8266.o(.data)
    ESP8266_ServerTimeout                    0x20000010   Data           2  esp8266.o(.data)
    RXBufferIndex                            0x20000014   Data           4  esp8266.o(.data)
    LastReturnIndex                          0x20000018   Data           4  esp8266.o(.data)
    CurrentReturnIndex                       0x2000001c   Data           4  esp8266.o(.data)
    ServerResponseIndex                      0x20000020   Data           4  esp8266.o(.data)
    SearchIndex                              0x20000024   Data           4  esp8266.o(.data)
    ServerResponseSearchFinished             0x20000028   Data           4  esp8266.o(.data)
    ServerResponseSearchIndex                0x2000002c   Data           4  esp8266.o(.data)
    ServerResponseSearchLooking              0x20000030   Data           4  esp8266.o(.data)
    ServerResponseSearchString               0x20000034   Data          16  esp8266.o(.data)
    RxPutI                                   0x20000044   Data           4  uart.o(.data)
    RxGetI                                   0x20000048   Data           4  uart.o(.data)
    TxPutI                                   0x2000004c   Data           4  uart.o(.data)
    TxGetI                                   0x20000050   Data           4  uart.o(.data)
    __aeabi_stdin                            0x20000054   Data           4  stdio_streams.o(.data)
    __aeabi_stdout                           0x20000058   Data           4  stdio_streams.o(.data)
    __aeabi_stderr                           0x2000005c   Data           4  stdio_streams.o(.data)
    RXBuffer                                 0x20000060   Data        1024  esp8266.o(.bss)
    TXBuffer                                 0x20000460   Data        1024  esp8266.o(.bss)
    ServerResponseBuffer                     0x20000860   Data        1024  esp8266.o(.bss)
    SearchString                             0x20000c60   Data          32  esp8266.o(.bss)
    __stdin                                  0x20001480   Data          84  stdio_streams.o(.bss)
    __stdout                                 0x200014d4   Data          84  stdio_streams.o(.bss)
    __stderr                                 0x20001528   Data          84  stdio_streams.o(.bss)
    __libspace_start                         0x2000157c   Data          96  libspace.o(.bss)
    __temporary_stack_top$libspace           0x200015dc   Data           0  libspace.o(.bss)



==============================================================================

Memory Map of the image

  Image Entry point : 0x0000026d

  Load Region LR_1 (Base: 0x00000000, Size: 0x00001c38, Max: 0xffffffff, ABSOLUTE)

    Execution Region ER_RO (Base: 0x00000000, Size: 0x00001bd8, Max: 0xffffffff, ABSOLUTE)

    Base Addr    Size         Type   Attr      Idx    E Section Name        Object

    0x00000000   0x00000284   Code   RO            3  * RESET               startup.o
    0x00000284   0x00000008   Code   RO         1144  * !!!main             c_w.l(__main.o)
    0x0000028c   0x00000034   Code   RO         1460    !!!scatter          c_w.l(__scatter.o)
    0x000002c0   0x0000001a   Code   RO         1462    !!handler_copy      c_w.l(__scatter_copy.o)
    0x000002da   0x00000002   PAD
    0x000002dc   0x0000001c   Code   RO         1464    !!handler_zi        c_w.l(__scatter_zi.o)
    0x000002f8   0x00000000   Code   RO         1133    .ARM.Collect$$_printf_percent$$00000000  c_w.l(_printf_percent.o)
    0x000002f8   0x00000006   Code   RO         1132    .ARM.Collect$$_printf_percent$$00000009  c_w.l(_printf_d.o)
    0x000002fe   0x00000006   Code   RO         1131    .ARM.Collect$$_printf_percent$$00000014  c_w.l(_printf_s.o)
    0x00000304   0x00000004   Code   RO         1157    .ARM.Collect$$_printf_percent$$00000017  c_w.l(_printf_percent_end.o)
    0x00000308   0x00000002   Code   RO         1274    .ARM.Collect$$libinit$$00000000  c_w.l(libinit.o)
    0x0000030a   0x00000000   Code   RO         1276    .ARM.Collect$$libinit$$00000002  c_w.l(libinit2.o)
    0x0000030a   0x00000008   Code   RO         1277    .ARM.Collect$$libinit$$00000003  c_w.l(libinit2.o)
    0x00000312   0x00000000   Code   RO         1279    .ARM.Collect$$libinit$$00000008  c_w.l(libinit2.o)
    0x00000312   0x00000000   Code   RO         1281    .ARM.Collect$$libinit$$0000000A  c_w.l(libinit2.o)
    0x00000312   0x00000000   Code   RO         1283    .ARM.Collect$$libinit$$0000000C  c_w.l(libinit2.o)
    0x00000312   0x00000000   Code   RO         1286    .ARM.Collect$$libinit$$0000000F  c_w.l(libinit2.o)
    0x00000312   0x00000000   Code   RO         1288    .ARM.Collect$$libinit$$00000011  c_w.l(libinit2.o)
    0x00000312   0x00000000   Code   RO         1290    .ARM.Collect$$libinit$$00000013  c_w.l(libinit2.o)
    0x00000312   0x00000000   Code   RO         1292    .ARM.Collect$$libinit$$00000015  c_w.l(libinit2.o)
    0x00000312   0x00000000   Code   RO         1294    .ARM.Collect$$libinit$$00000017  c_w.l(libinit2.o)
    0x00000312   0x00000000   Code   RO         1296    .ARM.Collect$$libinit$$00000019  c_w.l(libinit2.o)
    0x00000312   0x00000000   Code   RO         1298    .ARM.Collect$$libinit$$0000001B  c_w.l(libinit2.o)
    0x00000312   0x00000000   Code   RO         1300    .ARM.Collect$$libinit$$0000001D  c_w.l(libinit2.o)
    0x00000312   0x00000000   Code   RO         1302    .ARM.Collect$$libinit$$0000001F  c_w.l(libinit2.o)
    0x00000312   0x00000000   Code   RO         1304    .ARM.Collect$$libinit$$00000021  c_w.l(libinit2.o)
    0x00000312   0x00000004   Code   RO         1305    .ARM.Collect$$libinit$$00000022  c_w.l(libinit2.o)
    0x00000316   0x00000000   Code   RO         1306    .ARM.Collect$$libinit$$00000023  c_w.l(libinit2.o)
    0x00000316   0x00000000   Code   RO         1310    .ARM.Collect$$libinit$$0000002A  c_w.l(libinit2.o)
    0x00000316   0x00000000   Code   RO         1312    .ARM.Collect$$libinit$$0000002C  c_w.l(libinit2.o)
    0x00000316   0x00000000   Code   RO         1314    .ARM.Collect$$libinit$$0000002E  c_w.l(libinit2.o)
    0x00000316   0x00000000   Code   RO         1316    .ARM.Collect$$libinit$$00000030  c_w.l(libinit2.o)
    0x00000316   0x00000002   Code   RO         1317    .ARM.Collect$$libinit$$00000031  c_w.l(libinit2.o)
    0x00000318   0x00000002   Code   RO         1439    .ARM.Collect$$libshutdown$$00000000  c_w.l(libshutdown.o)
    0x0000031a   0x00000004   Code   RO         1319    .ARM.Collect$$libshutdown$$00000002  c_w.l(libshutdown2.o)
    0x0000031e   0x00000000   Code   RO         1320    .ARM.Collect$$libshutdown$$00000003  c_w.l(libshutdown2.o)
    0x0000031e   0x00000000   Code   RO         1323    .ARM.Collect$$libshutdown$$00000006  c_w.l(libshutdown2.o)
    0x0000031e   0x00000000   Code   RO         1326    .ARM.Collect$$libshutdown$$00000009  c_w.l(libshutdown2.o)
    0x0000031e   0x00000000   Code   RO         1328    .ARM.Collect$$libshutdown$$0000000B  c_w.l(libshutdown2.o)
    0x0000031e   0x00000000   Code   RO         1331    .ARM.Collect$$libshutdown$$0000000E  c_w.l(libshutdown2.o)
    0x0000031e   0x00000002   Code   RO         1332    .ARM.Collect$$libshutdown$$0000000F  c_w.l(libshutdown2.o)
    0x00000320   0x00000000   Code   RO         1146    .ARM.Collect$$rtentry$$00000000  c_w.l(rtentry.o)
    0x00000320   0x00000000   Code   RO         1165    .ARM.Collect$$rtentry$$00000002  c_w.l(rtentry2.o)
    0x00000320   0x00000006   Code   RO         1177    .ARM.Collect$$rtentry$$00000004  c_w.l(rtentry4.o)
    0x00000326   0x00000000   Code   RO         1167    .ARM.Collect$$rtentry$$00000009  c_w.l(rtentry2.o)
    0x00000326   0x00000004   Code   RO         1168    .ARM.Collect$$rtentry$$0000000A  c_w.l(rtentry2.o)
    0x0000032a   0x00000000   Code   RO         1170    .ARM.Collect$$rtentry$$0000000C  c_w.l(rtentry2.o)
    0x0000032a   0x00000008   Code   RO         1171    .ARM.Collect$$rtentry$$0000000D  c_w.l(rtentry2.o)
    0x00000332   0x00000002   Code   RO         1339    .ARM.Collect$$rtexit$$00000000  c_w.l(rtexit.o)
    0x00000334   0x00000000   Code   RO         1385    .ARM.Collect$$rtexit$$00000002  c_w.l(rtexit2.o)
    0x00000334   0x00000004   Code   RO         1386    .ARM.Collect$$rtexit$$00000003  c_w.l(rtexit2.o)
    0x00000338   0x00000006   Code   RO         1387    .ARM.Collect$$rtexit$$00000004  c_w.l(rtexit2.o)
    0x0000033e   0x00000002   PAD
    0x00000340   0x00000000   Code   RO         1391    .emb_text           c_w.l(maybetermalloc1.o)
    0x00000340   0x00000030   Code   RO            4    .text               startup.o
    0x00000370   0x00000018   Code   RO         1101    .text               c_w.l(noretval__2printf.o)
    0x00000388   0x00000028   Code   RO         1103    .text               c_w.l(noretval__2sprintf.o)
    0x000003b0   0x00000068   Code   RO         1105    .text               c_w.l(__printf.o)
    0x00000418   0x00000052   Code   RO         1107    .text               c_w.l(_printf_str.o)
    0x0000046a   0x00000002   PAD
    0x0000046c   0x00000078   Code   RO         1109    .text               c_w.l(_printf_dec.o)
    0x000004e4   0x00000048   Code   RO         1136    .text               c_w.l(strcpy.o)
    0x0000052c   0x0000003e   Code   RO         1138    .text               c_w.l(strlen.o)
    0x0000056a   0x00000006   Code   RO         1142    .text               c_w.l(heapauxi.o)
    0x00000570   0x000000b8   Code   RO         1147    .text               c_w.l(_printf_intcommon.o)
    0x00000628   0x00000030   Code   RO         1149    .text               c_w.l(_printf_char_common.o)
    0x00000658   0x0000000a   Code   RO         1151    .text               c_w.l(_sputc.o)
    0x00000662   0x0000002c   Code   RO         1153    .text               c_w.l(_printf_char.o)
    0x0000068e   0x00000002   PAD
    0x00000690   0x00000024   Code   RO         1155    .text               c_w.l(_printf_char_file.o)
    0x000006b4   0x00000138   Code   RO         1181    .text               c_w.l(initio.o)
    0x000007ec   0x00000066   Code   RO         1185    .text               c_w.l(sys_io.o)
    0x00000852   0x0000004a   Code   RO         1192    .text               c_w.l(sys_stackheap_outer.o)
    0x0000089c   0x0000004e   Code   RO         1196    .text               c_w.l(h1_free.o)
    0x000008ea   0x00000046   Code   RO         1250    .text               c_w.l(setvbuf.o)
    0x00000930   0x000000ec   Code   RO         1253    .text               c_w.l(fopen.o)
    0x00000a1c   0x0000004c   Code   RO         1255    .text               c_w.l(fclose.o)
    0x00000a68   0x0000000c   Code   RO         1261    .text               c_w.l(exit.o)
    0x00000a74   0x0000000e   Code   RO         1263    .text               c_w.l(defsig_rtred_outer.o)
    0x00000a82   0x0000004e   Code   RO         1267    .text               c_w.l(rt_memclr_w.o)
    0x00000ad0   0x00000008   Code   RO         1333    .text               c_w.l(libspace.o)
    0x00000ad8   0x00000002   Code   RO         1336    .text               c_w.l(use_no_semi.o)
    0x00000ada   0x00000000   Code   RO         1338    .text               c_w.l(indicate_semi.o)
    0x00000ada   0x00000002   PAD
    0x00000adc   0x00000008   Code   RO         1346    .text               c_w.l(rt_heap_descriptor_intlibspace.o)
    0x00000ae4   0x00000004   Code   RO         1348    .text               c_w.l(hguard.o)
    0x00000ae8   0x0000008a   Code   RO         1350    .text               c_w.l(init_alloc.o)
    0x00000b72   0x0000005e   Code   RO         1356    .text               c_w.l(h1_alloc.o)
    0x00000bd0   0x000000f8   Code   RO         1370    .text               c_w.l(fseek.o)
    0x00000cc8   0x000000f0   Code   RO         1372    .text               c_w.l(stdio.o)
    0x00000db8   0x0000000a   Code   RO         1374    .text               c_w.l(defsig_exit.o)
    0x00000dc2   0x00000002   PAD
    0x00000dc4   0x00000034   Code   RO         1376    .text               c_w.l(defsig_rtred_inner.o)
    0x00000df8   0x0000000c   Code   RO         1382    .text               c_w.l(sys_exit.o)
    0x00000e04   0x0000000e   Code   RO         1393    .text               c_w.l(h1_init.o)
    0x00000e12   0x00000034   Code   RO         1395    .text               c_w.l(h1_extend.o)
    0x00000e46   0x00000046   Code   RO         1401    .text               c_w.l(ftell.o)
    0x00000e8c   0x00000032   Code   RO         1405    .text               c_w.l(defsig_general.o)
    0x00000ebe   0x0000000e   Code   RO         1407    .text               c_w.l(defsig_rtmem_outer.o)
    0x00000ecc   0x0000000e   Code   RO         1420    .text               c_w.l(sys_wrch.o)
    0x00000eda   0x00000002   PAD
    0x00000edc   0x00000008   Code   RO         1427    .text               c_w.l(rt_errno_addr_intlibspace.o)
    0x00000ee4   0x00000050   Code   RO         1433    .text               c_w.l(defsig_rtmem_inner.o)
    0x00000f34   0x000000a4   Code   RO          917    i.Accel_Init        accel.o
    0x00000fd8   0x00000080   Code   RO          734    i.Buttons_Init      buttons.o
    0x00001058   0x00000070   Code   RO           34    i.DAC_Init          dac.o
    0x000010c8   0x0000001a   Code   RO          111    i.DelayMs           esp8266.o
    0x000010e2   0x00000002   PAD
    0x000010e4   0x0000002c   Code   RO          112    i.DelayMsSearching  esp8266.o
    0x00001110   0x00000064   Code   RO          113    i.ESP8266FIFOtoBuffer  esp8266.o
    0x00001174   0x00000016   Code   RO          115    i.ESP8266SendCommand  esp8266.o
    0x0000118a   0x00000002   PAD
    0x0000118c   0x00000040   Code   RO          122    i.ESP8266_GetIPAddress  esp8266.o
    0x000011cc   0x000001dc   Code   RO          125    i.ESP8266_Init      esp8266.o
    0x000013a8   0x000000cc   Code   RO          126    i.ESP8266_InitUART  esp8266.o
    0x00001474   0x00000064   Code   RO          127    i.ESP8266_JoinAccessPoint  esp8266.o
    0x000014d8   0x00000040   Code   RO          128    i.ESP8266_ListAccessPoints  esp8266.o
    0x00001518   0x00000010   Code   RO          130    i.ESP8266_PrintChar  esp8266.o
    0x00001528   0x0000006c   Code   RO          132    i.ESP8266_Reset     esp8266.o
    0x00001594   0x00000058   Code   RO          135    i.ESP8266_SetDataTransmissionMode  esp8266.o
    0x000015ec   0x00000064   Code   RO          137    i.ESP8266_SetWifiMode  esp8266.o
    0x00001650   0x00000034   Code   RO           64    i.GPIOArm_PortB     switch.o
    0x00001684   0x00000020   Code   RO           65    i.GPIOPortB_Handler  switch.o
    0x000016a4   0x00000060   Code   RO           12    i.PLL_Init          pll.o
    0x00001704   0x00000002   Code   RO          689    i.PortA_Init        init.o
    0x00001706   0x00000002   PAD
    0x00001708   0x0000001c   Code   RO          690    i.PortB_Init        init.o
    0x00001724   0x0000001c   Code   RO          691    i.PortC_Init        init.o
    0x00001740   0x0000001c   Code   RO          692    i.PortD_Init        init.o
    0x0000175c   0x0000001c   Code   RO          693    i.PortE_Init        init.o
    0x00001778   0x0000001c   Code   RO          694    i.PortF_Init        init.o
    0x00001794   0x0000002c   Code   RO          749    i.RxFifo_Put        uart.o
    0x000017c0   0x00000010   Code   RO          750    i.RxFifo_Size       uart.o
    0x000017d0   0x0000003c   Code   RO          139    i.SearchCheck       esp8266.o
    0x0000180c   0x00000020   Code   RO          140    i.SearchStart       esp8266.o
    0x0000182c   0x00000094   Code   RO          141    i.ServerResponseSearchCheck  esp8266.o
    0x000018c0   0x000000a4   Code   RO          896    i.Thumbstick_Init   thumbstick.o
    0x00001964   0x00000020   Code   RO           68    i.Timer2A_Handler   switch.o
    0x00001984   0x0000004c   Code   RO           69    i.Timer2Arm         switch.o
    0x000019d0   0x0000002c   Code   RO          751    i.TxFifo_Get        uart.o
    0x000019fc   0x0000002c   Code   RO          753    i.TxFifo_Put        uart.o
    0x00001a28   0x00000010   Code   RO          754    i.TxFifo_Size       uart.o
    0x00001a38   0x00000048   Code   RO          755    i.UART0_Handler     uart.o
    0x00001a80   0x0000002c   Code   RO          143    i.UART1_Handler     esp8266.o
    0x00001aac   0x0000002c   Code   RO          762    i.UART_OutChar      uart.o
    0x00001ad8   0x00000028   Code   RO          763    i.UART_OutCharNonBlock  uart.o
    0x00001b00   0x00000028   Code   RO          767    i.copyHardwareToSoftware  uart.o
    0x00001b28   0x00000028   Code   RO          768    i.copySoftwareToHardware  uart.o
    0x00001b50   0x00000006   Code   RO          465    i.ferror            st7735.o
    0x00001b56   0x0000000c   Code   RO          769    i.fputc             uart.o
    0x00001b62   0x0000000e   Code   RO          144    i.lc                esp8266.o
    0x00001b70   0x0000003c   Code   RO         1052    i.main              main.o
    0x00001bac   0x00000004   Data   RO         1186    .constdata          c_w.l(sys_io.o)
    0x00001bb0   0x00000004   Data   RO         1187    .constdata          c_w.l(sys_io.o)
    0x00001bb4   0x00000004   Data   RO         1188    .constdata          c_w.l(sys_io.o)
    0x00001bb8   0x00000020   Data   RO         1458    Region$$Table       anon$$obj.o


    Execution Region ER_RW (Base: 0x20000000, Size: 0x00000060, Max: 0xffffffff, ABSOLUTE)

    Base Addr    Size         Type   Attr      Idx    E Section Name        Object

    0x20000000   0x00000008   Data   RW           70    .data               switch.o
    0x20000008   0x0000003c   Data   RW          148    .data               esp8266.o
    0x20000044   0x00000010   Data   RW          771    .data               uart.o
    0x20000054   0x00000004   Data   RW         1161    .data               c_w.l(stdio_streams.o)
    0x20000058   0x00000004   Data   RW         1162    .data               c_w.l(stdio_streams.o)
    0x2000005c   0x00000004   Data   RW         1163    .data               c_w.l(stdio_streams.o)


    Execution Region ER_ZI (Base: 0x20000060, Size: 0x00001980, Max: 0xffffffff, ABSOLUTE)

    Base Addr    Size         Type   Attr      Idx    E Section Name        Object

    0x20000060   0x00000c20   Zero   RW          145    .bss                esp8266.o
    0x20000c80   0x00000800   Zero   RW          770    .bss                uart.o
    0x20001480   0x00000054   Zero   RW         1158    .bss                c_w.l(stdio_streams.o)
    0x200014d4   0x00000054   Zero   RW         1159    .bss                c_w.l(stdio_streams.o)
    0x20001528   0x00000054   Zero   RW         1160    .bss                c_w.l(stdio_streams.o)
    0x2000157c   0x00000060   Zero   RW         1334    .bss                c_w.l(libspace.o)
    0x200015dc   0x00000004   PAD
    0x200015e0   0x00000000   Zero   RW            2    HEAP                startup.o
    0x200015e0   0x00000400   Zero   RW            1    STACK               startup.o


==============================================================================

Image component sizes


      Code (inc. data)   RO Data    RW Data    ZI Data      Debug   Object Name

       164         22          0          0          0        453   accel.o
       128         22          0          0          0        455   buttons.o
       112         26          0          0          0        423   dac.o
      1710        592          0         60       3104      12971   esp8266.o
         0          0          0          0          0       3080   gamerules.o
       142         40          0          0          0       2366   init.o
        60          0          0          0          0        471   main.o
        96          6          0          0          0       4683   pll.o
         6          0          0          0          0        421   st7735.o
       692        632          0          0       1024        996   startup.o
       192         52          0          8          0       2198   switch.o
       164         22          0          0          0        470   thumbstick.o
       412         62          0         16       2048       6512   uart.o

    ----------------------------------------------------------------------
      3884       1476         32         84       6176      35499   Object Totals
         0          0         32          0          0          0   (incl. Generated)
         6          0          0          0          0          0   (incl. Padding)

    ----------------------------------------------------------------------

      Code (inc. data)   RO Data    RW Data    ZI Data      Debug   Library Member Name

         8          0          0          0          0         68   __main.o
       104          0          0          0          0         84   __printf.o
        52          8          0          0          0          0   __scatter.o
        26          0          0          0          0          0   __scatter_copy.o
        28          0          0          0          0          0   __scatter_zi.o
        44          0          0          0          0        108   _printf_char.o
        48          6          0          0          0         96   _printf_char_common.o
        36          4          0          0          0         80   _printf_char_file.o
         6          0          0          0          0          0   _printf_d.o
       120         18          0          0          0         92   _printf_dec.o
       184          0          0          0          0         88   _printf_intcommon.o
         0          0          0          0          0          0   _printf_percent.o
         4          0          0          0          0          0   _printf_percent_end.o
         6          0          0          0          0          0   _printf_s.o
        82          0          0          0          0         80   _printf_str.o
        10          0          0          0          0         68   _sputc.o
        10          0          0          0          0         68   defsig_exit.o
        50          0          0          0          0         88   defsig_general.o
        80         58          0          0          0         76   defsig_rtmem_inner.o
        14          0          0          0          0         80   defsig_rtmem_outer.o
        52         38          0          0          0         76   defsig_rtred_inner.o
        14          0          0          0          0         80   defsig_rtred_outer.o
        12          0          0          0          0         72   exit.o
        76          0          0          0          0         88   fclose.o
       236          4          0          0          0        128   fopen.o
       248          6          0          0          0         84   fseek.o
        70          0          0          0          0         76   ftell.o
        94          0          0          0          0         80   h1_alloc.o
        52          0          0          0          0         68   h1_extend.o
        78          0          0          0          0         80   h1_free.o
        14          0          0          0          0         84   h1_init.o
         6          0          0          0          0        152   heapauxi.o
         4          0          0          0          0        136   hguard.o
         0          0          0          0          0          0   indicate_semi.o
       138          0          0          0          0        168   init_alloc.o
       312         46          0          0          0        112   initio.o
         2          0          0          0          0          0   libinit.o
        14          0          0          0          0          0   libinit2.o
         2          0          0          0          0          0   libshutdown.o
         6          0          0          0          0          0   libshutdown2.o
         8          4          0          0         96         68   libspace.o
         0          0          0          0          0          0   maybetermalloc1.o
        24          4          0          0          0         84   noretval__2printf.o
        40          6          0          0          0         84   noretval__2sprintf.o
         8          4          0          0          0         68   rt_errno_addr_intlibspace.o
         8          4          0          0          0         68   rt_heap_descriptor_intlibspace.o
        78          0          0          0          0         80   rt_memclr_w.o
         0          0          0          0          0          0   rtentry.o
        12          0          0          0          0          0   rtentry2.o
         6          0          0          0          0          0   rtentry4.o
         2          0          0          0          0          0   rtexit.o
        10          0          0          0          0          0   rtexit2.o
        70          0          0          0          0         80   setvbuf.o
       240          6          0          0          0        156   stdio.o
         0          0          0         12        252          0   stdio_streams.o
        72          0          0          0          0         80   strcpy.o
        62          0          0          0          0         76   strlen.o
        12          4          0          0          0         68   sys_exit.o
       102          0         12          0          0        240   sys_io.o
        74          0          0          0          0         80   sys_stackheap_outer.o
        14          0          0          0          0         76   sys_wrch.o
         2          0          0          0          0         68   use_no_semi.o

    ----------------------------------------------------------------------
      3200        220         12         12        352       3936   Library Totals
        14          0          0          0          4          0   (incl. Padding)

    ----------------------------------------------------------------------

      Code (inc. data)   RO Data    RW Data    ZI Data      Debug   Library Name

      3186        220         12         12        348       3936   c_w.l

    ----------------------------------------------------------------------
      3200        220         12         12        352       3936   Library Totals

    ----------------------------------------------------------------------

==============================================================================


      Code (inc. data)   RO Data    RW Data    ZI Data      Debug   

      7084       1696         44         96       6528      35067   Grand Totals
      7084       1696         44         96       6528      35067   ELF Image Totals
      7084       1696         44         96          0          0   ROM Totals

==============================================================================

    Total RO  Size (Code + RO Data)                 7128 (   6.96kB)
    Total RW  Size (RW Data + ZI Data)              6624 (   6.47kB)
    Total ROM Size (Code + RO Data + RW Data)       7224 (   7.05kB)

==============================================================================

