<html>
<body>
<pre>
<h1>µVision Build Log</h1>
<h2>Project:</h2>
C:\Users\T\Downloads\_PDFS\ValvanoWareTM4C123\Real-Time-Interfacing-Labs\Lab7-FinalProjectHardware\Lab7.uvproj
Project File Date:  11/01/2016

<h2>Output:</h2>
Build target 'Lab7'
compiling main.cpp...
main.cpp(25): warning:  #177-D: variable "BAUD_RATE" was declared but never referenced
  static const int BAUD_RATE = 115200;
main.cpp(26): warning:  #177-D: variable "tstick" was declared but never referenced
  static uint16_t tstick[4]; static uint16_t accel[3];
main.cpp(26): warning:  #177-D: variable "accel" was declared but never referenced
  static uint16_t tstick[4]; static uint16_t accel[3];
main.cpp: 3 warnings, 0 errors
linking...
Program Size: Code=8364 RO-data=2180 RW-data=148 ZI-data=7308  
".\Lab7.axf" - 0 Error(s), 3 Warning(s).
Load "C:\\Users\\T\\Downloads\\_PDFS\\ValvanoWareTM4C123\\Real-Time-Interfacing-Labs\\Lab7-FinalProjectHardware\\Lab7.axf" 
Connecting: Mode=JTAG, Speed=1000000Hz
Erase Done.
Programming Done.
Verify OK.
_t tstick[4]; static uint16_t accel[3];
main.cpp: 3 warnings, 2 errors
".\Lab7.axf" - 3 Error(s), 3 Warning(s).
Target not created
RATE = 115200;
main.cpp(26): warning:  #177-D: variable "tstick" was declared but never referenced
  static uint16_t tstick[4]; static uint16_t accel[3];
main.cpp(26): warning:  #177-D: variable "accel" was declared but never referenced
  static uint16_t tstick[4]; static uint16_t accel[3];
main.cpp: 3 warnings, 0 errors
"main.cpp" - 0 Error(s), 3 Warning(s).
                DrawEntities(*entitiesToDraw);
main.cpp(25): warning:  #177-D: variable "BAUD_RATE" was declared but never referenced
  static const int BAUD_RATE = 115200;
main.cpp(26): warning:  #177-D: variable "tstick" was declared but never referenced
  static uint16_t tstick[4]; static uint16_t accel[3];
main.cpp(26): warning:  #177-D: variable "accel" was declared but never referenced
  static uint16_t tstick[4]; static uint16_t accel[3];
main.cpp: 3 warnings, 3 errors
".\Lab7.axf" - 7 Error(s), 3 Warning(s).
Target not created
ccel );
GameRules.h(103): error:  #20: identifier "tstick" is undefined
  void NormalizeAnalogInputs( tstick, accel );
GameRules.h(103): error:  #18: expected a ")"
  void NormalizeAnalogInputs( tstick, accel );
main.cpp(87): error:  #20: identifier "ADC_In" is undefined
                        ADC_In(tstick, accel);
main.cpp(92): error:  #153: expression must have class type
                        AllEntities.update(tstick, accel);
main.cpp(98): error:  #20: identifier "DrawEntities" is undefined
                        DrawEntities(*entitiesToDraw);
main.cpp(25): warning:  #177-D: variable "BAUD_RATE" was declared but never referenced
  static const int BAUD_RATE = 115200;
main.cpp(26): warning:  #177-D: variable "tstick" was declared but never referenced
  static uint16_t tstick[4]; static uint16_t accel[3];
main.cpp(26): warning:  #177-D: variable "accel" was declared but never referenced
  static uint16_t tstick[4]; static uint16_t accel[3];
main.cpp: 3 warnings, 6 errors
".\Lab7.axf" - 17 Error(s), 3 Warning(s).
Target not created
