<html>
<body>
<pre>
<h1>µVision Build Log</h1>
<h2>Project:</h2>
C:\Keil\ValvanoWareTM4C123\EE-445L-Labs\Lab7-FinalProjectHardware\Lab7.uvproj
Project File Date:  10/31/2016

<h2>Output:</h2>
Build target 'Lab7'
assembling startup.s...
compiling PLL.c...
compiling DAC.c...
compiling esp8266.c...
compiling ST7735.c...
compiling Buttons.c...
compiling UART.c...
compiling Thumbstick.c...
compiling Accel.c...
compiling Graphics.c...
compiling ADC.c...
compiling GameRules.cpp...
compiling main.cpp...
main.cpp(25): warning:  #177-D: variable "BAUD_RATE" was declared but never referenced
  static const int BAUD_RATE = 115200;
main.cpp(26): warning:  #177-D: variable "tstick" was declared but never referenced
  static uint16_t tstick[4]; static uint16_t accel[3];
main.cpp(26): warning:  #177-D: variable "accel" was declared but never referenced
  static uint16_t tstick[4]; static uint16_t accel[3];
main.cpp: 3 warnings, 0 errors
compiling PortInit.c...
compiling LED.c...
linking...
Program Size: Code=6164 RO-data=2052 RW-data=132 ZI-data=7308  
".\Lab7.axf" - 0 Error(s), 3 Warning(s).
