<html>
<body>
<pre>
<h1>µVision Build Log</h1>
<h2>Project:</h2>
C:\Keil\ValvanoWareTM4C123\EE-445L-Labs\Lab7-FinalProjectHardware\Lab7.uvproj
Project File Date:  11/04/2016

<h2>Output:</h2>
Build target 'Lab7'
compiling GameRules.cpp...
GameRules.cpp(128): warning:  #68-D: integer conversion resulted in a change of sign
            else if (DEADZONE_TSTICK_MIN > tstick[i]) { tstick[i] =  -BULLET_SPEED; }
GameRules.cpp: 1 warning, 0 errors
linking...
Program Size: Code=9232 RO-data=3108 RW-data=148 ZI-data=7308  
".\Lab7.axf" - 0 Error(s), 1 Warning(s).
Load "C:\\Keil\\ValvanoWareTM4C123\\EE-445L-Labs\\Lab7-FinalProjectHardware\\Lab7.axf" 
Connecting: Mode=JTAG, Speed=1000000Hz
Erase Done.
Programming Done.
Verify OK.
</pre>
</body>
</html>
-Labs\\Lab7-FinalProjectHardware\\Lab7.axf" 
Connecting: Mode=JTAG, Speed=1000000Hz
Erase Done.
Programming Done.
Verify OK.
