<html>
<body>
<pre>
<h1>µVision Build Log</h1>
<h2>Project:</h2>
C:\Keil\ValvanoWareTM4C123\EE-445L-Labs\Lab7-FinalProjectHardware\Lab7.uvproj
Project File Date:  10/30/2016

<h2>Output:</h2>
Build target 'Lab7'
compiling main.cpp...
main.cpp(27): warning:  #177-D: variable "BAUD_RATE" was declared but never referenced
  static const int BAUD_RATE = 115200;
main.cpp(28): warning:  #177-D: variable "tstick" was declared but never referenced
  static uint16_t tstick[4]; static uint16_t accel[3];
main.cpp(28): warning:  #177-D: variable "accel" was declared but never referenced
  static uint16_t tstick[4]; static uint16_t accel[3];
main.cpp: 3 warnings, 0 errors
linking...
Program Size: Code=4040 RO-data=2052 RW-data=132 ZI-data=6276  
".\Lab7.axf" - 0 Error(s), 3 Warning(s).
</pre>
</body>
</html>
eTM4C123\\EE-445L-Labs\\Lab7-FinalProjectHardware\\Lab7.axf" 
Connecting: Mode=JTAG, Speed=1000000Hz
Erase Done.
Programming Done.
Verify OK.
