<html>
<body>
<pre>
<h1>µVision Build Log</h1>
<h2>Project:</h2>
C:\Keil\ValvanoWareTM4C123\EE-445L-Labs\Lab7-FinalProjectHardware\Lab7.uvproj
Project File Date:  10/27/2016

<h2>Output:</h2>
Build target 'Lab7'
compiling main.c...
compiling ADC.c...
linking...
Program Size: Code=7706 RO-data=46 RW-data=100 ZI-data=6524  
".\Lab7.axf" - 0 Error(s), 0 Warning(s).
</pre>
</body>
</html>
 ZI-data=6524  
".\Lab7.axf" - 0 Error(s), 1 Warning(s).
icks
ADC.c(37): error:  #20: identifier "TSTICK1_H" is undefined
    tstick[TSTICK1_H] = ADC0_SSFIFO0_R&0xFFF;  
ADC.c(38): error:  #20: identifier "TSTICK2_V" is undefined
    tstick[TSTICK2_V] = ADC0_SSFIFO0_R&0xFFF;  
ADC.c(40): error:  #20: identifier "ACCEL_X" is undefined
    accel[ACCEL_X]    = ADC0_SSFIFO0_R&0xFFF;  // 4) read ADC conversions on accelerometers
ADC.c(41): error:  #20: identifier "ACCEL_Y" is undefined
    accel[ACCEL_Y]    = ADC0_SSFIFO0_R&0xFFF;
ADC.c(42): error:  #20: identifier "ACCEL_Z" is undefined
    accel[ACCEL_Z]    = ADC0_SSFIFO0_R&0xFFF;  
ADC.c: 1 warning, 6 errors
".\Lab7.axf" - 6 Error(s), 1 Warning(s).
Target not created
 - 2 Error(s), 2 Warning(s).
Target not created
