<html>
<body>
<pre>
<h1>µVision Build Log</h1>
<h2>Project:</h2>
C:\Keil\ValvanoWareTM4C123\EE-445L-Labs\Lab7-FinalProjectHardware\Lab7.uvproj
Project File Date:  11/04/2016

<h2>Output:</h2>
Build target 'Lab7'
compiling main.cpp...
main.cpp(115): warning:  #177-D: variable "tick" was declared but never referenced
        uint32_t tick = 0;
main.cpp: 1 warning, 0 errors
linking...
Program Size: Code=8816 RO-data=2212 RW-data=148 ZI-data=7308  
".\Lab7.axf" - 0 Error(s), 1 Warning(s).
Load "C:\\Keil\\ValvanoWareTM4C123\\EE-445L-Labs\\Lab7-FinalProjectHardware\\Lab7.axf" 
Connecting: Mode=JTAG, Speed=1000000Hz
Erase Done.
Programming Done.
Verify OK.
ain.cpp: 1 warning, 0 errors
".\Lab7.axf" - 1 Error(s), 2 Warning(s).
Target not created
Load "C:\\Keil\\ValvanoWareTM4C123\\EE-445L-Labs\\Lab7-FinalProjectHardware\\Lab7.axf" 
_____^
*** error 56: cannot open file
Error: Flash Download failed  -  Could not load file 'C:\Keil\ValvanoWareTM4C123\EE-445L-Labs\Lab7-FinalProjectHardware\Lab7.axf'
ning:  #177-D: variable "accel" was declared but never referenced
  static uint16_t tstick[4]; static uint16_t accel[3];
main.cpp: 4 warnings, 0 errors
".\Lab7.axf" - 2 Error(s), 5 Warning(s).
Target not created
\\Keil\\ValvanoWareTM4C123\\EE-445L-Labs\\Lab7-FinalProjectHardware\\Lab7.axf" 
Connecting: Mode=JTAG, Speed=1000000Hz
Connection failed!, error code=&d
Error: Flash Download failed  -  Target DLL has been cancelled
Load "C:\\Keil\\ValvanoWareTM4C123\\EE-445L-Labs\\Lab7-FinalProjectHardware\\Lab7.axf" 
Connecting: Mode=JTAG, Speed=1000000Hz
Erase Done.
Programming Done.
Verify OK.
