<html>
<body>
<pre>
<h1>µVision Build Log</h1>
<h2>Project:</h2>
C:\Keil\ValvanoWareTM4C123\EE-445L-Labs\Lab7-FinalProjectHardware\Lab7.uvproj
Project File Date:  11/04/2016

<h2>Output:</h2>
Build target 'Lab7'
compiling main.cpp...
main.cpp(109): warning:  #177-D: variable "tick" was declared but never referenced
        uint32_t tick = 0;
main.cpp(25): warning:  #177-D: variable "BAUD_RATE" was declared but never referenced
  static const int BAUD_RATE = 115200;
main.cpp(26): warning:  #177-D: variable "tstick" was declared but never referenced
  static uint16_t tstick[4]; static uint16_t accel[3];
main.cpp(26): warning:  #177-D: variable "accel" was declared but never referenced
  static uint16_t tstick[4]; static uint16_t accel[3];
main.cpp: 4 warnings, 0 errors
linking...
Program Size: Code=7996 RO-data=2260 RW-data=148 ZI-data=7300  
".\Lab7.axf" - 0 Error(s), 4 Warning(s).
Load "C:\\Keil\\ValvanoWareTM4C123\\EE-445L-Labs\\Lab7-FinalProjectHardware\\Lab7.axf" 
Connecting: Mode=JTAG, Speed=1000000Hz
Erase Done.
Programming Done.
Verify OK.
</pre>
</body>
</html>
TM4C123\\EE-445L-Labs\\Lab7-FinalProjectHardware\\Lab7.axf" 
Connecting: Mode=JTAG, Speed=1000000Hz
Erase Done.
Programming Done.
Verify OK.
