<html>
<body>
<pre>
<h1>µVision Build Log</h1>
<h2>Project:</h2>
C:\Users\T\Downloads\_PDFS\ValvanoWareTM4C123\Real-Time-Interfacing-Labs\Lab7-FinalProjectHardware\Lab7.uvproj
Project File Date:  11/01/2016

<h2>Output:</h2>
Build target 'Lab7'
compiling main.cpp...
main.cpp(26): warning:  #177-D: variable "BAUD_RATE" was declared but never referenced
  static const int BAUD_RATE = 115200;
main.cpp(27): warning:  #177-D: variable "tstick" was declared but never referenced
  static uint16_t tstick[4]; static uint16_t accel[3];
main.cpp(27): warning:  #177-D: variable "accel" was declared but never referenced
  static uint16_t tstick[4]; static uint16_t accel[3];
main.cpp: 3 warnings, 0 errors
linking...
Program Size: Code=8640 RO-data=2180 RW-data=132 ZI-data=7308  
".\Lab7.axf" - 0 Error(s), 3 Warning(s).
Load "C:\\Users\\T\\Downloads\\_PDFS\\ValvanoWareTM4C123\\Real-Time-Interfacing-Labs\\Lab7-FinalProjectHardware\\Lab7.axf" 
Connecting: Mode=JTAG, Speed=1000000Hz
Erase Done.
Programming Done.
Verify OK.
</pre>
</body>
</html>
rget DLL has been cancelled
Load "C:\\Users\\T\\Downloads\\_PDFS\\ValvanoWareTM4C123\\Real-Time-Interfacing-Labs\\Lab7-FinalProjectHardware\\Lab7.axf" 
Connecting: Mode=JTAG, Speed=1000000Hz
Erase Done.
Programming Done.
Verify OK.
ugh information to list image symbols.
Not enough information to list the image map.
Finished: 2 information, 0 warning and 6 error messages.
".\Lab7.axf" - 6 Error(s), 3 Warning(s).
Target not created
n't use Polymorphism in embedded systems)
GameRules.h(62): error:  #20: identifier "EntityType" is undefined
        Entity (Rectangle B, Vector V, Vector A, EntityType t, uint32_t d1, uint32_t d2) : 
main.cpp(26): warning:  #177-D: variable "BAUD_RATE" was declared but never referenced
  static const int BAUD_RATE = 115200;
main.cpp(27): warning:  #177-D: variable "tstick" was declared but never referenced
  static uint16_t tstick[4]; static uint16_t accel[3];
main.cpp(27): warning:  #177-D: variable "accel" was declared but never referenced
  static uint16_t tstick[4]; static uint16_t accel[3];
main.cpp: 5 warnings, 7 errors
".\Lab7.axf" - 11 Error(s), 6 Warning(s).
Target not created
