<html>
<body>
<pre>
<h1>µVision Build Log</h1>
<h2>Project:</h2>
C:\Keil\ValvanoWareTM4C123\EE-445L-Labs\Lab7-FinalProjectHardware\Lab7.uvproj
Project File Date:  10/26/2016

<h2>Output:</h2>
Build target 'Lab7'
compiling main.c...
Accel.h(6): warning:  #1-D: last line of file ends without a newline
  #endif
main.c: 1 warning, 0 errors
linking...
Program Size: Code=7510 RO-data=46 RW-data=100 ZI-data=6524  
".\Lab7.axf" - 0 Error(s), 1 Warning(s).
}
Thumbstick.c: 1 warning, 0 errors
linking...
.\Lab7.axf: Error: L6218E: Undefined symbol Accel_Init (referred from main.o).
Not enough information to list image symbols.
Finished: 1 information, 0 warning and 1 error messages.
".\Lab7.axf" - 1 Error(s), 2 Warning(s).
Target not created
