<html>
<body>
<pre>
<h1>µVision Build Log</h1>
<h2>Project:</h2>
C:\Users\T\Downloads\_PDFS\ValvanoWareTM4C123\Real-Time-Interfacing-Labs\SHIP\Lab8.uvproj
Project File Date:  04/30/2015

<h2>Output:</h2>
Build target 'Lab8'
compiling ADC.c...
ShipVariableStuff.h(105): warning:  #1-D: last line of file ends without a newline
        
ADC.c(126): warning:  #1-D: last line of file ends without a newline
  }
ADC.c: 2 warnings, 0 errors
compiling Lab8.c...
ShipVariableStuff.h(105): warning:  #1-D: last line of file ends without a newline
        
Lab8.c: 1 warning, 0 errors
compiling ST7735.c...
compiling Systick.c...
ShipVariableStuff.h(105): warning:  #1-D: last line of file ends without a newline
        
Systick.c: 1 warning, 0 errors
compiling DrawCommands.c...
ShipVariableStuff.h(105): warning:  #1-D: last line of file ends without a newline
        
DrawCommands.c: 1 warning, 0 errors
compiling Collisions.c...
ShipVariableStuff.h(105): warning:  #1-D: last line of file ends without a newline
        
Collisions.c: 1 warning, 0 errors
compiling Sound.c...
ShipVariableStuff.h(105): warning:  #1-D: last line of file ends without a newline
        
Sound.c: 1 warning, 0 errors
linking...
Program Size: Code=16464 RO-data=13916 RW-data=304 ZI-data=29864  
".\Lab8.axf" - 0 Error(s), 7 Warning(s).
